Archive member included to satisfy reference by file (symbol)

C:/Work_related/e2_fsp_download_location/toolchains/gcc_arm/13.2.rel1/bin/../lib/gcc/arm-none-eabi/13.2.1/thumb/v8-m.base/nofp\libgcc.a(_muldi3.o)
                              ./ra/fsp/src/bsp/mcu/all/bsp_delay.o (__aeabi_lmul)
C:/Work_related/e2_fsp_download_location/toolchains/gcc_arm/13.2.rel1/bin/../lib/gcc/arm-none-eabi/13.2.1/thumb/v8-m.base/nofp\libg_nano.a(libc_a-exit.o)
                              C:/Work_related/e2_fsp_download_location/toolchains/gcc_arm/13.2.rel1/bin/../lib/gcc/arm-none-eabi/13.2.1/thumb/v8-m.base/nofp/crt0.o (exit)
C:/Work_related/e2_fsp_download_location/toolchains/gcc_arm/13.2.rel1/bin/../lib/gcc/arm-none-eabi/13.2.1/thumb/v8-m.base/nofp\libg_nano.a(libc_a-findfp.o)
                              C:/Work_related/e2_fsp_download_location/toolchains/gcc_arm/13.2.rel1/bin/../lib/gcc/arm-none-eabi/13.2.1/thumb/v8-m.base/nofp\libg_nano.a(libc_a-exit.o) (__stdio_exit_handler)
C:/Work_related/e2_fsp_download_location/toolchains/gcc_arm/13.2.rel1/bin/../lib/gcc/arm-none-eabi/13.2.1/thumb/v8-m.base/nofp\libg_nano.a(libc_a-fwalk.o)
                              C:/Work_related/e2_fsp_download_location/toolchains/gcc_arm/13.2.rel1/bin/../lib/gcc/arm-none-eabi/13.2.1/thumb/v8-m.base/nofp\libg_nano.a(libc_a-findfp.o) (_fwalk_sglue)
C:/Work_related/e2_fsp_download_location/toolchains/gcc_arm/13.2.rel1/bin/../lib/gcc/arm-none-eabi/13.2.1/thumb/v8-m.base/nofp\libg_nano.a(libc_a-stdio.o)
                              C:/Work_related/e2_fsp_download_location/toolchains/gcc_arm/13.2.rel1/bin/../lib/gcc/arm-none-eabi/13.2.1/thumb/v8-m.base/nofp\libg_nano.a(libc_a-findfp.o) (__sread)
C:/Work_related/e2_fsp_download_location/toolchains/gcc_arm/13.2.rel1/bin/../lib/gcc/arm-none-eabi/13.2.1/thumb/v8-m.base/nofp\libg_nano.a(libc_a-memset.o)
                              C:/Work_related/e2_fsp_download_location/toolchains/gcc_arm/13.2.rel1/bin/../lib/gcc/arm-none-eabi/13.2.1/thumb/v8-m.base/nofp/crt0.o (memset)
C:/Work_related/e2_fsp_download_location/toolchains/gcc_arm/13.2.rel1/bin/../lib/gcc/arm-none-eabi/13.2.1/thumb/v8-m.base/nofp\libg_nano.a(libc_a-closer.o)
                              C:/Work_related/e2_fsp_download_location/toolchains/gcc_arm/13.2.rel1/bin/../lib/gcc/arm-none-eabi/13.2.1/thumb/v8-m.base/nofp\libg_nano.a(libc_a-stdio.o) (_close_r)
C:/Work_related/e2_fsp_download_location/toolchains/gcc_arm/13.2.rel1/bin/../lib/gcc/arm-none-eabi/13.2.1/thumb/v8-m.base/nofp\libg_nano.a(libc_a-reent.o)
                              C:/Work_related/e2_fsp_download_location/toolchains/gcc_arm/13.2.rel1/bin/../lib/gcc/arm-none-eabi/13.2.1/thumb/v8-m.base/nofp\libg_nano.a(libc_a-closer.o) (errno)
C:/Work_related/e2_fsp_download_location/toolchains/gcc_arm/13.2.rel1/bin/../lib/gcc/arm-none-eabi/13.2.1/thumb/v8-m.base/nofp\libg_nano.a(libc_a-impure.o)
                              C:/Work_related/e2_fsp_download_location/toolchains/gcc_arm/13.2.rel1/bin/../lib/gcc/arm-none-eabi/13.2.1/thumb/v8-m.base/nofp\libg_nano.a(libc_a-reent.o) (_impure_ptr)
C:/Work_related/e2_fsp_download_location/toolchains/gcc_arm/13.2.rel1/bin/../lib/gcc/arm-none-eabi/13.2.1/thumb/v8-m.base/nofp\libg_nano.a(libc_a-lseekr.o)
                              C:/Work_related/e2_fsp_download_location/toolchains/gcc_arm/13.2.rel1/bin/../lib/gcc/arm-none-eabi/13.2.1/thumb/v8-m.base/nofp\libg_nano.a(libc_a-stdio.o) (_lseek_r)
C:/Work_related/e2_fsp_download_location/toolchains/gcc_arm/13.2.rel1/bin/../lib/gcc/arm-none-eabi/13.2.1/thumb/v8-m.base/nofp\libg_nano.a(libc_a-readr.o)
                              C:/Work_related/e2_fsp_download_location/toolchains/gcc_arm/13.2.rel1/bin/../lib/gcc/arm-none-eabi/13.2.1/thumb/v8-m.base/nofp\libg_nano.a(libc_a-stdio.o) (_read_r)
C:/Work_related/e2_fsp_download_location/toolchains/gcc_arm/13.2.rel1/bin/../lib/gcc/arm-none-eabi/13.2.1/thumb/v8-m.base/nofp\libg_nano.a(libc_a-writer.o)
                              C:/Work_related/e2_fsp_download_location/toolchains/gcc_arm/13.2.rel1/bin/../lib/gcc/arm-none-eabi/13.2.1/thumb/v8-m.base/nofp\libg_nano.a(libc_a-stdio.o) (_write_r)
C:/Work_related/e2_fsp_download_location/toolchains/gcc_arm/13.2.rel1/bin/../lib/gcc/arm-none-eabi/13.2.1/thumb/v8-m.base/nofp\libg_nano.a(libc_a-errno.o)
                              ./ra/fsp/src/bsp/mcu/all/bsp_sbrk.o (__errno)
C:/Work_related/e2_fsp_download_location/toolchains/gcc_arm/13.2.rel1/bin/../lib/gcc/arm-none-eabi/13.2.1/thumb/v8-m.base/nofp\libg_nano.a(libc_a-init.o)
                              C:/Work_related/e2_fsp_download_location/toolchains/gcc_arm/13.2.rel1/bin/../lib/gcc/arm-none-eabi/13.2.1/thumb/v8-m.base/nofp/crt0.o (__libc_init_array)
C:/Work_related/e2_fsp_download_location/toolchains/gcc_arm/13.2.rel1/bin/../lib/gcc/arm-none-eabi/13.2.1/thumb/v8-m.base/nofp\libg_nano.a(libc_a-lock.o)
[...]
Memory Configuration

Name             Origin             Length             Attributes
ITCM             0x00000000         0x00000000         xr
DTCM             0x00000000         0x00000000         xrw
FLASH            0x00000000         0x00040000         xr
RAM              0x20000000         0x00008000         xrw
DATA_FLASH       0x40100000         0x00002000         xr
QSPI_FLASH       0x60000000         0x00000000         xr
OSPI_DEVICE_0    0x80020000         0x00000000         xr
OSPI_DEVICE_1    0x80030000         0x00000000         xr
OSPI_DEVICE_0_RAM 0x80020000         0x00000000         xrw
OSPI_DEVICE_1_RAM 0x80030000         0x00000000         xrw
SDRAM            0x80010000         0x00000000         xrw
OPTION_SETTING   0x00000000         0x00000000         r
OPTION_SETTING_OFS 0x00000000         0x00000018         r
OPTION_SETTING_SAS 0x00000034         0x00000000         r
OPTION_SETTING_S 0x80000000         0x00000000         r
ID_CODE          0x01010018         0x00000020         xr
*default*        0x00000000         0xffffffff

Linker script and memory map

LOAD C:/Work_related/e2_fsp_download_location/toolchains/gcc_arm/13.2.rel1/bin/../lib/gcc/arm-none-eabi/13.2.1/thumb/v8-m.base/nofp/crti.o
LOAD C:/Work_related/e2_fsp_download_location/toolchains/gcc_arm/13.2.rel1/bin/../lib/gcc/arm-none-eabi/13.2.1/thumb/v8-m.base/nofp/crtbegin.o
LOAD C:/Work_related/e2_fsp_download_location/toolchains/gcc_arm/13.2.rel1/bin/../lib/gcc/arm-none-eabi/13.2.1/thumb/v8-m.base/nofp/crt0.o
START GROUP
LOAD ./src/SEGGER_RTT/SEGGER_RTT.o
LOAD ./src/SEGGER_RTT/SEGGER_RTT_printf.o
LOAD ./src/LPM_Module/LPM_handler.o
LOAD ./src/hal_entry.o
LOAD ./src/lpm_entry.o
LOAD ./ra_gen/common_data.o
LOAD ./ra_gen/hal_data.o
LOAD ./ra_gen/main.o
LOAD ./ra_gen/pin_data.o
LOAD ./ra_gen/vector_data.o
LOAD ./ra/fsp/src/r_lpm/r_lpm.o
LOAD ./ra/fsp/src/r_ioport/r_ioport.o
LOAD ./ra/fsp/src/r_icu/r_icu.o
LOAD ./ra/fsp/src/bsp/mcu/all/bsp_clocks.o
LOAD ./ra/fsp/src/bsp/mcu/all/bsp_common.o
LOAD ./ra/fsp/src/bsp/mcu/all/bsp_delay.o
LOAD ./ra/fsp/src/bsp/mcu/all/bsp_group_irq.o
LOAD ./ra/fsp/src/bsp/mcu/all/bsp_guard.o
LOAD ./ra/fsp/src/bsp/mcu/all/bsp_io.o
LOAD ./ra/fsp/src/bsp/mcu/all/bsp_irq.o
LOAD ./ra/fsp/src/bsp/mcu/all/bsp_macl.o
LOAD ./ra/fsp/src/bsp/mcu/all/bsp_register_protection.o
LOAD ./ra/fsp/src/bsp/mcu/all/bsp_rom_registers.o
LOAD ./ra/fsp/src/bsp/mcu/all/bsp_sbrk.o
LOAD ./ra/fsp/src/bsp/mcu/all/bsp_security.o
LOAD ./ra/fsp/src/bsp/cmsis/Device/RENESAS/Source/startup.o
LOAD ./ra/fsp/src/bsp/cmsis/Device/RENESAS/Source/system.o
LOAD ./ra/board/ra2a1_ek/board_init.o
LOAD ./ra/board/ra2a1_ek/board_leds.o
END GROUP
START GROUP
LOAD C:/Work_related/e2_fsp_download_location/toolchains/gcc_arm/13.2.rel1/bin/../lib/gcc/arm-none-eabi/13.2.1/thumb/v8-m.base/nofp\libgcc.a
LOAD C:/Work_related/e2_fsp_download_location/toolchains/gcc_arm/13.2.rel1/bin/../lib/gcc/arm-none-eabi/13.2.1/thumb/v8-m.base/nofp\libg_nano.a
LOAD C:/Work_related/e2_fsp_download_location/toolchains/gcc_arm/13.2.rel1/bin/../lib/gcc/arm-none-eabi/13.2.1/thumb/v8-m.base/nofp\libc_nano.a
END GROUP
START GROUP
LOAD C:/Work_related/e2_fsp_download_location/toolchains/gcc_arm/13.2.rel1/bin/../lib/gcc/arm-none-eabi/13.2.1/thumb/v8-m.base/nofp\libgcc.a
LOAD C:/Work_related/e2_fsp_download_location/toolchains/gcc_arm/13.2.rel1/bin/../lib/gcc/arm-none-eabi/13.2.1/thumb/v8-m.base/nofp\libc_nano.a
END GROUP
LOAD C:/Work_related/e2_fsp_download_location/toolchains/gcc_arm/13.2.rel1/bin/../lib/gcc/arm-none-eabi/13.2.1/thumb/v8-m.base/nofp/crtend.o
LOAD C:/Work_related/e2_fsp_download_location/toolchains/gcc_arm/13.2.rel1/bin/../lib/gcc/arm-none-eabi/13.2.1/thumb/v8-m.base/nofp/crtn.o
                0x20000000                        RAM_START = 0x20000000
                0x00008000                        RAM_LENGTH = 0x8000
                0x00000000                        FLASH_START = 0x0
                0x00040000                        FLASH_LENGTH = 0x40000
                0x40100000                        DATA_FLASH_START = 0x40100000
                0x00002000                        DATA_FLASH_LENGTH = 0x2000
                0x00000000                        OPTION_SETTING_START = 0x0
                0x00000000                        OPTION_SETTING_LENGTH = 0x0
                0x80000000                        OPTION_SETTING_S_START = 0x80000000
                0x00000000                        OPTION_SETTING_S_LENGTH = 0x0
                0x01010018                        ID_CODE_START = 0x1010018
                0x00000020                        ID_CODE_LENGTH = 0x20
                0x80010000                        SDRAM_START = 0x80010000
                0x00000000                        SDRAM_LENGTH = 0x0
                0x60000000                        QSPI_FLASH_START = 0x60000000
                0x00000000                        QSPI_FLASH_LENGTH = 0x0
                0x80020000                        OSPI_DEVICE_0_START = 0x80020000
                0x00000000                        OSPI_DEVICE_0_LENGTH = 0x0
                0x80030000                        OSPI_DEVICE_1_START = 0x80030000
                0x00000000                        OSPI_DEVICE_1_LENGTH = 0x0
                0x00000000                        QSPI_FLASH_PRV_LENGTH = DEFINED (QSPI_FLASH_SIZE)?ABSOLUTE (QSPI_FLASH_SIZE):ABSOLUTE (QSPI_FLASH_LENGTH)
                0x00000000                        OSPI_DEVICE_0_PRV_LENGTH = DEFINED (OSPI_DEVICE_0_SIZE)?ABSOLUTE (OSPI_DEVICE_0_SIZE):ABSOLUTE (OSPI_DEVICE_0_LENGTH)
                0x00000000                        OSPI_DEVICE_1_PRV_LENGTH = DEFINED (OSPI_DEVICE_1_SIZE)?ABSOLUTE (OSPI_DEVICE_1_SIZE):ABSOLUTE (OSPI_DEVICE_1_LENGTH)
                0x00000000                        __RESERVE_NS_RAM = ((! (DEFINED (PROJECT_NONSECURE)) && DEFINED (RAM_NS_BUFFER_LENGTH)) && (OPTION_SETTING_S_LENGTH != 0x0))
                0x00000000                        ITCM_START = DEFINED (ITCM_START)?ITCM_START:0x0
                0x00000000                        ITCM_LENGTH = DEFINED (ITCM_LENGTH)?ITCM_LENGTH:0x0
                0x00000000                        DTCM_START = DEFINED (DTCM_START)?DTCM_START:0x0
                0x00000000                        DTCM_LENGTH = DEFINED (DTCM_LENGTH)?DTCM_LENGTH:0x0
                0x00000000                        RAM_NS_BUFFER_BLOCK_LENGTH = DEFINED (RAM_NS_BUFFER_LENGTH)?ALIGN (RAM_NS_BUFFER_LENGTH, 0x2000):0x0
                0x00000000                        RAM_NS_BUFFER_LENGTH = DEFINED (RAM_NS_BUFFER_LENGTH)?RAM_NS_BUFFER_LENGTH:0x0
                0x20008000                        RAM_NS_BUFFER_START = ((RAM_START + RAM_LENGTH) - RAM_NS_BUFFER_LENGTH)
                0x20008000                        RAM_NS_BUFFER_BLOCK_START = ((RAM_START + RAM_LENGTH) - RAM_NS_BUFFER_BLOCK_LENGTH)
                0x00000080                        OPTION_SETTING_START_NS = DEFINED (PROJECT_NONSECURE)?OPTION_SETTING_START:(OPTION_SETTING_START + 0x80)
                0x00000001                        __bl_FSP_BOOTABLE_IMAGE = 0x1
                0x00000001                        __bln_FSP_BOOTABLE_IMAGE = 0x1
                0x00000000                        PROJECT_SECURE_OR_FLAT = (((! (DEFINED (PROJECT_NONSECURE)) || DEFINED (PROJECT_SECURE)) && OPTION_SETTING_LENGTH) && ! (DEFINED (FSP_BOOTABLE_IMAGE)))
                0x00000000                        USE_OPTION_SETTING_NS = (DEFINED (PROJECT_NONSECURE) && ! (DEFINED (FSP_BOOTABLE_IMAGE)))
                0x00000000                        __bl_FLASH_IMAGE_START = ! (DEFINED (FLASH_BOOTLOADER_LENGTH))?0x0:(FLASH_APPLICATION_IMAGE_NUMBER == 0x1)?((FLASH_START + FLASH_BOOTLOADER_LENGTH) + FLASH_BOOTLOADER_HEADER_LENGTH):((((FLASH_START + FLASH_BOOTLOADER_LENGTH) + FLASH_BOOTLOADER_SCRATCH_LENGTH) + FLASH_APPLICATION_S_LENGTH) + FLASH_BOOTLOADER_HEADER_LENGTH)
                0x00000000                        __bl_FLASH_IMAGE_LENGTH = ! (DEFINED (FLASH_BOOTLOADER_LENGTH))?0x0:(FLASH_APPLICATION_S_LENGTH - FLASH_BOOTLOADER_HEADER_LENGTH)
                0x00000000                        __bl_FLASH_IMAGE_END = (__bl_FLASH_IMAGE_START + __bl_FLASH_IMAGE_LENGTH)
                0x00000000                        __bl_XIP_SECONDARY_FLASH_IMAGE_START = ! (DEFINED (FLASH_BOOTLOADER_LENGTH))?0x0:((FLASH_BOOTLOADER_LENGTH + FLASH_APPLICATION_S_LENGTH) + FLASH_BOOTLOADER_HEADER_LENGTH)
                0x00000000                        __bl_XIP_SECONDARY_FLASH_IMAGE_END = (__bl_XIP_SECONDARY_FLASH_IMAGE_START + __bl_FLASH_IMAGE_LENGTH)
                0x00000000                        __bl_FLASH_NS_START = ! (DEFINED (FLASH_BOOTLOADER_LENGTH))?0x0:(FLASH_APPLICATION_NS_LENGTH == 0x0)?__bl_FLASH_IMAGE_END:((__bl_FLASH_IMAGE_START - FLASH_BOOTLOADER_HEADER_LENGTH) + FLASH_APPLICATION_S_LENGTH)
                0x00000000                        __bl_FLASH_NSC_START = ! (DEFINED (FLASH_BOOTLOADER_LENGTH))?0x0:(FLASH_APPLICATION_NS_LENGTH == 0x0)?__bl_FLASH_IMAGE_END:(__bl_FLASH_IMAGE_END - FLASH_APPLICATION_NSC_LENGTH)
                0x00000000                        __bl_RAM_NS_START = ! (DEFINED (FLASH_BOOTLOADER_LENGTH))?0x0:(FLASH_APPLICATION_NS_LENGTH == 0x0)?(RAM_START + RAM_LENGTH):((RAM_START + RAM_LENGTH) - RAM_APPLICATION_NS_LENGTH)
                0x00000000                        __bl_RAM_NSC_START = ! (DEFINED (FLASH_BOOTLOADER_LENGTH))?0x0:(FLASH_APPLICATION_NS_LENGTH == 0x0)?(RAM_START + RAM_LENGTH):(__bl_RAM_NS_START - RAM_APPLICATION_NSC_LENGTH)
                0x00000000                        __bl_FLASH_NS_IMAGE_START = ! (DEFINED (FLASH_BOOTLOADER_LENGTH))?0x0:(FLASH_APPLICATION_NS_LENGTH == 0x0)?__bl_FLASH_IMAGE_END:(__bl_FLASH_NS_START + FLASH_BOOTLOADER_HEADER_LENGTH_2)
                0x00000000                        __bln_FLASH_IMAGE_START = (__bl_FLASH_NS_IMAGE_START | ! (DEFINED (NS_OFFSET_START))?0x0:NS_OFFSET_START)
                0x00000000                        __bln_FLASH_IMAGE_LENGTH = ! (DEFINED (FLASH_BOOTLOADER_LENGTH))?0x0:(FLASH_APPLICATION_NS_LENGTH == 0x0)?__bl_FLASH_IMAGE_END:(FLASH_APPLICATION_NS_LENGTH - FLASH_BOOTLOADER_HEADER_LENGTH_2)
                0x00000000                        XIP_SECONDARY_SLOT_IMAGE = DEFINED (XIP_SECONDARY_SLOT_IMAGE)?XIP_SECONDARY_SLOT_IMAGE:0x0
                0x00000000                        FLASH_ORIGIN = ! (DEFINED (FLASH_IMAGE_START))?FLASH_START:(XIP_SECONDARY_SLOT_IMAGE == 0x1)?XIP_SECONDARY_FLASH_IMAGE_START:FLASH_IMAGE_START
                0x00040000                        LIMITED_FLASH_LENGTH = DEFINED (FLASH_IMAGE_LENGTH)?FLASH_IMAGE_LENGTH:DEFINED (FLASH_BOOTLOADER_LENGTH)?FLASH_BOOTLOADER_LENGTH:FLASH_LENGTH
                0x00000034                        OPTION_SETTING_SAS_SIZE = 0x34
                0x00000000                        OPTION_SETTING_SAS_LENGTH = ! (DEFINED (OPTION_SETTING_LENGTH))?0x0:(OPTION_SETTING_LENGTH == 0x0)?0x0:(OPTION_SETTING_LENGTH - OPTION_SETTING_SAS_SIZE)
START GROUP
LOAD C:/Work_related/e2_fsp_download_location/toolchains/gcc_arm/13.2.rel1/bin/../lib/gcc/arm-none-eabi/13.2.1/thumb/v8-m.base/nofp\libgcc.a
LOAD C:/Work_related/e2_fsp_download_location/toolchains/gcc_arm/13.2.rel1/bin/../lib/gcc/arm-none-eabi/13.2.1/thumb/v8-m.base/nofp\libc.a
LOAD C:/Work_related/e2_fsp_download_location/toolchains/gcc_arm/13.2.rel1/bin/../lib/gcc/arm-none-eabi/13.2.1/thumb/v8-m.base/nofp\libm.a
END GROUP

.text           0x00000000     0x19a8
                0x00000000                        __tz_FLASH_S = ABSOLUTE (FLASH_START)
                0x00000000                        __ROM_Start = .
 *(.fixed_vectors*)
 .fixed_vectors
                0x00000000       0x40 ./ra/fsp/src/bsp/cmsis/Device/RENESAS/Source/startup.o
                0x00000000                __Vectors
 *(.application_vectors*)
 .application_vectors
                0x00000040       0x80 ./ra_gen/vector_data.o
                0x00000040                g_vector_table
                0x000000c0                        __Vectors_End = .
 *(.flash_gap*)
                0x00000400                        . = (OPTION_SETTING_LENGTH > 0x0)?.:(__ROM_Start + 0x400)
 *fill*         0x000000c0      0x340 ff
 *(.rom_registers*)
 .rom_registers
                0x00000400       0x3c ./ra/fsp/src/bsp/mcu/all/bsp_rom_registers.o
 *(.mcuboot_sce9_key*)
 *(.text*)
 .text.deregister_tm_clones
                0x0000043c       0x24 C:/Work_related/e2_fsp_download_location/toolchains/gcc_arm/13.2.rel1/bin/../lib/gcc/arm-none-eabi/13.2.1/thumb/v8-m.base/nofp/crtbegin.o
 .text.register_tm_clones
                0x00000460       0x2c C:/Work_related/e2_fsp_download_location/toolchains/gcc_arm/13.2.rel1/bin/../lib/gcc/arm-none-eabi/13.2.1/thumb/v8-m.base/nofp/crtbegin.o
 .text.__do_global_dtors_aux
                0x0000048c       0x30 C:/Work_related/e2_fsp_download_location/toolchains/gcc_arm/13.2.rel1/bin/../lib/gcc/arm-none-eabi/13.2.1/thumb/v8-m.base/nofp/crtbegin.o
 .text.frame_dummy
                0x000004bc       0x28 C:/Work_related/e2_fsp_download_location/toolchains/gcc_arm/13.2.rel1/bin/../lib/gcc/arm-none-eabi/13.2.1/thumb/v8-m.base/nofp/crtbegin.o
 .text._WriteNoCheck
                0x000004e4       0x4c ./src/SEGGER_RTT/SEGGER_RTT.o
 .text._WriteBlocking
                0x00000530       0x6c ./src/SEGGER_RTT/SEGGER_RTT.o
 .text._DoInit  0x0000059c       0x70 ./src/SEGGER_RTT/SEGGER_RTT.o
 .text.SEGGER_RTT_WriteNoLock
                0x0000060c       0x88 ./src/SEGGER_RTT/SEGGER_RTT.o
                0x0000060c                SEGGER_RTT_WriteNoLock
 .text.SEGGER_RTT_Write
                0x00000694       0x34 ./src/SEGGER_RTT/SEGGER_RTT.o
                0x00000694                SEGGER_RTT_Write
 .text.SEGGER_RTT_Init
                0x000006c8        0x8 ./src/SEGGER_RTT/SEGGER_RTT.o
                0x000006c8                SEGGER_RTT_Init
 .text._StoreChar
                0x000006d0       0x40 ./src/SEGGER_RTT/SEGGER_RTT_printf.o
 .text._PrintUnsigned
                0x00000710      0x108 ./src/SEGGER_RTT/SEGGER_RTT_printf.o
 .text.SEGGER_RTT_vprintf
                0x00000818      0x340 ./src/SEGGER_RTT/SEGGER_RTT_printf.o
                0x00000818                SEGGER_RTT_vprintf
 .text.SEGGER_RTT_printf
                0x00000b58       0x1c ./src/SEGGER_RTT/SEGGER_RTT_printf.o
                0x00000b58                SEGGER_RTT_printf
 .text.LPM_Open
                0x00000b74       0x20 ./src/LPM_Module/LPM_handler.o
                0x00000b74                LPM_Open
 .text.LPM_Reconfigure
                0x00000b94       0x20 ./src/LPM_Module/LPM_handler.o
                0x00000b94                LPM_Reconfigure
 .text.LPM_Enter
                0x00000bb4       0x20 ./src/LPM_Module/LPM_handler.o
                0x00000bb4                LPM_Enter
 .text.LPM_Close
                0x00000bd4       0x20 ./src/LPM_Module/LPM_handler.o
                0x00000bd4                LPM_Close
 .text.hal_entry
                0x00000bf4        0x8 ./src/hal_entry.o
                0x00000bf4                hal_entry
 .text.R_BSP_WarmStart
                0x00000bfc       0x30 ./src/hal_entry.o
                0x00000bfc                R_BSP_WarmStart
 .text.lpm_operation
                0x00000c2c       0x44 ./src/lpm_entry.o
                0x00000c2c                lpm_operation
 .text.lpm_entry
                0x00000c70       0x54 ./src/lpm_entry.o
                0x00000c70                lpm_entry
 .text.external_irq0_callback
                0x00000cc4       0x30 ./src/lpm_entry.o
                0x00000cc4                external_irq0_callback
 .text.startup.main
                0x00000cf4        0xc ./ra_gen/main.o
                0x00000cf4                main
 .text.R_LPM_IoKeepClear
                0x00000d00        0x4 ./ra/fsp/src/r_lpm/r_lpm.o
                0x00000d00                R_LPM_IoKeepClear
 .text.R_LPM_Close
                0x00000d04        0x8 ./ra/fsp/src/r_lpm/r_lpm.o
                0x00000d04                R_LPM_Close
 .text.r_lpm_configure
                0x00000d0c       0xa0 ./ra/fsp/src/r_lpm/r_lpm.o
 .text.R_LPM_Open
                0x00000dac       0x1c ./ra/fsp/src/r_lpm/r_lpm.o
                0x00000dac                R_LPM_Open
 .text.R_LPM_LowPowerReconfigure
                0x00000dc8        0xc ./ra/fsp/src/r_lpm/r_lpm.o
                0x00000dc8                R_LPM_LowPowerReconfigure
 .text.R_LPM_LowPowerModeEnter
                0x00000dd4       0xb0 ./ra/fsp/src/r_lpm/r_lpm.o
                0x00000dd4                R_LPM_LowPowerModeEnter
 .text.r_ioport_pins_config
                0x00000e84       0xdc ./ra/fsp/src/r_ioport/r_ioport.o
 .text.R_IOPORT_Open
                0x00000f60       0x18 ./ra/fsp/src/r_ioport/r_ioport.o
                0x00000f60                R_IOPORT_Open
 .text.R_ICU_ExternalIrqCallbackSet
                0x00000f78        0x8 ./ra/fsp/src/r_icu/r_icu.o
                0x00000f78                R_ICU_ExternalIrqCallbackSet
 .text.R_ICU_ExternalIrqOpen
                0x00000f80       0x78 ./ra/fsp/src/r_icu/r_icu.o
                0x00000f80                R_ICU_ExternalIrqOpen
 .text.R_ICU_ExternalIrqEnable
                0x00000ff8       0x10 ./ra/fsp/src/r_icu/r_icu.o
                0x00000ff8                R_ICU_ExternalIrqEnable
 .text.R_ICU_ExternalIrqDisable
                0x00001008       0x10 ./ra/fsp/src/r_icu/r_icu.o
                0x00001008                R_ICU_ExternalIrqDisable
 .text.R_ICU_ExternalIrqClose
                0x00001018       0x2c ./ra/fsp/src/r_icu/r_icu.o
                0x00001018                R_ICU_ExternalIrqClose
 .text.r_icu_isr
                0x00001044       0x60 ./ra/fsp/src/r_icu/r_icu.o
                0x00001044                r_icu_isr
 .text.SystemCoreClockUpdate
                0x000010a4       0x2c ./ra/fsp/src/bsp/mcu/all/bsp_clocks.o
                0x000010a4                SystemCoreClockUpdate
 .text.R_BSP_SubClockStabilizeWaitAfterReset
                0x000010d0        0x4 ./ra/fsp/src/bsp/mcu/all/bsp_clocks.o
                0x000010d0                R_BSP_SubClockStabilizeWaitAfterReset
 .text.bsp_clock_init
                0x000010d4      0x184 ./ra/fsp/src/bsp/mcu/all/bsp_clocks.o
                0x000010d4                bsp_clock_init
 .text.R_BSP_Init_RTC
                0x00001258       0x58 ./ra/fsp/src/bsp/mcu/all/bsp_clocks.o
                0x00001258                R_BSP_Init_RTC
 .text.bsp_prv_software_delay_loop
                0x000012b0        0x8 ./ra/fsp/src/bsp/mcu/all/bsp_delay.o
                0x000012b0                bsp_prv_software_delay_loop
 .text.R_BSP_SoftwareDelay
                0x000012b8       0x5c ./ra/fsp/src/bsp/mcu/all/bsp_delay.o
                0x000012b8                R_BSP_SoftwareDelay
 .text.NMI_Handler
                0x00001314       0x4c ./ra/fsp/src/bsp/mcu/all/bsp_group_irq.o
                0x00001314                NMI_Handler
 .text.R_BSP_IrqStatusClear
                0x00001360       0x1c ./ra/fsp/src/bsp/mcu/all/bsp_irq.o
                0x00001360                R_BSP_IrqStatusClear
 .text.R_BSP_IrqCfg
                0x0000137c       0x4c ./ra/fsp/src/bsp/mcu/all/bsp_irq.o
                0x0000137c                R_BSP_IrqCfg
 .text.R_BSP_IrqEnable
                0x000013c8       0x44 ./ra/fsp/src/bsp/mcu/all/bsp_irq.o
                0x000013c8                R_BSP_IrqEnable
 .text.R_BSP_IrqDisable
                0x0000140c       0x24 ./ra/fsp/src/bsp/mcu/all/bsp_irq.o
                0x0000140c                R_BSP_IrqDisable
 .text.bsp_irq_cfg
                0x00001430       0x28 ./ra/fsp/src/bsp/mcu/all/bsp_irq.o
                0x00001430                bsp_irq_cfg
 .text.R_BSP_RegisterProtectEnable
                0x00001458       0x54 ./ra/fsp/src/bsp/mcu/all/bsp_register_protection.o
                0x00001458                R_BSP_RegisterProtectEnable
 .text.R_BSP_RegisterProtectDisable
                0x000014ac       0x4c ./ra/fsp/src/bsp/mcu/all/bsp_register_protection.o
                0x000014ac                R_BSP_RegisterProtectDisable
 .text.Default_Handler
                0x000014f8        0x4 ./ra/fsp/src/bsp/cmsis/Device/RENESAS/Source/startup.o
                0x000014f8                DebugMon_Handler
                0x000014f8                HardFault_Handler
                0x000014f8                SysTick_Handler
                0x000014f8                PendSV_Handler
                0x000014f8                UsageFault_Handler
                0x000014f8                SecureFault_Handler
                0x000014f8                Default_Handler
                0x000014f8                MemManage_Handler
                0x000014f8                SVC_Handler
                0x000014f8                BusFault_Handler
 .text.Reset_Handler
                0x000014fc        0xc ./ra/fsp/src/bsp/cmsis/Device/RENESAS/Source/startup.o
                0x000014fc                Reset_Handler
 .text.SystemInit
                0x00001508      0x144 ./ra/fsp/src/bsp/cmsis/Device/RENESAS/Source/system.o
                0x00001508                SystemInit
 .text.bsp_init
                0x0000164c        0x4 ./ra/board/ra2a1_ek/board_init.o
                0x0000164c                bsp_init
 .text.__muldi3
                0x00001650       0x5c C:/Work_related/e2_fsp_download_location/toolchains/gcc_arm/13.2.rel1/bin/../lib/gcc/arm-none-eabi/13.2.1/thumb/v8-m.base/nofp\libgcc.a(_muldi3.o)
                0x00001650                __muldi3
                0x00001650                __aeabi_lmul
 .text.memset   0x000016ac       0x10 C:/Work_related/e2_fsp_download_location/toolchains/gcc_arm/13.2.rel1/bin/../lib/gcc/arm-none-eabi/13.2.1/thumb/v8-m.base/nofp\libg_nano.a(libc_a-memset.o)
                0x000016ac                memset
 .text.memcpy   0x000016bc       0x12 C:/Work_related/e2_fsp_download_location/toolchains/gcc_arm/13.2.rel1/bin/../lib/gcc/arm-none-eabi/13.2.1/thumb/v8-m.base/nofp\libg_nano.a(libc_a-memcpy-stub.o)
                0x000016bc                memcpy
 *(.version)
 *fill*         0x000016ce        0x2 ff
 .version       0x000016d0       0x50 ./ra/fsp/src/bsp/mcu/all/bsp_common.o
 *(.init)
 .init          0x00001720        0x4 C:/Work_related/e2_fsp_download_location/toolchains/gcc_arm/13.2.rel1/bin/../lib/gcc/arm-none-eabi/13.2.1/thumb/v8-m.base/nofp/crti.o
                0x00001720                _init
 .init          0x00001724        0x8 C:/Work_related/e2_fsp_download_location/toolchains/gcc_arm/13.2.rel1/bin/../lib/gcc/arm-none-eabi/13.2.1/thumb/v8-m.base/nofp/crtn.o
 *(.fini)
 .fini          0x0000172c        0x4 C:/Work_related/e2_fsp_download_location/toolchains/gcc_arm/13.2.rel1/bin/../lib/gcc/arm-none-eabi/13.2.1/thumb/v8-m.base/nofp/crti.o
                0x0000172c                _fini
 .fini          0x00001730        0x8 C:/Work_related/e2_fsp_download_location/toolchains/gcc_arm/13.2.rel1/bin/../lib/gcc/arm-none-eabi/13.2.1/thumb/v8-m.base/nofp/crtn.o
 *crtbegin.o(.ctors)
 *crtbegin?.o(.ctors)
 *(EXCLUDE_FILE(*crtend.o *crtend?.o) .ctors)
 *(SORT_BY_NAME(.ctors.*))
 *(.ctors)
 *crtbegin.o(.dtors)
 *crtbegin?.o(.dtors)
 *(EXCLUDE_FILE(*crtend.o *crtend?.o) .dtors)
 *(SORT_BY_NAME(.dtors.*))
 *(.dtors)
 *(.rodata*)
 .rodata._DoInit.str1.4
                0x00001738       0x63 ./src/SEGGER_RTT/SEGGER_RTT.o
                                  0x9 (size before relaxing)
 *fill*         0x0000179b        0x1 ff
 .rodata._aInitStr.0
                0x0000179c       0x11 ./src/SEGGER_RTT/SEGGER_RTT.o
 .rodata.SEGGER_RTT_vprintf.str1.4
                0x000017ad        0x7 ./src/SEGGER_RTT/SEGGER_RTT_printf.o
 *fill*         0x000017ad        0x3 ff
 .rodata.SEGGER_RTT_vprintf
                0x000017b0       0x84 ./src/SEGGER_RTT/SEGGER_RTT_printf.o
 .rodata._aV2C.0
                0x00001834       0x10 ./src/SEGGER_RTT/SEGGER_RTT_printf.o
 .rodata.LPM_Open.str1.4
                0x00001844       0x11 ./src/LPM_Module/LPM_handler.o
 .rodata.LPM_Reconfigure.str1.4
                0x00001844       0x13 ./src/LPM_Module/LPM_handler.o
 .rodata.LPM_Close.str1.4
                0x00001844       0x12 ./src/LPM_Module/LPM_handler.o
 .rodata.lpm_entry.str1.4
                0x00001844       0x13 ./src/lpm_entry.o
 .rodata.g_external_irq0
                0x00001844        0xc ./ra_gen/common_data.o
                0x00001844                g_external_irq0
 .rodata.g_external_irq0_cfg
                0x00001850       0x14 ./ra_gen/common_data.o
                0x00001850                g_external_irq0_cfg
 .rodata.g_lpm_sleep
                0x00001864        0xc ./ra_gen/hal_data.o
                0x00001864                g_lpm_sleep
 .rodata.g_lpm_sleep_cfg
                0x00001870       0x20 ./ra_gen/hal_data.o
                0x00001870                g_lpm_sleep_cfg
 .rodata.g_lpm_sw_standby
                0x00001890        0xc ./ra_gen/hal_data.o
                0x00001890                g_lpm_sw_standby
 *fill*         0x0000189c        0x4 ff
 .rodata.g_lpm_sw_standby_cfg
                0x000018a0       0x20 ./ra_gen/hal_data.o
                0x000018a0                g_lpm_sw_standby_cfg
 .rodata.g_bsp_pin_cfg
                0x000018c0        0xc ./ra_gen/pin_data.o
                0x000018c0                g_bsp_pin_cfg
 .rodata.g_bsp_pin_cfg_data
                0x000018cc       0x88 ./ra_gen/pin_data.o
                0x000018cc                g_bsp_pin_cfg_data
 .rodata.g_interrupt_event_link_select
                0x00001954       0x20 ./ra_gen/vector_data.o
                0x00001954                g_interrupt_event_link_select
 .rodata.g_lpm_on_lpm
                0x00001974       0x14 ./ra/fsp/src/r_lpm/r_lpm.o
                0x00001974                g_lpm_on_lpm
 .rodata.g_external_irq_on_icu
                0x00001988       0x14 ./ra/fsp/src/r_icu/r_icu.o
                0x00001988                g_external_irq_on_icu
 .rodata.g_prcr_masks
                0x0000199c        0x8 ./ra/fsp/src/bsp/mcu/all/bsp_register_protection.o
                0x000019a4                        __usb_dev_descriptor_start_fs = .
 *(.usb_device_desc_fs*)
                0x000019a4                        __usb_cfg_descriptor_start_fs = .
 *(.usb_config_desc_fs*)
                0x000019a4                        __usb_interface_descriptor_start_fs = .
 *(.usb_interface_desc_fs*)
                0x000019a4                        __usb_descriptor_end_fs = .
                0x000019a4                        __usb_dev_descriptor_start_hs = .
 *(.usb_device_desc_hs*)
                0x000019a4                        __usb_cfg_descriptor_start_hs = .
 *(.usb_config_desc_hs*)
                0x000019a4                        __usb_interface_descriptor_start_hs = .
 *(.usb_interface_desc_hs*)
                0x000019a4                        __usb_descriptor_end_hs = .
 *(.eh_frame*)
 .eh_frame      0x000019a4        0x0 C:/Work_related/e2_fsp_download_location/toolchains/gcc_arm/13.2.rel1/bin/../lib/gcc/arm-none-eabi/13.2.1/thumb/v8-m.base/nofp/crtbegin.o
 .eh_frame      0x000019a4        0x4 C:/Work_related/e2_fsp_download_location/toolchains/gcc_arm/13.2.rel1/bin/../lib/gcc/arm-none-eabi/13.2.1/thumb/v8-m.base/nofp/crtend.o
                0x000019a8                        __ROM_End = .
                0x000000c0                        __Vectors_Size = (__Vectors_End - __Vectors)

.glue_7         0x000019a8        0x0
 .glue_7        0x000019a8        0x0 linker stubs

.glue_7t        0x000019a8        0x0
 .glue_7t       0x000019a8        0x0 linker stubs

.vfp11_veneer   0x000019a8        0x0
 .vfp11_veneer  0x000019a8        0x0 linker stubs

.v4_bx          0x000019a8        0x0
 .v4_bx         0x000019a8        0x0 linker stubs

.iplt           0x000019a8        0x0
 .iplt          0x000019a8        0x0 C:/Work_related/e2_fsp_download_location/toolchains/gcc_arm/13.2.rel1/bin/../lib/gcc/arm-none-eabi/13.2.1/thumb/v8-m.base/nofp/crtbegin.o
                0x000019a8                        . = .
                0x000019a8                        __itcm_data_pre_location = .

.itcm_data      0x00000000        0x0 load address 0x000019b0
                0x00000000                        __tz_ITCM_S = ABSOLUTE (ITCM_START)
                0x00000000                        __itcm_data_start = .
 *(.itcm_data*)
                0x00000000                        . = ALIGN (0x8)
                0x00000000                        __itcm_data_end = .
                0x00000000                        __tz_ITCM_N = DEFINED (ITCM_NS_START)?ABSOLUTE (ITCM_NS_START):ALIGN (__itcm_data_end, 0x2000)
                0x000019b0                        __itcm_data_init_start = LOADADDR (.itcm_data)
                0x000019b0                        __itcm_data_init_end = (LOADADDR (.itcm_data) + SIZEOF (.itcm_data))
                0x00000001                        ASSERT (((ORIGIN (ITCM) % 0x8) == 0x0), ITCM memory region origin must be aligned to 8 bytes.)
                0x00000001                        ASSERT (((LENGTH (ITCM) % 0x8) == 0x0), ITCM memory region length must be a multiple of 8 bytes.)
                0x00000001                        ASSERT (((LOADADDR (.itcm_data) % 0x10) == 0x0), .itcm_data section must be aligned to 16 bytes.)
                0x00000001                        ASSERT (((SIZEOF (.itcm_data) % 0x8) == 0x0), .itcm_data section size must be a multiple of 8 bytes.)
                0x000019a8                        . = (SIZEOF (.itcm_data) > 0x0)?__itcm_data_init_end:__itcm_data_pre_location
                0x000019a8                        __exidx_start = .

/DISCARD/
 *(.ARM.extab* .gnu.linkonce.armextab.*)
 *(.ARM.exidx* .gnu.linkonce.armexidx.*)
                0x000019a8                        __exidx_end = .
                0x000019a8                        __etext = .
                0x20000000                        __tz_RAM_S = ORIGIN (RAM)

.fsp_dtc_vector_table
                0x20000000        0x0
                0x20000000                        . = ORIGIN (RAM)
 *(.fsp_dtc_vector_table)

.data           0x20000000       0x10 load address 0x000019a8
                0x20000000                        __data_start__ = .
                0x20000000                        . = ALIGN (0x4)
                0x20000000                        __Code_In_RAM_Start = .
 *(.code_in_ram*)
                0x20000000                        __Code_In_RAM_End = .
 *(vtable)
 *(.data.*)
 .data.g_lpm_instance_t
                0x20000000        0x8 ./src/LPM_Module/LPM_handler.o
                0x20000000                g_lpm_instance_t
 *(.data)
                0x20000008                        . = ALIGN (0x4)
                0x20000008                        PROVIDE (__preinit_array_start = .)
 *(.preinit_array)
                0x20000008                        PROVIDE (__preinit_array_end = .)
                0x20000008                        . = ALIGN (0x4)
                0x20000008                        PROVIDE (__init_array_start = .)
 *(SORT_BY_NAME(.init_array.*))
 *(.init_array)
 .init_array    0x20000008        0x4 C:/Work_related/e2_fsp_download_location/toolchains/gcc_arm/13.2.rel1/bin/../lib/gcc/arm-none-eabi/13.2.1/thumb/v8-m.base/nofp/crtbegin.o
                0x2000000c                        PROVIDE (__init_array_end = .)
                0x2000000c                        . = ALIGN (0x4)
                [!provide]                        PROVIDE (__fini_array_start = .)
 *(SORT_BY_NAME(.fini_array.*))
 *(.fini_array)
 .fini_array    0x2000000c        0x4 C:/Work_related/e2_fsp_download_location/toolchains/gcc_arm/13.2.rel1/bin/../lib/gcc/arm-none-eabi/13.2.1/thumb/v8-m.base/nofp/crtbegin.o
                [!provide]                        PROVIDE (__fini_array_end = .)
 *(.jcr*)
                0x20000010                        . = ALIGN (0x4)
                0x20000010                        __data_end__ = .

.tm_clone_table
                0x20000010        0x0 load address 0x000019b8
 .tm_clone_table
                0x20000010        0x0 C:/Work_related/e2_fsp_download_location/toolchains/gcc_arm/13.2.rel1/bin/../lib/gcc/arm-none-eabi/13.2.1/thumb/v8-m.base/nofp/crtbegin.o
 .tm_clone_table
                0x20000010        0x0 C:/Work_related/e2_fsp_download_location/toolchains/gcc_arm/13.2.rel1/bin/../lib/gcc/arm-none-eabi/13.2.1/thumb/v8-m.base/nofp/crtend.o

.igot.plt       0x20000010        0x0 load address 0x000019b8
 .igot.plt      0x20000010        0x0 C:/Work_related/e2_fsp_download_location/toolchains/gcc_arm/13.2.rel1/bin/../lib/gcc/arm-none-eabi/13.2.1/thumb/v8-m.base/nofp/crtbegin.o
                0x20000010                        . = .
                0x000019b8                        __dtcm_data_pre_location = (LOADADDR (.data) + SIZEOF (.data))

.dtcm_data      0x00000000        0x0 load address 0x000019c0
                0x00000000                        __tz_DTCM_S = ABSOLUTE (DTCM_START)
                0x00000000                        __dtcm_data_start = .
 *(.dtcm_data*)
                0x00000000                        . = ALIGN (0x8)
                0x00000000                        __dtcm_data_end = .
                0x00000000                        . = __dtcm_data_end

.dtcm_bss       0x00000000        0x0
                0x00000000                        __dtcm_bss_start = .
 *(.dtcm_bss*)
                0x00000000                        . = ALIGN (0x8)
                0x00000000                        __dtcm_bss_end = .
                0x00000000                        __tz_DTCM_N = DEFINED (DTCM_NS_START)?ABSOLUTE (DTCM_NS_START):ALIGN (__dtcm_bss_end, 0x2000)
                0x000019c0                        __dtcm_data_init_start = LOADADDR (.dtcm_data)
                0x000019c0                        __dtcm_data_init_end = (LOADADDR (.dtcm_data) + SIZEOF (.dtcm_data))
                0x00000001                        ASSERT (((ORIGIN (DTCM) % 0x8) == 0x0), DTCM memory region origin must be aligned to 8 bytes.)
                0x00000001                        ASSERT (((LENGTH (DTCM) % 0x8) == 0x0), DTCM memory region length must be a multiple of 8 bytes.)
                0x00000001                        ASSERT ((LOADADDR (.dtcm_bss) == ADDR (.dtcm_bss)), .dtcm_bss has (VMA != LMA) but should be NOLOAD (VMA == LMA).)
                0x00000001                        ASSERT (((LOADADDR (.dtcm_data) % 0x10) == 0x0), .dtcm_data section must be aligned to 16 bytes.)
                0x00000001                        ASSERT (((SIZEOF (.dtcm_data) % 0x8) == 0x0), .dtcm_data section size must be a multiple of 8 bytes.)
                0x00000001                        ASSERT (((LOADADDR (.dtcm_bss) % 0x8) == 0x0), .dtcm_bss section must be aligned to 8 bytes.)
                0x00000001                        ASSERT (((SIZEOF (.dtcm_bss) % 0x8) == 0x0), .dtcm_bss section size must be a multiple of 8 bytes.)
                0x00000001                        ASSERT ((__dtcm_bss_start == __dtcm_data_end), .dtcm_bss section is not adjacent to .dtcm_data section.)
                0x000019b8                        . = (SIZEOF (.dtcm_data) > 0x0)?__dtcm_data_init_end:__dtcm_data_pre_location
                0x000019b8                        sgstubs_pre_location = .
                0x00001c00                        SGSTUBS_LOC = (DEFINED (PROJECT_SECURE) && DEFINED (FLASH_NSC_START))?ABSOLUTE (FLASH_NSC_START):ALIGN (0x400)

.gnu.sgstubs    0x00001c00        0x0
                0x00001c00                        __tz_FLASH_C = DEFINED (FLASH_NSC_START)?ABSOLUTE (FLASH_NSC_START):__RESERVE_NS_RAM?ABSOLUTE ((FLASH_START + FLASH_LENGTH)):ALIGN (0x400)
                0x00001c00                        _start_sg = .
 *(.gnu.sgstubs*)
                0x00001c00                        . = ALIGN (0x20)
                0x00001c00                        _end_sg = .
                0x00008000                        __tz_FLASH_N = DEFINED (FLASH_NS_START)?ABSOLUTE (FLASH_NS_START):__RESERVE_NS_RAM?ABSOLUTE ((FLASH_START + FLASH_LENGTH)):(FLASH_LENGTH < 0x8000)?FLASH_LENGTH:ALIGN (0x8000)
                0x00008000                        FLASH_NS_IMAGE_START = DEFINED (FLASH_NS_IMAGE_START)?FLASH_NS_IMAGE_START:__tz_FLASH_N
                0x60000000                        __tz_QSPI_FLASH_S = ORIGIN (QSPI_FLASH)

.qspi_flash     0x60000000        0x0
                0x60000000                        __qspi_flash_start__ = .
 *(.qspi_flash*)
 *(.code_in_qspi*)
                0x60000000                        __qspi_flash_end__ = .
                0x00000000                        __qspi_flash_code_size__ = (__qspi_flash_end__ - __qspi_flash_start__)
                0x000019b8                        __qspi_flash_code_addr__ = sgstubs_pre_location

.qspi_non_retentive
                0x60000000        0x0 load address 0x000019b8
                0x60000000                        __qspi_non_retentive_start__ = .
 *(.qspi_non_retentive*)
                0x60000000                        __qspi_non_retentive_end__ = .
                0x00000000                        __qspi_non_retentive_size__ = (__qspi_non_retentive_end__ - __qspi_non_retentive_start__)
                0x04000000                        __qspi_region_max_size__ = 0x4000000
                0x60000000                        __qspi_region_start_address__ = __qspi_flash_start__
                0x64000000                        __qspi_region_end_address__ = (__qspi_flash_start__ + __qspi_region_max_size__)
                0x60000000                        __tz_QSPI_FLASH_N = __qspi_non_retentive_end__

.OSPI_DEVICE_0_NO_LOAD
                0x80020000        0x0
                0x80020000                        . = ALIGN (0x4)
                0x80020000                        __ospi_device_0_start__ = .
 *(.ospi_device_0_no_load*)
                0x80020000                        . = ALIGN (0x4)
                0x80020000                        __ospi_device_0_end__ = .

.OSPI_DEVICE_1_NO_LOAD
                0x80030000        0x0
                0x80030000                        . = ALIGN (0x4)
                0x80030000                        __ospi_device_1_start__ = .
 *(.ospi_device_1_no_load*)
                0x80030000                        . = ALIGN (0x4)
                0x80030000                        __ospi_device_1_end__ = .
                0x80020000                        __tz_OSPI_DEVICE_0_S = ORIGIN (OSPI_DEVICE_0)

.OSPI_DEVICE_0  0x80020000        0x0
                0x80020000                        __ospi_device_0_start__ = .
 *(.ospi_device_0*)
 *(.code_in_ospi_device_0*)
                0x80020000                        __ospi_device_0_end__ = .
                0x00000000                        __ospi_device_0_code_size__ = (__ospi_device_0_end__ - __ospi_device_0_start__)
                0x000019b8                        __ospi_device_0_code_addr__ = (sgstubs_pre_location + SIZEOF (.qspi_non_retentive))

.ospi_device_0_non_retentive
                0x80020000        0x0 load address 0x000019b8
                0x80020000                        __ospi_device_0_non_retentive_start__ = .
 *(.ospi_device_0_non_retentive*)
                0x80020000                        __ospi_device_0_non_retentive_end__ = .
                0x00000000                        __ospi_device_0_non_retentive_size__ = (__ospi_device_0_non_retentive_end__ - __ospi_device_0_non_retentive_start__)
                0x08000000                        __ospi_device_0_region_max_size__ = 0x8000000
                0x80020000                        __ospi_device_0_region_start_address__ = __ospi_device_0_start__
                0x88020000                        __ospi_device_0_region_end_address__ = (__ospi_device_0_start__ + __ospi_device_0_region_max_size__)
                0x80020000                        __tz_OSPI_DEVICE_0_N = __ospi_device_0_non_retentive_end__
                0x80030000                        __tz_OSPI_DEVICE_1_S = ORIGIN (OSPI_DEVICE_1)

.OSPI_DEVICE_1  0x80030000        0x0
                0x80030000                        __ospi_device_1_start__ = .
 *(.ospi_device_1*)
 *(.code_in_ospi_device_1*)
                0x80030000                        __ospi_device_1_end__ = .
                0x00000000                        __ospi_device_1_code_size__ = (__ospi_device_1_end__ - __ospi_device_1_start__)
                0x000019b8                        __ospi_device_1_code_addr__ = (sgstubs_pre_location + (SIZEOF (.qspi_non_retentive) + SIZEOF (.ospi_device_0_non_retentive)))

.ospi_device_1_non_retentive
                0x80030000        0x0 load address 0x000019b8
                0x80030000                        __ospi_device_1_non_retentive_start__ = .
 *(.ospi_device_1_non_retentive*)
                0x80030000                        __ospi_device_1_non_retentive_end__ = .
                0x00000000                        __ospi_device_1_non_retentive_size__ = (__ospi_device_1_non_retentive_end__ - __ospi_device_1_non_retentive_start__)
                0x10000000                        __ospi_device_1_region_max_size__ = 0x10000000
                0x80030000                        __ospi_device_1_region_start_address__ = __ospi_device_1_start__
                0x90030000                        __ospi_device_1_region_end_address__ = (__ospi_device_1_start__ + __ospi_device_1_region_max_size__)
                0x80030000                        __tz_OSPI_DEVICE_1_N = __ospi_device_1_non_retentive_end__

.noinit         0x20000010       0x18
                0x20000010                        . = ALIGN (0x4)
                0x20000010                        __noinit_start = .
 *(.noinit*)
 .noinit        0x20000010       0x14 ./ra/fsp/src/bsp/mcu/all/bsp_clocks.o
                0x20000028                        . = ALIGN (0x8)
 *fill*         0x20000024        0x4 
 *(.heap.*)
                0x20000028                        __noinit_end = .

.bss            0x20000028      0x5d4
                0x20000028                        . = ALIGN (0x4)
                0x20000028                        __bss_start__ = .
 *(.bss*)
 .bss.completed.1
                0x20000028        0x1 C:/Work_related/e2_fsp_download_location/toolchains/gcc_arm/13.2.rel1/bin/../lib/gcc/arm-none-eabi/13.2.1/thumb/v8-m.base/nofp/crtbegin.o
 *fill*         0x20000029        0x3 
 .bss.object.0  0x2000002c       0x18 C:/Work_related/e2_fsp_download_location/toolchains/gcc_arm/13.2.rel1/bin/../lib/gcc/arm-none-eabi/13.2.1/thumb/v8-m.base/nofp/crtbegin.o
 .bss._acDownBuffer
                0x20000044       0x10 ./src/SEGGER_RTT/SEGGER_RTT.o
 .bss._acUpBuffer
                0x20000054      0x400 ./src/SEGGER_RTT/SEGGER_RTT.o
 .bss._SEGGER_RTT
                0x20000454       0xa8 ./src/SEGGER_RTT/SEGGER_RTT.o
                0x20000454                _SEGGER_RTT
 .bss.err       0x200004fc        0x4 ./src/lpm_entry.o
                0x200004fc                err
 .bss.lpm_state
                0x20000500        0x1 ./src/lpm_entry.o
                0x20000500                lpm_state
 *fill*         0x20000501        0x3 
 .bss.g_ioport_ctrl
                0x20000504        0x8 ./ra_gen/common_data.o
                0x20000504                g_ioport_ctrl
 .bss.g_external_irq0_ctrl
                0x2000050c       0x10 ./ra_gen/common_data.o
                0x2000050c                g_external_irq0_ctrl
 .bss.g_lpm_sleep_ctrl
                0x2000051c        0x8 ./ra_gen/hal_data.o
                0x2000051c                g_lpm_sleep_ctrl
 .bss.g_lpm_sw_standby_ctrl
                0x20000524        0x8 ./ra_gen/hal_data.o
                0x20000524                g_lpm_sw_standby_ctrl
 .bss.g_bsp_group_irq_sources
                0x2000052c       0x40 ./ra/fsp/src/bsp/mcu/all/bsp_group_irq.o
                0x2000052c                g_bsp_group_irq_sources
 .bss.g_protect_pfswe_counter
                0x2000056c        0x4 ./ra/fsp/src/bsp/mcu/all/bsp_io.o
                0x2000056c                g_protect_pfswe_counter
 .bss.gp_renesas_isr_context
                0x20000570       0x80 ./ra/fsp/src/bsp/mcu/all/bsp_irq.o
                0x20000570                gp_renesas_isr_context
 .bss.g_protect_counters
                0x200005f0        0x8 ./ra/fsp/src/bsp/mcu/all/bsp_register_protection.o
                0x200005f0                g_protect_counters
 .bss.SystemCoreClock
                0x200005f8        0x4 ./ra/fsp/src/bsp/cmsis/Device/RENESAS/Source/system.o
                0x200005f8                SystemCoreClock
 *(COMMON)
                0x200005fc                        . = ALIGN (0x4)
                0x200005fc                        __bss_end__ = .

.heap           0x200005fc        0x4
                0x20000600                        . = ALIGN (0x8)
 *fill*         0x200005fc        0x4 
                0x20000600                        __HeapBase = .
 *(.heap)
                0x20000600                        __HeapLimit = .

.stack_dummy    0x20000600      0x400
                0x20000600                        . = ALIGN (0x8)
                0x20000600                        __StackLimit = .
 *(.stack)
 .stack         0x20000600      0x400 ./ra/fsp/src/bsp/cmsis/Device/RENESAS/Source/startup.o
                0x20000a00                        __StackTop = .
 *(.stack*)
                0x20000a00                        __StackTopAll = .
                0x20000a00                        PROVIDE (__stack = __StackTopAll)
                0x20000a00                        __RAM_segment_used_end__ = ALIGN (__StackTopAll, 0x4)
                0x20000c00                        __tz_RAM_C = DEFINED (RAM_NSC_START)?ABSOLUTE ((RAM_NSC_START - RAM_NS_BUFFER_BLOCK_LENGTH)):__RESERVE_NS_RAM?ABSOLUTE (RAM_NS_BUFFER_BLOCK_START):ALIGN (__RAM_segment_used_end__, 0x400)
                0x20002000                        __tz_RAM_N = DEFINED (RAM_NS_START)?ABSOLUTE ((RAM_NS_START - RAM_NS_BUFFER_BLOCK_LENGTH)):__RESERVE_NS_RAM?ABSOLUTE (RAM_NS_BUFFER_BLOCK_START):ALIGN (__tz_RAM_C, 0x2000)

.ns_buffer      0x20000a00        0x0
                0x20000a00                        . = __RESERVE_NS_RAM?ABSOLUTE ((RAM_NS_BUFFER_START & 0xffffffe0)):.
 *(.ns_buffer*)

.data_flash     0x40100000        0x0
                0x40100000                        . = ORIGIN (DATA_FLASH)
                0x40100000                        __tz_DATA_FLASH_S = .
                0x40100000                        __Data_Flash_Start = .
 *(.data_flash*)
                0x40100000                        __Data_Flash_End = .
                0x40100000                        __tz_DATA_FLASH_N = DEFINED (DATA_FLASH_NS_START)?ABSOLUTE (DATA_FLASH_NS_START):__RESERVE_NS_RAM?ABSOLUTE ((DATA_FLASH_START + DATA_FLASH_LENGTH)):ALIGN (0x400)
                0x80010000                        __tz_SDRAM_S = ORIGIN (SDRAM)

.sdram          0x80010000        0x0
                0x80010000                        __SDRAM_Start = .
 *(.sdram*)
 *(.frame*)
                0x80010000                        __SDRAM_End = .
                0x80010000                        __tz_SDRAM_N = __SDRAM_End
                0x01010018                        __tz_ID_CODE_S = ORIGIN (ID_CODE)
                0x01010018                        __tz_ID_CODE_N = __tz_ID_CODE_S

.id_code        0x01010018       0x1c
                0x01010018                        __ID_Code_Start = .
 *(.id_code*)
 .id_code       0x01010018       0x1c ./ra/fsp/src/bsp/mcu/all/bsp_rom_registers.o
                0x01010034                        __ID_Code_End = .
                0x00000000                        __tz_OPTION_SETTING_S = ORIGIN (OPTION_SETTING_OFS)

.rel.dyn        0x01010034        0x0
 .rel.iplt      0x01010034        0x0 C:/Work_related/e2_fsp_download_location/toolchains/gcc_arm/13.2.rel1/bin/../lib/gcc/arm-none-eabi/13.2.1/thumb/v8-m.base/nofp/crtbegin.o

.option_setting_ofs
                0x00000000        0x0
                0x00000000                        __OPTION_SETTING_OFS_Start = .
 *(.option_setting_ofs0)
                0x00000000                        . = PROJECT_SECURE_OR_FLAT?(__OPTION_SETTING_OFS_Start + 0x4):__OPTION_SETTING_OFS_Start
 *(.option_setting_ofs2)
                0x00000000                        . = PROJECT_SECURE_OR_FLAT?(__OPTION_SETTING_OFS_Start + 0x10):__OPTION_SETTING_OFS_Start
 *(.option_setting_dualsel)
                0x00000000                        __OPTION_SETTING_OFS_End = .

.option_setting_sas
                0x00000034        0x0
                0x00000034                        __OPTION_SETTING_SAS_Start = .
 *(.option_setting_sas)
                0x00000034                        __OPTION_SETTING_SAS_End = .
                0x00000080                        __tz_OPTION_SETTING_N = ABSOLUTE (OPTION_SETTING_START_NS)

.option_setting_ns
                0x00000000        0x0
                0x00000000                        __OPTION_SETTING_NS_Start = .
 *(.option_setting_ofs1)
                0x00000000                        . = USE_OPTION_SETTING_NS?(__OPTION_SETTING_NS_Start + 0x4):__OPTION_SETTING_NS_Start
 *(.option_setting_ofs3)
                0x00000000                        . = USE_OPTION_SETTING_NS?(__OPTION_SETTING_NS_Start + 0x10):__OPTION_SETTING_NS_Start
 *(.option_setting_banksel)
                0x00000000                        . = USE_OPTION_SETTING_NS?(__OPTION_SETTING_NS_Start + 0x40):__OPTION_SETTING_NS_Start
 *(.option_setting_bps0)
                0x00000000                        . = USE_OPTION_SETTING_NS?(__OPTION_SETTING_NS_Start + 0x44):__OPTION_SETTING_NS_Start
 *(.option_setting_bps1)
                0x00000000                        . = USE_OPTION_SETTING_NS?(__OPTION_SETTING_NS_Start + 0x48):__OPTION_SETTING_NS_Start
 *(.option_setting_bps2)
                0x00000000                        . = USE_OPTION_SETTING_NS?(__OPTION_SETTING_NS_Start + 0x4c):__OPTION_SETTING_NS_Start
 *(.option_setting_bps3)
                0x00000000                        . = USE_OPTION_SETTING_NS?(__OPTION_SETTING_NS_Start + 0x60):__OPTION_SETTING_NS_Start
 *(.option_setting_pbps0)
                0x00000000                        . = USE_OPTION_SETTING_NS?(__OPTION_SETTING_NS_Start + 0x64):__OPTION_SETTING_NS_Start
 *(.option_setting_pbps1)
                0x00000000                        . = USE_OPTION_SETTING_NS?(__OPTION_SETTING_NS_Start + 0x68):__OPTION_SETTING_NS_Start
 *(.option_setting_pbps2)
                0x00000000                        . = USE_OPTION_SETTING_NS?(__OPTION_SETTING_NS_Start + 0x6c):__OPTION_SETTING_NS_Start
 *(.option_setting_pbps3)
                0x00000000                        __OPTION_SETTING_NS_End = .
                0x80000000                        __tz_OPTION_SETTING_S_S = ORIGIN (OPTION_SETTING_S)

.option_setting_s
                0x80000000        0x0
                0x80000000                        __OPTION_SETTING_S_Start = .
 *(.option_setting_ofs1_sec)
                0x80000000                        . = PROJECT_SECURE_OR_FLAT?(__OPTION_SETTING_S_Start + 0x4):__OPTION_SETTING_S_Start
 *(.option_setting_ofs3_sec)
                0x80000000                        . = PROJECT_SECURE_OR_FLAT?(__OPTION_SETTING_S_Start + 0x10):__OPTION_SETTING_S_Start
 *(.option_setting_banksel_sec)
                0x80000000                        . = PROJECT_SECURE_OR_FLAT?(__OPTION_SETTING_S_Start + 0x40):__OPTION_SETTING_S_Start
 *(.option_setting_bps_sec0)
                0x80000000                        . = PROJECT_SECURE_OR_FLAT?(__OPTION_SETTING_S_Start + 0x44):__OPTION_SETTING_S_Start
 *(.option_setting_bps_sec1)
                0x80000000                        . = PROJECT_SECURE_OR_FLAT?(__OPTION_SETTING_S_Start + 0x48):__OPTION_SETTING_S_Start
 *(.option_setting_bps_sec2)
                0x80000000                        . = PROJECT_SECURE_OR_FLAT?(__OPTION_SETTING_S_Start + 0x4c):__OPTION_SETTING_S_Start
 *(.option_setting_bps_sec3)
                0x80000000                        . = PROJECT_SECURE_OR_FLAT?(__OPTION_SETTING_S_Start + 0x60):__OPTION_SETTING_S_Start
 *(.option_setting_pbps_sec0)
                0x80000000                        . = PROJECT_SECURE_OR_FLAT?(__OPTION_SETTING_S_Start + 0x64):__OPTION_SETTING_S_Start
 *(.option_setting_pbps_sec1)
                0x80000000                        . = PROJECT_SECURE_OR_FLAT?(__OPTION_SETTING_S_Start + 0x68):__OPTION_SETTING_S_Start
 *(.option_setting_pbps_sec2)
                0x80000000                        . = PROJECT_SECURE_OR_FLAT?(__OPTION_SETTING_S_Start + 0x6c):__OPTION_SETTING_S_Start
 *(.option_setting_pbps_sec3)
                0x80000000                        . = PROJECT_SECURE_OR_FLAT?(__OPTION_SETTING_S_Start + 0x80):__OPTION_SETTING_S_Start
 *(.option_setting_ofs1_sel)
                0x80000000                        . = PROJECT_SECURE_OR_FLAT?(__OPTION_SETTING_S_Start + 0x84):__OPTION_SETTING_S_Start
 *(.option_setting_ofs3_sel)
                0x80000000                        . = PROJECT_SECURE_OR_FLAT?(__OPTION_SETTING_S_Start + 0x90):__OPTION_SETTING_S_Start
 *(.option_setting_banksel_sel)
                0x80000000                        . = PROJECT_SECURE_OR_FLAT?(__OPTION_SETTING_S_Start + 0xc0):__OPTION_SETTING_S_Start
 *(.option_setting_bps_sel0)
                0x80000000                        . = PROJECT_SECURE_OR_FLAT?(__OPTION_SETTING_S_Start + 0xc4):__OPTION_SETTING_S_Start
 *(.option_setting_bps_sel1)
                0x80000000                        . = PROJECT_SECURE_OR_FLAT?(__OPTION_SETTING_S_Start + 0xc8):__OPTION_SETTING_S_Start
 *(.option_setting_bps_sel2)
                0x80000000                        . = PROJECT_SECURE_OR_FLAT?(__OPTION_SETTING_S_Start + 0xcc):__OPTION_SETTING_S_Start
 *(.option_setting_bps_sel3)
                0x80000000                        __OPTION_SETTING_S_End = .
                0x80000000                        __tz_OPTION_SETTING_S_N = __OPTION_SETTING_S_End
OUTPUT(mmp.elf elf32-littlearm)
LOAD linker stubs

.ARM.attributes
                0x00000000       0x2c
 .ARM.attributes
                0x00000000       0x22 C:/Work_related/e2_fsp_download_location/toolchains/gcc_arm/13.2.rel1/bin/../lib/gcc/arm-none-eabi/13.2.1/thumb/v8-m.base/nofp/crti.o
 .ARM.attributes
                0x00000022       0x30 C:/Work_related/e2_fsp_download_location/toolchains/gcc_arm/13.2.rel1/bin/../lib/gcc/arm-none-eabi/13.2.1/thumb/v8-m.base/nofp/crtbegin.o
 .ARM.attributes
                0x00000052       0x30 ./src/SEGGER_RTT/SEGGER_RTT.o
 .ARM.attributes
                0x00000082       0x30 ./src/SEGGER_RTT/SEGGER_RTT_printf.o
 .ARM.attributes
                0x000000b2       0x30 ./src/LPM_Module/LPM_handler.o
 .ARM.attributes
                0x000000e2       0x30 ./src/hal_entry.o
 .ARM.attributes
                0x00000112       0x30 ./src/lpm_entry.o
 .ARM.attributes
                0x00000142       0x30 ./ra_gen/common_data.o
 .ARM.attributes
                0x00000172       0x30 ./ra_gen/hal_data.o
 .ARM.attributes
                0x000001a2       0x30 ./ra_gen/main.o
 .ARM.attributes
                0x000001d2       0x30 ./ra_gen/pin_data.o
 .ARM.attributes
                0x00000202       0x30 ./ra_gen/vector_data.o
 .ARM.attributes
                0x00000232       0x30 ./ra/fsp/src/r_lpm/r_lpm.o
 .ARM.attributes
                0x00000262       0x30 ./ra/fsp/src/r_ioport/r_ioport.o
 .ARM.attributes
                0x00000292       0x30 ./ra/fsp/src/r_icu/r_icu.o
 .ARM.attributes
                0x000002c2       0x30 ./ra/fsp/src/bsp/mcu/all/bsp_clocks.o
 .ARM.attributes
                0x000002f2       0x30 ./ra/fsp/src/bsp/mcu/all/bsp_common.o
 .ARM.attributes
                0x00000322       0x30 ./ra/fsp/src/bsp/mcu/all/bsp_delay.o
 .ARM.attributes
                0x00000352       0x30 ./ra/fsp/src/bsp/mcu/all/bsp_group_irq.o
 .ARM.attributes
                0x00000382       0x30 ./ra/fsp/src/bsp/mcu/all/bsp_io.o
 .ARM.attributes
                0x000003b2       0x30 ./ra/fsp/src/bsp/mcu/all/bsp_irq.o
 .ARM.attributes
                0x000003e2       0x30 ./ra/fsp/src/bsp/mcu/all/bsp_register_protection.o
 .ARM.attributes
                0x00000412       0x30 ./ra/fsp/src/bsp/mcu/all/bsp_rom_registers.o
 .ARM.attributes
                0x00000442       0x30 ./ra/fsp/src/bsp/cmsis/Device/RENESAS/Source/startup.o
 .ARM.attributes
                0x00000472       0x30 ./ra/fsp/src/bsp/cmsis/Device/RENESAS/Source/system.o
 .ARM.attributes
                0x000004a2       0x30 ./ra/board/ra2a1_ek/board_init.o
 .ARM.attributes
                0x000004d2       0x30 C:/Work_related/e2_fsp_download_location/toolchains/gcc_arm/13.2.rel1/bin/../lib/gcc/arm-none-eabi/13.2.1/thumb/v8-m.base/nofp\libgcc.a(_muldi3.o)
 .ARM.attributes
                0x00000502       0x30 C:/Work_related/e2_fsp_download_location/toolchains/gcc_arm/13.2.rel1/bin/../lib/gcc/arm-none-eabi/13.2.1/thumb/v8-m.base/nofp\libg_nano.a(libc_a-memset.o)
 .ARM.attributes
                0x00000532       0x30 C:/Work_related/e2_fsp_download_location/toolchains/gcc_arm/13.2.rel1/bin/../lib/gcc/arm-none-eabi/13.2.1/thumb/v8-m.base/nofp\libg_nano.a(libc_a-memcpy-stub.o)
 .ARM.attributes
                0x00000562       0x30 C:/Work_related/e2_fsp_download_location/toolchains/gcc_arm/13.2.rel1/bin/../lib/gcc/arm-none-eabi/13.2.1/thumb/v8-m.base/nofp/crtend.o
 .ARM.attributes
                0x00000592       0x22 C:/Work_related/e2_fsp_download_location/toolchains/gcc_arm/13.2.rel1/bin/../lib/gcc/arm-none-eabi/13.2.1/thumb/v8-m.base/nofp/crtn.o

.comment        0x00000000       0x44
 .comment       0x00000000       0x44 ./src/SEGGER_RTT/SEGGER_RTT.o
                                 0x45 (size before relaxing)
 .comment       0x00000044       0x45 ./src/SEGGER_RTT/SEGGER_RTT_printf.o
 .comment       0x00000044       0x45 ./src/LPM_Module/LPM_handler.o
 .comment       0x00000044       0x45 ./src/hal_entry.o
 .comment       0x00000044       0x45 ./src/lpm_entry.o
 .comment       0x00000044       0x45 ./ra_gen/common_data.o
 .comment       0x00000044       0x45 ./ra_gen/hal_data.o
 .comment       0x00000044       0x45 ./ra_gen/main.o
 .comment       0x00000044       0x45 ./ra_gen/pin_data.o
 .comment       0x00000044       0x45 ./ra_gen/vector_data.o
 .comment       0x00000044       0x45 ./ra/fsp/src/r_lpm/r_lpm.o
 .comment       0x00000044       0x45 ./ra/fsp/src/r_ioport/r_ioport.o
 .comment       0x00000044       0x45 ./ra/fsp/src/r_icu/r_icu.o
 .comment       0x00000044       0x45 ./ra/fsp/src/bsp/mcu/all/bsp_clocks.o
 .comment       0x00000044       0x45 ./ra/fsp/src/bsp/mcu/all/bsp_common.o
 .comment       0x00000044       0x45 ./ra/fsp/src/bsp/mcu/all/bsp_delay.o
 .comment       0x00000044       0x45 ./ra/fsp/src/bsp/mcu/all/bsp_group_irq.o
 .comment       0x00000044       0x45 ./ra/fsp/src/bsp/mcu/all/bsp_io.o
 .comment       0x00000044       0x45 ./ra/fsp/src/bsp/mcu/all/bsp_irq.o
 .comment       0x00000044       0x45 ./ra/fsp/src/bsp/mcu/all/bsp_register_protection.o
 .comment       0x00000044       0x45 ./ra/fsp/src/bsp/mcu/all/bsp_rom_registers.o
 .comment       0x00000044       0x45 ./ra/fsp/src/bsp/cmsis/Device/RENESAS/Source/startup.o
 .comment       0x00000044       0x45 ./ra/fsp/src/bsp/cmsis/Device/RENESAS/Source/system.o
 .comment       0x00000044       0x45 ./ra/board/ra2a1_ek/board_init.o

.debug_info     0x00000000    0x212fd
 .debug_info    0x00000000     0x229d ./src/SEGGER_RTT/SEGGER_RTT.o
 .debug_info    0x0000229d      0x6e6 ./src/SEGGER_RTT/SEGGER_RTT_printf.o
 .debug_info    0x00002983     0x10d0 ./src/LPM_Module/LPM_handler.o
 .debug_info    0x00003a53     0x1dd0 ./src/hal_entry.o
 .debug_info    0x00005823     0x13db ./src/lpm_entry.o
 .debug_info    0x00006bfe     0x15cf ./ra_gen/common_data.o
 .debug_info    0x000081cd     0x127f ./ra_gen/hal_data.o
 .debug_info    0x0000944c       0xb1 ./ra_gen/main.o
 .debug_info    0x000094fd      0xa18 ./ra_gen/pin_data.o
 .debug_info    0x00009f15      0x469 ./ra_gen/vector_data.o
 .debug_info    0x0000a37e     0x4d49 ./ra/fsp/src/r_lpm/r_lpm.o
 .debug_info    0x0000f0c7     0x2cad ./ra/fsp/src/r_ioport/r_ioport.o
 .debug_info    0x00011d74     0x1963 ./ra/fsp/src/r_icu/r_icu.o
 .debug_info    0x000136d7     0x4f32 ./ra/fsp/src/bsp/mcu/all/bsp_clocks.o
 .debug_info    0x00018609      0x93b ./ra/fsp/src/bsp/mcu/all/bsp_common.o
 .debug_info    0x00018f44      0x1e9 ./ra/fsp/src/bsp/mcu/all/bsp_delay.o
 .debug_info    0x0001912d     0x12ae ./ra/fsp/src/bsp/mcu/all/bsp_group_irq.o
 .debug_info    0x0001a3db       0xb2 ./ra/fsp/src/bsp/mcu/all/bsp_io.o
 .debug_info    0x0001a48d     0x1435 ./ra/fsp/src/bsp/mcu/all/bsp_irq.o
 .debug_info    0x0001b8c2     0x37c5 ./ra/fsp/src/bsp/mcu/all/bsp_register_protection.o
 .debug_info    0x0001f087       0xe1 ./ra/fsp/src/bsp/mcu/all/bsp_rom_registers.o
 .debug_info    0x0001f168      0x168 ./ra/fsp/src/bsp/cmsis/Device/RENESAS/Source/startup.o
 .debug_info    0x0001f2d0     0x1f88 ./ra/fsp/src/bsp/cmsis/Device/RENESAS/Source/system.o
 .debug_info    0x00021258       0xa5 ./ra/board/ra2a1_ek/board_init.o

.debug_abbrev   0x00000000     0x31b4
 .debug_abbrev  0x00000000      0x397 ./src/SEGGER_RTT/SEGGER_RTT.o
 .debug_abbrev  0x00000397      0x2ac ./src/SEGGER_RTT/SEGGER_RTT_printf.o
 .debug_abbrev  0x00000643      0x1cd ./src/LPM_Module/LPM_handler.o
 .debug_abbrev  0x00000810      0x246 ./src/hal_entry.o
 .debug_abbrev  0x00000a56      0x25f ./src/lpm_entry.o
 .debug_abbrev  0x00000cb5      0x167 ./ra_gen/common_data.o
 .debug_abbrev  0x00000e1c      0x15a ./ra_gen/hal_data.o
 .debug_abbrev  0x00000f76       0x61 ./ra_gen/main.o
 .debug_abbrev  0x00000fd7       0xff ./ra_gen/pin_data.o
 .debug_abbrev  0x000010d6       0xb3 ./ra_gen/vector_data.o
 .debug_abbrev  0x00001189      0x3d1 ./ra/fsp/src/r_lpm/r_lpm.o
 .debug_abbrev  0x0000155a      0x40c ./ra/fsp/src/r_ioport/r_ioport.o
 .debug_abbrev  0x00001966      0x40d ./ra/fsp/src/r_icu/r_icu.o
 .debug_abbrev  0x00001d73      0x41f ./ra/fsp/src/bsp/mcu/all/bsp_clocks.o
 .debug_abbrev  0x00002192      0x188 ./ra/fsp/src/bsp/mcu/all/bsp_common.o
 .debug_abbrev  0x0000231a      0x109 ./ra/fsp/src/bsp/mcu/all/bsp_delay.o
 .debug_abbrev  0x00002423      0x258 ./ra/fsp/src/bsp/mcu/all/bsp_group_irq.o
 .debug_abbrev  0x0000267b       0x5e ./ra/fsp/src/bsp/mcu/all/bsp_io.o
 .debug_abbrev  0x000026d9      0x34a ./ra/fsp/src/bsp/mcu/all/bsp_irq.o
 .debug_abbrev  0x00002a23      0x25d ./ra/fsp/src/bsp/mcu/all/bsp_register_protection.o
 .debug_abbrev  0x00002c80       0x61 ./ra/fsp/src/bsp/mcu/all/bsp_rom_registers.o
 .debug_abbrev  0x00002ce1       0xf5 ./ra/fsp/src/bsp/cmsis/Device/RENESAS/Source/startup.o
 .debug_abbrev  0x00002dd6      0x383 ./ra/fsp/src/bsp/cmsis/Device/RENESAS/Source/system.o
 .debug_abbrev  0x00003159       0x5b ./ra/board/ra2a1_ek/board_init.o

.debug_loclists
                0x00000000     0x4204
 .debug_loclists
                0x00000000     0x22ed ./src/SEGGER_RTT/SEGGER_RTT.o
 .debug_loclists
                0x000022ed      0x7bd ./src/SEGGER_RTT/SEGGER_RTT_printf.o
 .debug_loclists
                0x00002aaa      0x128 ./src/LPM_Module/LPM_handler.o
 .debug_loclists
                0x00002bd2       0x40 ./src/hal_entry.o
 .debug_loclists
                0x00002c12       0x4d ./src/lpm_entry.o
 .debug_loclists
                0x00002c5f      0x237 ./ra/fsp/src/r_lpm/r_lpm.o
 .debug_loclists
                0x00002e96      0x831 ./ra/fsp/src/r_ioport/r_ioport.o
 .debug_loclists
                0x000036c7      0x22c ./ra/fsp/src/r_icu/r_icu.o
 .debug_loclists
                0x000038f3      0x334 ./ra/fsp/src/bsp/mcu/all/bsp_clocks.o
 .debug_loclists
                0x00003c27       0x29 ./ra/fsp/src/bsp/mcu/all/bsp_common.o
 .debug_loclists
                0x00003c50      0x111 ./ra/fsp/src/bsp/mcu/all/bsp_delay.o
 .debug_loclists
                0x00003d61       0x7e ./ra/fsp/src/bsp/mcu/all/bsp_group_irq.o
 .debug_loclists
                0x00003ddf      0x2c7 ./ra/fsp/src/bsp/mcu/all/bsp_irq.o
 .debug_loclists
                0x000040a6       0xb4 ./ra/fsp/src/bsp/mcu/all/bsp_register_protection.o
 .debug_loclists
                0x0000415a       0xaa ./ra/fsp/src/bsp/cmsis/Device/RENESAS/Source/system.o

.debug_aranges  0x00000000      0x5a8
 .debug_aranges
                0x00000000      0x130 ./src/SEGGER_RTT/SEGGER_RTT.o
 .debug_aranges
                0x00000130       0x38 ./src/SEGGER_RTT/SEGGER_RTT_printf.o
 .debug_aranges
                0x00000168       0x38 ./src/LPM_Module/LPM_handler.o
 .debug_aranges
                0x000001a0       0x28 ./src/hal_entry.o
 .debug_aranges
                0x000001c8       0x30 ./src/lpm_entry.o
 .debug_aranges
                0x000001f8       0x20 ./ra_gen/common_data.o
 .debug_aranges
                0x00000218       0x20 ./ra_gen/hal_data.o
 .debug_aranges
                0x00000238       0x20 ./ra_gen/main.o
 .debug_aranges
                0x00000258       0x18 ./ra_gen/pin_data.o
 .debug_aranges
                0x00000270       0x18 ./ra_gen/vector_data.o
 .debug_aranges
                0x00000288       0x48 ./ra/fsp/src/r_lpm/r_lpm.o
 .debug_aranges
                0x000002d0       0x88 ./ra/fsp/src/r_ioport/r_ioport.o
 .debug_aranges
                0x00000358       0x48 ./ra/fsp/src/r_icu/r_icu.o
 .debug_aranges
                0x000003a0       0x68 ./ra/fsp/src/bsp/mcu/all/bsp_clocks.o
 .debug_aranges
                0x00000408       0x30 ./ra/fsp/src/bsp/mcu/all/bsp_common.o
 .debug_aranges
                0x00000438       0x28 ./ra/fsp/src/bsp/mcu/all/bsp_delay.o
 .debug_aranges
                0x00000460       0x28 ./ra/fsp/src/bsp/mcu/all/bsp_group_irq.o
 .debug_aranges
                0x00000488       0x18 ./ra/fsp/src/bsp/mcu/all/bsp_io.o
 .debug_aranges
                0x000004a0       0x58 ./ra/fsp/src/bsp/mcu/all/bsp_irq.o
 .debug_aranges
                0x000004f8       0x28 ./ra/fsp/src/bsp/mcu/all/bsp_register_protection.o
 .debug_aranges
                0x00000520       0x18 ./ra/fsp/src/bsp/mcu/all/bsp_rom_registers.o
 .debug_aranges
                0x00000538       0x28 ./ra/fsp/src/bsp/cmsis/Device/RENESAS/Source/startup.o
 .debug_aranges
                0x00000560       0x28 ./ra/fsp/src/bsp/cmsis/Device/RENESAS/Source/system.o
 .debug_aranges
                0x00000588       0x20 ./ra/board/ra2a1_ek/board_init.o

.debug_rnglists
                0x00000000      0x7a7
 .debug_rnglists
                0x00000000      0x319 ./src/SEGGER_RTT/SEGGER_RTT.o
 .debug_rnglists
                0x00000319       0x5c ./src/SEGGER_RTT/SEGGER_RTT_printf.o
 .debug_rnglists
                0x00000375       0x25 ./src/LPM_Module/LPM_handler.o
 .debug_rnglists
                0x0000039a       0x19 ./src/hal_entry.o
 .debug_rnglists
                0x000003b3       0x1f ./src/lpm_entry.o
 .debug_rnglists
                0x000003d2       0x13 ./ra_gen/common_data.o
 .debug_rnglists
                0x000003e5       0x13 ./ra_gen/hal_data.o
 .debug_rnglists
                0x000003f8       0x13 ./ra_gen/main.o
 .debug_rnglists
                0x0000040b       0x4f ./ra/fsp/src/r_lpm/r_lpm.o
 .debug_rnglists
                0x0000045a       0xc6 ./ra/fsp/src/r_ioport/r_ioport.o
 .debug_rnglists
                0x00000520       0x64 ./ra/fsp/src/r_icu/r_icu.o
 .debug_rnglists
                0x00000584       0xc6 ./ra/fsp/src/bsp/mcu/all/bsp_clocks.o
 .debug_rnglists
                0x0000064a       0x1f ./ra/fsp/src/bsp/mcu/all/bsp_common.o
 .debug_rnglists
                0x00000669       0x19 ./ra/fsp/src/bsp/mcu/all/bsp_delay.o
 .debug_rnglists
                0x00000682       0x25 ./ra/fsp/src/bsp/mcu/all/bsp_group_irq.o
 .debug_rnglists
                0x000006a7       0x89 ./ra/fsp/src/bsp/mcu/all/bsp_irq.o
 .debug_rnglists
                0x00000730       0x31 ./ra/fsp/src/bsp/mcu/all/bsp_register_protection.o
 .debug_rnglists
                0x00000761       0x19 ./ra/fsp/src/bsp/cmsis/Device/RENESAS/Source/startup.o
 .debug_rnglists
                0x0000077a       0x1a ./ra/fsp/src/bsp/cmsis/Device/RENESAS/Source/system.o
 .debug_rnglists
                0x00000794       0x13 ./ra/board/ra2a1_ek/board_init.o

.debug_line     0x00000000     0x788e
 .debug_line    0x00000000     0x1923 ./src/SEGGER_RTT/SEGGER_RTT.o
 .debug_line    0x00001923      0x7fc ./src/SEGGER_RTT/SEGGER_RTT_printf.o
 .debug_line    0x0000211f      0x428 ./src/LPM_Module/LPM_handler.o
 .debug_line    0x00002547      0x441 ./src/hal_entry.o
 .debug_line    0x00002988      0x4c8 ./src/lpm_entry.o
 .debug_line    0x00002e50      0x33e ./ra_gen/common_data.o
 .debug_line    0x0000318e      0x2ae ./ra_gen/hal_data.o
 .debug_line    0x0000343c       0x5e ./ra_gen/main.o
 .debug_line    0x0000349a      0x25f ./ra_gen/pin_data.o
 .debug_line    0x000036f9      0x183 ./ra_gen/vector_data.o
 .debug_line    0x0000387c      0x6a7 ./ra/fsp/src/r_lpm/r_lpm.o
 .debug_line    0x00003f23      0xa98 ./ra/fsp/src/r_ioport/r_ioport.o
 .debug_line    0x000049bb      0x66e ./ra/fsp/src/r_icu/r_icu.o
 .debug_line    0x00005029      0x91b ./ra/fsp/src/bsp/mcu/all/bsp_clocks.o
 .debug_line    0x00005944      0x2cd ./ra/fsp/src/bsp/mcu/all/bsp_common.o
 .debug_line    0x00005c11      0x2c1 ./ra/fsp/src/bsp/mcu/all/bsp_delay.o
 .debug_line    0x00005ed2      0x34d ./ra/fsp/src/bsp/mcu/all/bsp_group_irq.o
 .debug_line    0x0000621f      0x195 ./ra/fsp/src/bsp/mcu/all/bsp_io.o
 .debug_line    0x000063b4      0x6b8 ./ra/fsp/src/bsp/mcu/all/bsp_irq.o
 .debug_line    0x00006a6c      0x403 ./ra/fsp/src/bsp/mcu/all/bsp_register_protection.o
 .debug_line    0x00006e6f      0x133 ./ra/fsp/src/bsp/mcu/all/bsp_rom_registers.o
 .debug_line    0x00006fa2      0x201 ./ra/fsp/src/bsp/cmsis/Device/RENESAS/Source/startup.o
 .debug_line    0x000071a3      0x691 ./ra/fsp/src/bsp/cmsis/Device/RENESAS/Source/system.o
 .debug_line    0x00007834       0x5a ./ra/board/ra2a1_ek/board_init.o

.debug_str      0x00000000     0xa1f5
 .debug_str     0x00000000     0xa1f5 ./src/SEGGER_RTT/SEGGER_RTT.o
                                0x72e (size before relaxing)
 .debug_str     0x0000a1f5      0x323 ./src/SEGGER_RTT/SEGGER_RTT_printf.o
 .debug_str     0x0000a1f5     0x309a ./src/LPM_Module/LPM_handler.o
 .debug_str     0x0000a1f5     0x36dd ./src/hal_entry.o
 .debug_str     0x0000a1f5     0x34b5 ./src/lpm_entry.o
 .debug_str     0x0000a1f5     0x3720 ./ra_gen/common_data.o
 .debug_str     0x0000a1f5     0x3963 ./ra_gen/hal_data.o
 .debug_str     0x0000a1f5      0x1e3 ./ra_gen/main.o
 .debug_str     0x0000a1f5     0x1d6e ./ra_gen/pin_data.o
 .debug_str     0x0000a1f5      0xf9f ./ra_gen/vector_data.o
 .debug_str     0x0000a1f5     0x3f1a ./ra/fsp/src/r_lpm/r_lpm.o
 .debug_str     0x0000a1f5     0x3b28 ./ra/fsp/src/r_ioport/r_ioport.o
 .debug_str     0x0000a1f5     0x2491 ./ra/fsp/src/r_icu/r_icu.o
 .debug_str     0x0000a1f5     0x23bd ./ra/fsp/src/bsp/mcu/all/bsp_clocks.o
 .debug_str     0x0000a1f5     0x1c30 ./ra/fsp/src/bsp/mcu/all/bsp_common.o
 .debug_str     0x0000a1f5      0x319 ./ra/fsp/src/bsp/mcu/all/bsp_delay.o
 .debug_str     0x0000a1f5     0x2141 ./ra/fsp/src/bsp/mcu/all/bsp_group_irq.o
 .debug_str     0x0000a1f5      0x20c ./ra/fsp/src/bsp/mcu/all/bsp_io.o
 .debug_str     0x0000a1f5     0x15d8 ./ra/fsp/src/bsp/mcu/all/bsp_irq.o
 .debug_str     0x0000a1f5     0x1ad9 ./ra/fsp/src/bsp/mcu/all/bsp_register_protection.o
 .debug_str     0x0000a1f5      0x222 ./ra/fsp/src/bsp/mcu/all/bsp_rom_registers.o
 .debug_str     0x0000a1f5      0x274 ./ra/fsp/src/bsp/cmsis/Device/RENESAS/Source/startup.o
 .debug_str     0x0000a1f5      0xfd7 ./ra/fsp/src/bsp/cmsis/Device/RENESAS/Source/system.o
 .debug_str     0x0000a1f5      0x1ef ./ra/board/ra2a1_ek/board_init.o

.debug_frame    0x00000000      0xca8
 .debug_frame   0x00000000      0x44c ./src/SEGGER_RTT/SEGGER_RTT.o
 .debug_frame   0x0000044c       0x9c ./src/SEGGER_RTT/SEGGER_RTT_printf.o
 .debug_frame   0x000004e8       0x70 ./src/LPM_Module/LPM_handler.o
 .debug_frame   0x00000558       0x40 ./src/hal_entry.o
 .debug_frame   0x00000598       0x60 ./src/lpm_entry.o
 .debug_frame   0x000005f8       0x20 ./ra_gen/common_data.o
 .debug_frame   0x00000618       0x28 ./ra_gen/hal_data.o
 .debug_frame   0x00000640       0x28 ./ra_gen/main.o
 .debug_frame   0x00000668       0x98 ./ra/fsp/src/r_lpm/r_lpm.o
 .debug_frame   0x00000700      0x140 ./ra/fsp/src/r_ioport/r_ioport.o
 .debug_frame   0x00000840       0xa0 ./ra/fsp/src/r_icu/r_icu.o
 .debug_frame   0x000008e0       0xe8 ./ra/fsp/src/bsp/mcu/all/bsp_clocks.o
 .debug_frame   0x000009c8       0x40 ./ra/fsp/src/bsp/mcu/all/bsp_common.o
 .debug_frame   0x00000a08       0x3c ./ra/fsp/src/bsp/mcu/all/bsp_delay.o
 .debug_frame   0x00000a44       0x40 ./ra/fsp/src/bsp/mcu/all/bsp_group_irq.o
 .debug_frame   0x00000a84       0xc8 ./ra/fsp/src/bsp/mcu/all/bsp_irq.o
 .debug_frame   0x00000b4c       0x48 ./ra/fsp/src/bsp/mcu/all/bsp_register_protection.o
 .debug_frame   0x00000b94       0x38 ./ra/fsp/src/bsp/cmsis/Device/RENESAS/Source/startup.o
 .debug_frame   0x00000bcc       0x40 ./ra/fsp/src/bsp/cmsis/Device/RENESAS/Source/system.o
 .debug_frame   0x00000c0c       0x20 ./ra/board/ra2a1_ek/board_init.o
 .debug_frame   0x00000c2c       0x34 C:/Work_related/e2_fsp_download_location/toolchains/gcc_arm/13.2.rel1/bin/../lib/gcc/arm-none-eabi/13.2.1/thumb/v8-m.base/nofp\libgcc.a(_muldi3.o)
 .debug_frame   0x00000c60       0x20 C:/Work_related/e2_fsp_download_location/toolchains/gcc_arm/13.2.rel1/bin/../lib/gcc/arm-none-eabi/13.2.1/thumb/v8-m.base/nofp\libg_nano.a(libc_a-memset.o)
 .debug_frame   0x00000c80       0x28 C:/Work_related/e2_fsp_download_location/toolchains/gcc_arm/13.2.rel1/bin/../lib/gcc/arm-none-eabi/13.2.1/thumb/v8-m.base/nofp\libg_nano.a(libc_a-memcpy-stub.o)
