Archive member included to satisfy reference by file (symbol)

C:/Work_related/e2_fsp_download_location/toolchains/gcc_arm/13.2.rel1/bin/../lib/gcc/arm-none-eabi/13.2.1/thumb/v8-m.base/nofp\libgcc.a(_clzsi2.o)
                              ./ra/fsp/src/r_adc/r_adc.o (__clzsi2)
C:/Work_related/e2_fsp_download_location/toolchains/gcc_arm/13.2.rel1/bin/../lib/gcc/arm-none-eabi/13.2.1/thumb/v8-m.base/nofp\libgcc.a(_muldi3.o)
                              ./ra/fsp/src/bsp/mcu/all/bsp_delay.o (__aeabi_lmul)
C:/Work_related/e2_fsp_download_location/toolchains/gcc_arm/13.2.rel1/bin/../lib/gcc/arm-none-eabi/13.2.1/thumb/v8-m.base/nofp\libgcc.a(floatunsisf.o)
                              ./src/adc_thread_entry.o (__aeabi_ui2f)
C:/Work_related/e2_fsp_download_location/toolchains/gcc_arm/13.2.rel1/bin/../lib/gcc/arm-none-eabi/13.2.1/thumb/v8-m.base/nofp\libgcc.a(extendsfdf2.o)
                              ./src/adc_thread_entry.o (__aeabi_f2d)
C:/Work_related/e2_fsp_download_location/toolchains/gcc_arm/13.2.rel1/bin/../lib/gcc/arm-none-eabi/13.2.1/thumb/v8-m.base/nofp\libg_nano.a(libc_a-exit.o)
                              C:/Work_related/e2_fsp_download_location/toolchains/gcc_arm/13.2.rel1/bin/../lib/gcc/arm-none-eabi/13.2.1/thumb/v8-m.base/nofp/rdimon-crt0.o (exit)
C:/Work_related/e2_fsp_download_location/toolchains/gcc_arm/13.2.rel1/bin/../lib/gcc/arm-none-eabi/13.2.1/thumb/v8-m.base/nofp\libg_nano.a(libc_a-nano-vfprintf_float.o)
                              (_printf_float)
C:/Work_related/e2_fsp_download_location/toolchains/gcc_arm/13.2.rel1/bin/../lib/gcc/arm-none-eabi/13.2.1/thumb/v8-m.base/nofp\libg_nano.a(libc_a-nano-vfprintf_i.o)
                              C:/Work_related/e2_fsp_download_location/toolchains/gcc_arm/13.2.rel1/bin/../lib/gcc/arm-none-eabi/13.2.1/thumb/v8-m.base/nofp\libg_nano.a(libc_a-nano-vfprintf_float.o) (_printf_common)
C:/Work_related/e2_fsp_download_location/toolchains/gcc_arm/13.2.rel1/bin/../lib/gcc/arm-none-eabi/13.2.1/thumb/v8-m.base/nofp\libg_nano.a(libc_a-findfp.o)
                              C:/Work_related/e2_fsp_download_location/toolchains/gcc_arm/13.2.rel1/bin/../lib/gcc/arm-none-eabi/13.2.1/thumb/v8-m.base/nofp\libg_nano.a(libc_a-exit.o) (__stdio_exit_handler)
C:/Work_related/e2_fsp_download_location/toolchains/gcc_arm/13.2.rel1/bin/../lib/gcc/arm-none-eabi/13.2.1/thumb/v8-m.base/nofp\libg_nano.a(libc_a-fwalk.o)
                              C:/Work_related/e2_fsp_download_location/toolchains/gcc_arm/13.2.rel1/bin/../lib/gcc/arm-none-eabi/13.2.1/thumb/v8-m.base/nofp\libg_nano.a(libc_a-findfp.o) (_fwalk_sglue)
C:/Work_related/e2_fsp_download_location/toolchains/gcc_arm/13.2.rel1/bin/../lib/gcc/arm-none-eabi/13.2.1/thumb/v8-m.base/nofp\libg_nano.a(libc_a-snprintf.o)
                              ./src/adc_thread_entry.o (snprintf)
C:/Work_related/e2_fsp_download_location/toolchains/gcc_arm/13.2.rel1/bin/../lib/gcc/arm-none-eabi/13.2.1/thumb/v8-m.base/nofp\libg_nano.a(libc_a-stdio.o)
                              C:/Work_related/e2_fsp_download_location/toolchains/gcc_arm/13.2.rel1/bin/../lib/gcc/arm-none-eabi/13.2.1/thumb/v8-m.base/nofp\libg_nano.a(libc_a-findfp.o) (__sread)
C:/Work_related/e2_fsp_download_location/toolchains/gcc_arm/13.2.rel1/bin/../lib/gcc/arm-none-eabi/13.2.1/thumb/v8-m.base/nofp\libg_nano.a(libc_a-memset.o)
                              C:/Work_related/e2_fsp_download_location/toolchains/gcc_arm/13.2.rel1/bin/../lib/gcc/arm-none-eabi/13.2.1/thumb/v8-m.base/nofp/rdimon-crt0.o (memset)
C:/Work_related/e2_fsp_download_location/toolchains/gcc_arm/13.2.rel1/bin/../lib/gcc/arm-none-eabi/13.2.1/thumb/v8-m.base/nofp\libg_nano.a(libc_a-localeconv.o)
                              C:/Work_related/e2_fsp_download_location/toolchains/gcc_arm/13.2.rel1/bin/../lib/gcc/arm-none-eabi/13.2.1/thumb/v8-m.base/nofp\libg_nano.a(libc_a-nano-vfprintf_float.o) (_localeconv_r)
C:/Work_related/e2_fsp_download_location/toolchains/gcc_arm/13.2.rel1/bin/../lib/gcc/arm-none-eabi/13.2.1/thumb/v8-m.base/nofp\libg_nano.a(libc_a-closer.o)
                              C:/Work_related/e2_fsp_download_location/toolchains/gcc_arm/13.2.rel1/bin/../lib/gcc/arm-none-eabi/13.2.1/thumb/v8-m.base/nofp\libg_nano.a(libc_a-stdio.o) (_close_r)
C:/Work_related/e2_fsp_download_location/toolchains/gcc_arm/13.2.rel1/bin/../lib/gcc/arm-none-eabi/13.2.1/thumb/v8-m.base/nofp\libg_nano.a(libc_a-reent.o)
                              C:/Work_related/e2_fsp_download_location/toolchains/gcc_arm/13.2.rel1/bin/../lib/gcc/arm-none-eabi/13.2.1/thumb/v8-m.base/nofp\libg_nano.a(libc_a-closer.o) (errno)
C:/Work_related/e2_fsp_download_location/toolchains/gcc_arm/13.2.rel1/bin/../lib/gcc/arm-none-eabi/13.2.1/thumb/v8-m.base/nofp\libg_nano.a(libc_a-impure.o)
                              C:/Work_related/e2_fsp_download_location/toolchains/gcc_arm/13.2.rel1/bin/../lib/gcc/arm-none-eabi/13.2.1/thumb/v8-m.base/nofp\libg_nano.a(libc_a-snprintf.o) (_impure_ptr)
[...]
Memory Configuration

Name             Origin             Length             Attributes
ITCM             0x00000000         0x00000000         xr
DTCM             0x00000000         0x00000000         xrw
FLASH            0x00000000         0x00040000         xr
RAM              0x20000000         0x00008000         xrw
DATA_FLASH       0x40100000         0x00002000         xr
QSPI_FLASH       0x60000000         0x00000000         xr
OSPI_DEVICE_0    0x80020000         0x00000000         xr
OSPI_DEVICE_1    0x80030000         0x00000000         xr
OSPI_DEVICE_0_RAM 0x80020000         0x00000000         xrw
OSPI_DEVICE_1_RAM 0x80030000         0x00000000         xrw
SDRAM            0x80010000         0x00000000         xrw
OPTION_SETTING   0x00000000         0x00000000         r
OPTION_SETTING_OFS 0x00000000         0x00000018         r
OPTION_SETTING_SAS 0x00000034         0x00000000         r
OPTION_SETTING_S 0x80000000         0x00000000         r
ID_CODE          0x01010018         0x00000020         xr
*default*        0x00000000         0xffffffff

Linker script and memory map

LOAD C:/Work_related/e2_fsp_download_location/toolchains/gcc_arm/13.2.rel1/bin/../lib/gcc/arm-none-eabi/13.2.1/thumb/v8-m.base/nofp/crti.o
LOAD C:/Work_related/e2_fsp_download_location/toolchains/gcc_arm/13.2.rel1/bin/../lib/gcc/arm-none-eabi/13.2.1/thumb/v8-m.base/nofp/crtbegin.o
LOAD C:/Work_related/e2_fsp_download_location/toolchains/gcc_arm/13.2.rel1/bin/../lib/gcc/arm-none-eabi/13.2.1/thumb/v8-m.base/nofp/rdimon-crt0.o
START GROUP
LOAD ./src/SEGGER_RTT/SEGGER_RTT.o
LOAD ./src/SEGGER_RTT/SEGGER_RTT_printf.o
LOAD ./src/IRQ_Module/IRQ_Handler.o
LOAD ./src/ADC_Module/ADC_Handler.o
LOAD ./src/adc_thread_entry.o
LOAD ./src/hal_entry.o
LOAD ./ra_gen/common_data.o
LOAD ./ra_gen/hal_data.o
LOAD ./ra_gen/main.o
LOAD ./ra_gen/pin_data.o
LOAD ./ra_gen/vector_data.o
LOAD ./ra/fsp/src/r_ioport/r_ioport.o
LOAD ./ra/fsp/src/r_gpt/r_gpt.o
LOAD ./ra/fsp/src/r_adc/r_adc.o
LOAD ./ra/fsp/src/bsp/mcu/all/bsp_clocks.o
LOAD ./ra/fsp/src/bsp/mcu/all/bsp_common.o
LOAD ./ra/fsp/src/bsp/mcu/all/bsp_delay.o
LOAD ./ra/fsp/src/bsp/mcu/all/bsp_group_irq.o
LOAD ./ra/fsp/src/bsp/mcu/all/bsp_guard.o
LOAD ./ra/fsp/src/bsp/mcu/all/bsp_io.o
LOAD ./ra/fsp/src/bsp/mcu/all/bsp_irq.o
LOAD ./ra/fsp/src/bsp/mcu/all/bsp_macl.o
LOAD ./ra/fsp/src/bsp/mcu/all/bsp_register_protection.o
LOAD ./ra/fsp/src/bsp/mcu/all/bsp_rom_registers.o
LOAD ./ra/fsp/src/bsp/mcu/all/bsp_sbrk.o
LOAD ./ra/fsp/src/bsp/mcu/all/bsp_security.o
LOAD ./ra/fsp/src/bsp/cmsis/Device/RENESAS/Source/startup.o
LOAD ./ra/fsp/src/bsp/cmsis/Device/RENESAS/Source/system.o
LOAD ./ra/board/ra2a1_ek/board_init.o
LOAD ./ra/board/ra2a1_ek/board_leds.o
END GROUP
START GROUP
LOAD C:/Work_related/e2_fsp_download_location/toolchains/gcc_arm/13.2.rel1/bin/../lib/gcc/arm-none-eabi/13.2.1/thumb/v8-m.base/nofp\libgcc.a
LOAD C:/Work_related/e2_fsp_download_location/toolchains/gcc_arm/13.2.rel1/bin/../lib/gcc/arm-none-eabi/13.2.1/thumb/v8-m.base/nofp\libg_nano.a
LOAD C:/Work_related/e2_fsp_download_location/toolchains/gcc_arm/13.2.rel1/bin/../lib/gcc/arm-none-eabi/13.2.1/thumb/v8-m.base/nofp\libc_nano.a
END GROUP
START GROUP
LOAD C:/Work_related/e2_fsp_download_location/toolchains/gcc_arm/13.2.rel1/bin/../lib/gcc/arm-none-eabi/13.2.1/thumb/v8-m.base/nofp\libgcc.a
LOAD C:/Work_related/e2_fsp_download_location/toolchains/gcc_arm/13.2.rel1/bin/../lib/gcc/arm-none-eabi/13.2.1/thumb/v8-m.base/nofp\libc_nano.a
LOAD C:/Work_related/e2_fsp_download_location/toolchains/gcc_arm/13.2.rel1/bin/../lib/gcc/arm-none-eabi/13.2.1/thumb/v8-m.base/nofp\librdimon_nano.a
END GROUP
START GROUP
LOAD C:/Work_related/e2_fsp_download_location/toolchains/gcc_arm/13.2.rel1/bin/../lib/gcc/arm-none-eabi/13.2.1/thumb/v8-m.base/nofp\libgcc.a
LOAD C:/Work_related/e2_fsp_download_location/toolchains/gcc_arm/13.2.rel1/bin/../lib/gcc/arm-none-eabi/13.2.1/thumb/v8-m.base/nofp\libc_nano.a
LOAD C:/Work_related/e2_fsp_download_location/toolchains/gcc_arm/13.2.rel1/bin/../lib/gcc/arm-none-eabi/13.2.1/thumb/v8-m.base/nofp\librdimon_nano.a
END GROUP
LOAD C:/Work_related/e2_fsp_download_location/toolchains/gcc_arm/13.2.rel1/bin/../lib/gcc/arm-none-eabi/13.2.1/thumb/v8-m.base/nofp/crtend.o
LOAD C:/Work_related/e2_fsp_download_location/toolchains/gcc_arm/13.2.rel1/bin/../lib/gcc/arm-none-eabi/13.2.1/thumb/v8-m.base/nofp/crtn.o
                0x20000000                        RAM_START = 0x20000000
                0x00008000                        RAM_LENGTH = 0x8000
                0x00000000                        FLASH_START = 0x0
                0x00040000                        FLASH_LENGTH = 0x40000
                0x40100000                        DATA_FLASH_START = 0x40100000
                0x00002000                        DATA_FLASH_LENGTH = 0x2000
                0x00000000                        OPTION_SETTING_START = 0x0
                0x00000000                        OPTION_SETTING_LENGTH = 0x0
                0x80000000                        OPTION_SETTING_S_START = 0x80000000
                0x00000000                        OPTION_SETTING_S_LENGTH = 0x0
                0x01010018                        ID_CODE_START = 0x1010018
                0x00000020                        ID_CODE_LENGTH = 0x20
                0x80010000                        SDRAM_START = 0x80010000
                0x00000000                        SDRAM_LENGTH = 0x0
                0x60000000                        QSPI_FLASH_START = 0x60000000
                0x00000000                        QSPI_FLASH_LENGTH = 0x0
                0x80020000                        OSPI_DEVICE_0_START = 0x80020000
                0x00000000                        OSPI_DEVICE_0_LENGTH = 0x0
                0x80030000                        OSPI_DEVICE_1_START = 0x80030000
                0x00000000                        OSPI_DEVICE_1_LENGTH = 0x0
                0x00000000                        QSPI_FLASH_PRV_LENGTH = DEFINED (QSPI_FLASH_SIZE)?ABSOLUTE (QSPI_FLASH_SIZE):ABSOLUTE (QSPI_FLASH_LENGTH)
                0x00000000                        OSPI_DEVICE_0_PRV_LENGTH = DEFINED (OSPI_DEVICE_0_SIZE)?ABSOLUTE (OSPI_DEVICE_0_SIZE):ABSOLUTE (OSPI_DEVICE_0_LENGTH)
                0x00000000                        OSPI_DEVICE_1_PRV_LENGTH = DEFINED (OSPI_DEVICE_1_SIZE)?ABSOLUTE (OSPI_DEVICE_1_SIZE):ABSOLUTE (OSPI_DEVICE_1_LENGTH)
                0x00000000                        __RESERVE_NS_RAM = ((! (DEFINED (PROJECT_NONSECURE)) && DEFINED (RAM_NS_BUFFER_LENGTH)) && (OPTION_SETTING_S_LENGTH != 0x0))
                0x00000000                        ITCM_START = DEFINED (ITCM_START)?ITCM_START:0x0
                0x00000000                        ITCM_LENGTH = DEFINED (ITCM_LENGTH)?ITCM_LENGTH:0x0
                0x00000000                        DTCM_START = DEFINED (DTCM_START)?DTCM_START:0x0
                0x00000000                        DTCM_LENGTH = DEFINED (DTCM_LENGTH)?DTCM_LENGTH:0x0
                0x00000000                        RAM_NS_BUFFER_BLOCK_LENGTH = DEFINED (RAM_NS_BUFFER_LENGTH)?ALIGN (RAM_NS_BUFFER_LENGTH, 0x2000):0x0
                0x00000000                        RAM_NS_BUFFER_LENGTH = DEFINED (RAM_NS_BUFFER_LENGTH)?RAM_NS_BUFFER_LENGTH:0x0
                0x20008000                        RAM_NS_BUFFER_START = ((RAM_START + RAM_LENGTH) - RAM_NS_BUFFER_LENGTH)
                0x20008000                        RAM_NS_BUFFER_BLOCK_START = ((RAM_START + RAM_LENGTH) - RAM_NS_BUFFER_BLOCK_LENGTH)
                0x00000080                        OPTION_SETTING_START_NS = DEFINED (PROJECT_NONSECURE)?OPTION_SETTING_START:(OPTION_SETTING_START + 0x80)
                0x00000001                        __bl_FSP_BOOTABLE_IMAGE = 0x1
                0x00000001                        __bln_FSP_BOOTABLE_IMAGE = 0x1
                0x00000000                        PROJECT_SECURE_OR_FLAT = (((! (DEFINED (PROJECT_NONSECURE)) || DEFINED (PROJECT_SECURE)) && OPTION_SETTING_LENGTH) && ! (DEFINED (FSP_BOOTABLE_IMAGE)))
                0x00000000                        USE_OPTION_SETTING_NS = (DEFINED (PROJECT_NONSECURE) && ! (DEFINED (FSP_BOOTABLE_IMAGE)))
                0x00000000                        __bl_FLASH_IMAGE_START = ! (DEFINED (FLASH_BOOTLOADER_LENGTH))?0x0:(FLASH_APPLICATION_IMAGE_NUMBER == 0x1)?((FLASH_START + FLASH_BOOTLOADER_LENGTH) + FLASH_BOOTLOADER_HEADER_LENGTH):((((FLASH_START + FLASH_BOOTLOADER_LENGTH) + FLASH_BOOTLOADER_SCRATCH_LENGTH) + FLASH_APPLICATION_S_LENGTH) + FLASH_BOOTLOADER_HEADER_LENGTH)
                0x00000000                        __bl_FLASH_IMAGE_LENGTH = ! (DEFINED (FLASH_BOOTLOADER_LENGTH))?0x0:(FLASH_APPLICATION_S_LENGTH - FLASH_BOOTLOADER_HEADER_LENGTH)
                0x00000000                        __bl_FLASH_IMAGE_END = (__bl_FLASH_IMAGE_START + __bl_FLASH_IMAGE_LENGTH)
                0x00000000                        __bl_XIP_SECONDARY_FLASH_IMAGE_START = ! (DEFINED (FLASH_BOOTLOADER_LENGTH))?0x0:((FLASH_BOOTLOADER_LENGTH + FLASH_APPLICATION_S_LENGTH) + FLASH_BOOTLOADER_HEADER_LENGTH)
                0x00000000                        __bl_XIP_SECONDARY_FLASH_IMAGE_END = (__bl_XIP_SECONDARY_FLASH_IMAGE_START + __bl_FLASH_IMAGE_LENGTH)
                0x00000000                        __bl_FLASH_NS_START = ! (DEFINED (FLASH_BOOTLOADER_LENGTH))?0x0:(FLASH_APPLICATION_NS_LENGTH == 0x0)?__bl_FLASH_IMAGE_END:((__bl_FLASH_IMAGE_START - FLASH_BOOTLOADER_HEADER_LENGTH) + FLASH_APPLICATION_S_LENGTH)
                0x00000000                        __bl_FLASH_NSC_START = ! (DEFINED (FLASH_BOOTLOADER_LENGTH))?0x0:(FLASH_APPLICATION_NS_LENGTH == 0x0)?__bl_FLASH_IMAGE_END:(__bl_FLASH_IMAGE_END - FLASH_APPLICATION_NSC_LENGTH)
                0x00000000                        __bl_RAM_NS_START = ! (DEFINED (FLASH_BOOTLOADER_LENGTH))?0x0:(FLASH_APPLICATION_NS_LENGTH == 0x0)?(RAM_START + RAM_LENGTH):((RAM_START + RAM_LENGTH) - RAM_APPLICATION_NS_LENGTH)
                0x00000000                        __bl_RAM_NSC_START = ! (DEFINED (FLASH_BOOTLOADER_LENGTH))?0x0:(FLASH_APPLICATION_NS_LENGTH == 0x0)?(RAM_START + RAM_LENGTH):(__bl_RAM_NS_START - RAM_APPLICATION_NSC_LENGTH)
                0x00000000                        __bl_FLASH_NS_IMAGE_START = ! (DEFINED (FLASH_BOOTLOADER_LENGTH))?0x0:(FLASH_APPLICATION_NS_LENGTH == 0x0)?__bl_FLASH_IMAGE_END:(__bl_FLASH_NS_START + FLASH_BOOTLOADER_HEADER_LENGTH_2)
                0x00000000                        __bln_FLASH_IMAGE_START = (__bl_FLASH_NS_IMAGE_START | ! (DEFINED (NS_OFFSET_START))?0x0:NS_OFFSET_START)
                0x00000000                        __bln_FLASH_IMAGE_LENGTH = ! (DEFINED (FLASH_BOOTLOADER_LENGTH))?0x0:(FLASH_APPLICATION_NS_LENGTH == 0x0)?__bl_FLASH_IMAGE_END:(FLASH_APPLICATION_NS_LENGTH - FLASH_BOOTLOADER_HEADER_LENGTH_2)
                0x00000000                        XIP_SECONDARY_SLOT_IMAGE = DEFINED (XIP_SECONDARY_SLOT_IMAGE)?XIP_SECONDARY_SLOT_IMAGE:0x0
                0x00000000                        FLASH_ORIGIN = ! (DEFINED (FLASH_IMAGE_START))?FLASH_START:(XIP_SECONDARY_SLOT_IMAGE == 0x1)?XIP_SECONDARY_FLASH_IMAGE_START:FLASH_IMAGE_START
                0x00040000                        LIMITED_FLASH_LENGTH = DEFINED (FLASH_IMAGE_LENGTH)?FLASH_IMAGE_LENGTH:DEFINED (FLASH_BOOTLOADER_LENGTH)?FLASH_BOOTLOADER_LENGTH:FLASH_LENGTH
                0x00000034                        OPTION_SETTING_SAS_SIZE = 0x34
                0x00000000                        OPTION_SETTING_SAS_LENGTH = ! (DEFINED (OPTION_SETTING_LENGTH))?0x0:(OPTION_SETTING_LENGTH == 0x0)?0x0:(OPTION_SETTING_LENGTH - OPTION_SETTING_SAS_SIZE)
START GROUP
LOAD C:/Work_related/e2_fsp_download_location/toolchains/gcc_arm/13.2.rel1/bin/../lib/gcc/arm-none-eabi/13.2.1/thumb/v8-m.base/nofp\libgcc.a
LOAD C:/Work_related/e2_fsp_download_location/toolchains/gcc_arm/13.2.rel1/bin/../lib/gcc/arm-none-eabi/13.2.1/thumb/v8-m.base/nofp\libc.a
LOAD C:/Work_related/e2_fsp_download_location/toolchains/gcc_arm/13.2.rel1/bin/../lib/gcc/arm-none-eabi/13.2.1/thumb/v8-m.base/nofp\libm.a
END GROUP

.text           0x00000000     0x7158
                0x00000000                        __tz_FLASH_S = ABSOLUTE (FLASH_START)
                0x00000000                        __ROM_Start = .
 *(.fixed_vectors*)
 .fixed_vectors
                0x00000000       0x40 ./ra/fsp/src/bsp/cmsis/Device/RENESAS/Source/startup.o
                0x00000000                __Vectors
 *(.application_vectors*)
 .application_vectors
                0x00000040       0x80 ./ra_gen/vector_data.o
                0x00000040                g_vector_table
                0x000000c0                        __Vectors_End = .
 *(.flash_gap*)
                0x00000400                        . = (OPTION_SETTING_LENGTH > 0x0)?.:(__ROM_Start + 0x400)
 *fill*         0x000000c0      0x340 ff
 *(.rom_registers*)
 .rom_registers
                0x00000400       0x3c ./ra/fsp/src/bsp/mcu/all/bsp_rom_registers.o
 *(.mcuboot_sce9_key*)
 *(.text*)
 .text.deregister_tm_clones
                0x0000043c       0x24 C:/Work_related/e2_fsp_download_location/toolchains/gcc_arm/13.2.rel1/bin/../lib/gcc/arm-none-eabi/13.2.1/thumb/v8-m.base/nofp/crtbegin.o
 .text.register_tm_clones
                0x00000460       0x2c C:/Work_related/e2_fsp_download_location/toolchains/gcc_arm/13.2.rel1/bin/../lib/gcc/arm-none-eabi/13.2.1/thumb/v8-m.base/nofp/crtbegin.o
 .text.__do_global_dtors_aux
                0x0000048c       0x30 C:/Work_related/e2_fsp_download_location/toolchains/gcc_arm/13.2.rel1/bin/../lib/gcc/arm-none-eabi/13.2.1/thumb/v8-m.base/nofp/crtbegin.o
 .text.frame_dummy
                0x000004bc       0x28 C:/Work_related/e2_fsp_download_location/toolchains/gcc_arm/13.2.rel1/bin/../lib/gcc/arm-none-eabi/13.2.1/thumb/v8-m.base/nofp/crtbegin.o
 .text._WriteNoCheck
                0x000004e4       0x4c ./src/SEGGER_RTT/SEGGER_RTT.o
 .text._WriteBlocking
                0x00000530       0x6c ./src/SEGGER_RTT/SEGGER_RTT.o
 .text._DoInit  0x0000059c       0x70 ./src/SEGGER_RTT/SEGGER_RTT.o
 .text.SEGGER_RTT_WriteNoLock
                0x0000060c       0x88 ./src/SEGGER_RTT/SEGGER_RTT.o
                0x0000060c                SEGGER_RTT_WriteNoLock
 .text.SEGGER_RTT_Write
                0x00000694       0x34 ./src/SEGGER_RTT/SEGGER_RTT.o
                0x00000694                SEGGER_RTT_Write
 .text.SEGGER_RTT_Init
                0x000006c8        0x8 ./src/SEGGER_RTT/SEGGER_RTT.o
                0x000006c8                SEGGER_RTT_Init
 .text._StoreChar
                0x000006d0       0x40 ./src/SEGGER_RTT/SEGGER_RTT_printf.o
 .text._PrintUnsigned
                0x00000710      0x108 ./src/SEGGER_RTT/SEGGER_RTT_printf.o
 .text.SEGGER_RTT_vprintf
                0x00000818      0x340 ./src/SEGGER_RTT/SEGGER_RTT_printf.o
                0x00000818                SEGGER_RTT_vprintf
 .text.SEGGER_RTT_printf
                0x00000b58       0x1c ./src/SEGGER_RTT/SEGGER_RTT_printf.o
                0x00000b58                SEGGER_RTT_printf
 .text.adc0_callback
                0x00000b74       0x18 ./src/adc_thread_entry.o
                0x00000b74                adc0_callback
 .text.adc_read_value
                0x00000b8c       0x5c ./src/adc_thread_entry.o
                0x00000b8c                adc_read_value
 .text.adc_start_calibration
                0x00000be8       0x58 ./src/adc_thread_entry.o
                0x00000be8                adc_start_calibration
 .text.adc_thread_entry
                0x00000c40       0x88 ./src/adc_thread_entry.o
                0x00000c40                adc_thread_entry
 .text.hal_entry
                0x00000cc8        0xc ./src/hal_entry.o
                0x00000cc8                hal_entry
 .text.R_BSP_WarmStart
                0x00000cd4       0x30 ./src/hal_entry.o
                0x00000cd4                R_BSP_WarmStart
 .text.startup.main
                0x00000d04        0xc ./ra_gen/main.o
                0x00000d04                main
 .text.r_ioport_pins_config
                0x00000d10       0xdc ./ra/fsp/src/r_ioport/r_ioport.o
 .text.R_IOPORT_Open
                0x00000dec       0x34 ./ra/fsp/src/r_ioport/r_ioport.o
                0x00000dec                R_IOPORT_Open
 .text.R_ADC_CallbackSet
                0x00000e20       0x28 ./ra/fsp/src/r_adc/r_adc.o
                0x00000e20                R_ADC_CallbackSet
 .text.R_ADC_ScanGroupStart
                0x00000e48        0x4 ./ra/fsp/src/r_adc/r_adc.o
                0x00000e48                R_ADC_ScanGroupStart
 .text.R_ADC_OffsetSet
                0x00000e4c        0x4 ./ra/fsp/src/r_adc/r_adc.o
                0x00000e4c                R_ADC_OffsetSet
 .text.r_adc_call_callback
                0x00000e50       0x3c ./ra/fsp/src/r_adc/r_adc.o
 .text.r_adc_scan_end_common_isr
                0x00000e8c       0x5c ./ra/fsp/src/r_adc/r_adc.o
 .text.R_ADC_ScanStart
                0x00000ee8       0x44 ./ra/fsp/src/r_adc/r_adc.o
                0x00000ee8                R_ADC_ScanStart
 .text.R_ADC_ScanStop
                0x00000f2c       0x2c ./ra/fsp/src/r_adc/r_adc.o
                0x00000f2c                R_ADC_ScanStop
 .text.R_ADC_StatusGet
                0x00000f58       0x28 ./ra/fsp/src/r_adc/r_adc.o
                0x00000f58                R_ADC_StatusGet
 .text.R_ADC_Read
                0x00000f80       0x70 ./ra/fsp/src/r_adc/r_adc.o
                0x00000f80                R_ADC_Read
 .text.R_ADC_Calibrate
                0x00000ff0       0x3c ./ra/fsp/src/r_adc/r_adc.o
                0x00000ff0                R_ADC_Calibrate
 .text.R_ADC_InfoGet
                0x0000102c       0x90 ./ra/fsp/src/r_adc/r_adc.o
                0x0000102c                R_ADC_InfoGet
 .text.R_ADC_Open
                0x000010bc      0x20c ./ra/fsp/src/r_adc/r_adc.o
                0x000010bc                R_ADC_Open
 .text.R_ADC_ScanCfg
                0x000012c8      0x2e4 ./ra/fsp/src/r_adc/r_adc.o
                0x000012c8                R_ADC_ScanCfg
 .text.R_ADC_Close
                0x000015ac       0xf8 ./ra/fsp/src/r_adc/r_adc.o
                0x000015ac                R_ADC_Close
 .text.R_ADC_Read32
                0x000016a4       0x78 ./ra/fsp/src/r_adc/r_adc.o
                0x000016a4                R_ADC_Read32
 .text.adc_scan_end_isr
                0x0000171c        0xc ./ra/fsp/src/r_adc/r_adc.o
                0x0000171c                adc_scan_end_isr
 .text.adc_window_compare_isr
                0x00001728      0x148 ./ra/fsp/src/r_adc/r_adc.o
                0x00001728                adc_window_compare_isr
 .text.SystemCoreClockUpdate
                0x00001870       0x2c ./ra/fsp/src/bsp/mcu/all/bsp_clocks.o
                0x00001870                SystemCoreClockUpdate
 .text.R_BSP_SubClockStabilizeWaitAfterReset
                0x0000189c        0x4 ./ra/fsp/src/bsp/mcu/all/bsp_clocks.o
                0x0000189c                R_BSP_SubClockStabilizeWaitAfterReset
 .text.bsp_clock_init
                0x000018a0      0x184 ./ra/fsp/src/bsp/mcu/all/bsp_clocks.o
                0x000018a0                bsp_clock_init
 .text.R_BSP_Init_RTC
                0x00001a24       0x58 ./ra/fsp/src/bsp/mcu/all/bsp_clocks.o
                0x00001a24                R_BSP_Init_RTC
 .text.R_FSP_VersionGet
                0x00001a7c       0x14 ./ra/fsp/src/bsp/mcu/all/bsp_common.o
                0x00001a7c                R_FSP_VersionGet
 .text.__assert_func
                0x00001a90        0x4 ./ra/fsp/src/bsp/mcu/all/bsp_common.o
                0x00001a90                __assert_func
 .text.bsp_prv_software_delay_loop
                0x00001a94        0x8 ./ra/fsp/src/bsp/mcu/all/bsp_delay.o
                0x00001a94                bsp_prv_software_delay_loop
 .text.R_BSP_SoftwareDelay
                0x00001a9c       0x5c ./ra/fsp/src/bsp/mcu/all/bsp_delay.o
                0x00001a9c                R_BSP_SoftwareDelay
 .text.NMI_Handler
                0x00001af8       0x4c ./ra/fsp/src/bsp/mcu/all/bsp_group_irq.o
                0x00001af8                NMI_Handler
 .text.R_BSP_IrqStatusClear
                0x00001b44       0x1c ./ra/fsp/src/bsp/mcu/all/bsp_irq.o
                0x00001b44                R_BSP_IrqStatusClear
 .text.R_BSP_IrqDisable
                0x00001b60       0x24 ./ra/fsp/src/bsp/mcu/all/bsp_irq.o
                0x00001b60                R_BSP_IrqDisable
 .text.R_BSP_IrqCfgEnable
                0x00001b84       0x8c ./ra/fsp/src/bsp/mcu/all/bsp_irq.o
                0x00001b84                R_BSP_IrqCfgEnable
 .text.bsp_irq_cfg
                0x00001c10       0x28 ./ra/fsp/src/bsp/mcu/all/bsp_irq.o
                0x00001c10                bsp_irq_cfg
 .text.R_BSP_RegisterProtectEnable
                0x00001c38       0x54 ./ra/fsp/src/bsp/mcu/all/bsp_register_protection.o
                0x00001c38                R_BSP_RegisterProtectEnable
 .text.R_BSP_RegisterProtectDisable
                0x00001c8c       0x4c ./ra/fsp/src/bsp/mcu/all/bsp_register_protection.o
                0x00001c8c                R_BSP_RegisterProtectDisable
 .text._sbrk    0x00001cd8       0x44 ./ra/fsp/src/bsp/mcu/all/bsp_sbrk.o
                0x00001cd8                _sbrk
 .text.Default_Handler
                0x00001d1c        0x4 ./ra/fsp/src/bsp/cmsis/Device/RENESAS/Source/startup.o
                0x00001d1c                DebugMon_Handler
                0x00001d1c                HardFault_Handler
                0x00001d1c                SysTick_Handler
                0x00001d1c                PendSV_Handler
                0x00001d1c                UsageFault_Handler
                0x00001d1c                SecureFault_Handler
                0x00001d1c                Default_Handler
                0x00001d1c                MemManage_Handler
                0x00001d1c                SVC_Handler
                0x00001d1c                BusFault_Handler
 .text.Reset_Handler
                0x00001d20        0xc ./ra/fsp/src/bsp/cmsis/Device/RENESAS/Source/startup.o
                0x00001d20                Reset_Handler
 .text.SystemInit
                0x00001d2c      0x144 ./ra/fsp/src/bsp/cmsis/Device/RENESAS/Source/system.o
                0x00001d2c                SystemInit
 .text.bsp_init
                0x00001e70        0x4 ./ra/board/ra2a1_ek/board_init.o
                0x00001e70                bsp_init
 .text          0x00001e74       0x3c C:/Work_related/e2_fsp_download_location/toolchains/gcc_arm/13.2.rel1/bin/../lib/gcc/arm-none-eabi/13.2.1/thumb/v8-m.base/nofp\libgcc.a(_clzsi2.o)
                0x00001e74                __clzsi2
 .text.__muldi3
                0x00001eb0       0x5c C:/Work_related/e2_fsp_download_location/toolchains/gcc_arm/13.2.rel1/bin/../lib/gcc/arm-none-eabi/13.2.1/thumb/v8-m.base/nofp\libgcc.a(_muldi3.o)
                0x00001eb0                __muldi3
                0x00001eb0                __aeabi_lmul
 .text.__aeabi_ui2f
                0x00001f0c       0x80 C:/Work_related/e2_fsp_download_location/toolchains/gcc_arm/13.2.rel1/bin/../lib/gcc/arm-none-eabi/13.2.1/thumb/v8-m.base/nofp\libgcc.a(floatunsisf.o)
                0x00001f0c                __aeabi_ui2f
 .text.__aeabi_f2d
                0x00001f8c       0x88 C:/Work_related/e2_fsp_download_location/toolchains/gcc_arm/13.2.rel1/bin/../lib/gcc/arm-none-eabi/13.2.1/thumb/v8-m.base/nofp\libgcc.a(extendsfdf2.o)
                0x00001f8c                __aeabi_f2d
 .text.__cvt    0x00002014       0xc8 C:/Work_related/e2_fsp_download_location/toolchains/gcc_arm/13.2.rel1/bin/../lib/gcc/arm-none-eabi/13.2.1/thumb/v8-m.base/nofp\libg_nano.a(libc_a-nano-vfprintf_float.o)
                0x00002014                __cvt
 .text.__exponent
                0x000020dc       0x6e C:/Work_related/e2_fsp_download_location/toolchains/gcc_arm/13.2.rel1/bin/../lib/gcc/arm-none-eabi/13.2.1/thumb/v8-m.base/nofp\libg_nano.a(libc_a-nano-vfprintf_float.o)
                0x000020dc                __exponent
 *fill*         0x0000214a        0x2 ff
 .text._printf_float
                0x0000214c      0x470 C:/Work_related/e2_fsp_download_location/toolchains/gcc_arm/13.2.rel1/bin/../lib/gcc/arm-none-eabi/13.2.1/thumb/v8-m.base/nofp\libg_nano.a(libc_a-nano-vfprintf_float.o)
                0x0000214c                _printf_float
 .text._printf_common
                0x000025bc       0xdc C:/Work_related/e2_fsp_download_location/toolchains/gcc_arm/13.2.rel1/bin/../lib/gcc/arm-none-eabi/13.2.1/thumb/v8-m.base/nofp\libg_nano.a(libc_a-nano-vfprintf_i.o)
                0x000025bc                _printf_common
 .text._printf_i
                0x00002698      0x20c C:/Work_related/e2_fsp_download_location/toolchains/gcc_arm/13.2.rel1/bin/../lib/gcc/arm-none-eabi/13.2.1/thumb/v8-m.base/nofp\libg_nano.a(libc_a-nano-vfprintf_i.o)
                0x00002698                _printf_i
 .text.std      0x000028a4       0x6c C:/Work_related/e2_fsp_download_location/toolchains/gcc_arm/13.2.rel1/bin/../lib/gcc/arm-none-eabi/13.2.1/thumb/v8-m.base/nofp\libg_nano.a(libc_a-findfp.o)
 .text.stdio_exit_handler
                0x00002910       0x1c C:/Work_related/e2_fsp_download_location/toolchains/gcc_arm/13.2.rel1/bin/../lib/gcc/arm-none-eabi/13.2.1/thumb/v8-m.base/nofp\libg_nano.a(libc_a-findfp.o)
 .text.cleanup_stdio
                0x0000292c       0x3c C:/Work_related/e2_fsp_download_location/toolchains/gcc_arm/13.2.rel1/bin/../lib/gcc/arm-none-eabi/13.2.1/thumb/v8-m.base/nofp\libg_nano.a(libc_a-findfp.o)
 .text.global_stdio_init.part.0
                0x00002968       0x3c C:/Work_related/e2_fsp_download_location/toolchains/gcc_arm/13.2.rel1/bin/../lib/gcc/arm-none-eabi/13.2.1/thumb/v8-m.base/nofp\libg_nano.a(libc_a-findfp.o)
 .text.__sfp_lock_acquire
                0x000029a4       0x10 C:/Work_related/e2_fsp_download_location/toolchains/gcc_arm/13.2.rel1/bin/../lib/gcc/arm-none-eabi/13.2.1/thumb/v8-m.base/nofp\libg_nano.a(libc_a-findfp.o)
                0x000029a4                __sfp_lock_acquire
 .text.__sfp_lock_release
                0x000029b4       0x10 C:/Work_related/e2_fsp_download_location/toolchains/gcc_arm/13.2.rel1/bin/../lib/gcc/arm-none-eabi/13.2.1/thumb/v8-m.base/nofp\libg_nano.a(libc_a-findfp.o)
                0x000029b4                __sfp_lock_release
 .text.__sinit  0x000029c4       0x2c C:/Work_related/e2_fsp_download_location/toolchains/gcc_arm/13.2.rel1/bin/../lib/gcc/arm-none-eabi/13.2.1/thumb/v8-m.base/nofp\libg_nano.a(libc_a-findfp.o)
                0x000029c4                __sinit
 .text._fwalk_sglue
                0x000029f0       0x38 C:/Work_related/e2_fsp_download_location/toolchains/gcc_arm/13.2.rel1/bin/../lib/gcc/arm-none-eabi/13.2.1/thumb/v8-m.base/nofp\libg_nano.a(libc_a-fwalk.o)
                0x000029f0                _fwalk_sglue
 .text.snprintf
                0x00002a28       0x68 C:/Work_related/e2_fsp_download_location/toolchains/gcc_arm/13.2.rel1/bin/../lib/gcc/arm-none-eabi/13.2.1/thumb/v8-m.base/nofp\libg_nano.a(libc_a-snprintf.o)
                0x00002a28                sniprintf
                0x00002a28                snprintf
 .text.__sread  0x00002a90       0x28 C:/Work_related/e2_fsp_download_location/toolchains/gcc_arm/13.2.rel1/bin/../lib/gcc/arm-none-eabi/13.2.1/thumb/v8-m.base/nofp\libg_nano.a(libc_a-stdio.o)
                0x00002a90                __sread
 .text.__swrite
                0x00002ab8       0x38 C:/Work_related/e2_fsp_download_location/toolchains/gcc_arm/13.2.rel1/bin/../lib/gcc/arm-none-eabi/13.2.1/thumb/v8-m.base/nofp\libg_nano.a(libc_a-stdio.o)
                0x00002ab8                __swrite
 .text.__sseek  0x00002af0       0x2c C:/Work_related/e2_fsp_download_location/toolchains/gcc_arm/13.2.rel1/bin/../lib/gcc/arm-none-eabi/13.2.1/thumb/v8-m.base/nofp\libg_nano.a(libc_a-stdio.o)
                0x00002af0                __sseek
 .text.__sclose
                0x00002b1c        0xc C:/Work_related/e2_fsp_download_location/toolchains/gcc_arm/13.2.rel1/bin/../lib/gcc/arm-none-eabi/13.2.1/thumb/v8-m.base/nofp\libg_nano.a(libc_a-stdio.o)
                0x00002b1c                __sclose
 .text.memset   0x00002b28       0x10 C:/Work_related/e2_fsp_download_location/toolchains/gcc_arm/13.2.rel1/bin/../lib/gcc/arm-none-eabi/13.2.1/thumb/v8-m.base/nofp\libg_nano.a(libc_a-memset.o)
                0x00002b28                memset
 .text._localeconv_r
                0x00002b38        0x8 C:/Work_related/e2_fsp_download_location/toolchains/gcc_arm/13.2.rel1/bin/../lib/gcc/arm-none-eabi/13.2.1/thumb/v8-m.base/nofp\libg_nano.a(libc_a-localeconv.o)
                0x00002b38                _localeconv_r
 .text._close_r
                0x00002b40       0x20 C:/Work_related/e2_fsp_download_location/toolchains/gcc_arm/13.2.rel1/bin/../lib/gcc/arm-none-eabi/13.2.1/thumb/v8-m.base/nofp\libg_nano.a(libc_a-closer.o)
                0x00002b40                _close_r
 .text._lseek_r
                0x00002b60       0x24 C:/Work_related/e2_fsp_download_location/toolchains/gcc_arm/13.2.rel1/bin/../lib/gcc/arm-none-eabi/13.2.1/thumb/v8-m.base/nofp\libg_nano.a(libc_a-lseekr.o)
                0x00002b60                _lseek_r
 .text._read_r  0x00002b84       0x24 C:/Work_related/e2_fsp_download_location/toolchains/gcc_arm/13.2.rel1/bin/../lib/gcc/arm-none-eabi/13.2.1/thumb/v8-m.base/nofp\libg_nano.a(libc_a-readr.o)
                0x00002b84                _read_r
 .text._write_r
                0x00002ba8       0x24 C:/Work_related/e2_fsp_download_location/toolchains/gcc_arm/13.2.rel1/bin/../lib/gcc/arm-none-eabi/13.2.1/thumb/v8-m.base/nofp\libg_nano.a(libc_a-writer.o)
                0x00002ba8                _write_r
 .text.__errno  0x00002bcc        0xc C:/Work_related/e2_fsp_download_location/toolchains/gcc_arm/13.2.rel1/bin/../lib/gcc/arm-none-eabi/13.2.1/thumb/v8-m.base/nofp\libg_nano.a(libc_a-errno.o)
                0x00002bcc                __errno
 .text.__retarget_lock_init_recursive
                0x00002bd8        0x2 C:/Work_related/e2_fsp_download_location/toolchains/gcc_arm/13.2.rel1/bin/../lib/gcc/arm-none-eabi/13.2.1/thumb/v8-m.base/nofp\libg_nano.a(libc_a-lock.o)
                0x00002bd8                __retarget_lock_init_recursive
 .text.__retarget_lock_acquire_recursive
                0x00002bda        0x2 C:/Work_related/e2_fsp_download_location/toolchains/gcc_arm/13.2.rel1/bin/../lib/gcc/arm-none-eabi/13.2.1/thumb/v8-m.base/nofp\libg_nano.a(libc_a-lock.o)
                0x00002bda                __retarget_lock_acquire_recursive
 .text.__retarget_lock_release_recursive
                0x00002bdc        0x2 C:/Work_related/e2_fsp_download_location/toolchains/gcc_arm/13.2.rel1/bin/../lib/gcc/arm-none-eabi/13.2.1/thumb/v8-m.base/nofp\libg_nano.a(libc_a-lock.o)
                0x00002bdc                __retarget_lock_release_recursive
 .text.memchr   0x00002bde       0x16 C:/Work_related/e2_fsp_download_location/toolchains/gcc_arm/13.2.rel1/bin/../lib/gcc/arm-none-eabi/13.2.1/thumb/v8-m.base/nofp\libg_nano.a(libc_a-memchr-stub.o)
                0x00002bde                memchr
 .text.memcpy   0x00002bf4       0x12 C:/Work_related/e2_fsp_download_location/toolchains/gcc_arm/13.2.rel1/bin/../lib/gcc/arm-none-eabi/13.2.1/thumb/v8-m.base/nofp\libg_nano.a(libc_a-memcpy-stub.o)
                0x00002bf4                memcpy
 .text          0x00002c06        0xe C:/Work_related/e2_fsp_download_location/toolchains/gcc_arm/13.2.rel1/bin/../lib/gcc/arm-none-eabi/13.2.1/thumb/v8-m.base/nofp\libg_nano.a(libc_a-strlen.o)
                0x00002c06                strlen
 .text.quorem   0x00002c14      0x10e C:/Work_related/e2_fsp_download_location/toolchains/gcc_arm/13.2.rel1/bin/../lib/gcc/arm-none-eabi/13.2.1/thumb/v8-m.base/nofp\libg_nano.a(libc_a-dtoa.o)
 *fill*         0x00002d22        0x2 ff
 .text._dtoa_r  0x00002d24      0xbac C:/Work_related/e2_fsp_download_location/toolchains/gcc_arm/13.2.rel1/bin/../lib/gcc/arm-none-eabi/13.2.1/thumb/v8-m.base/nofp\libg_nano.a(libc_a-dtoa.o)
                0x00002d24                _dtoa_r
 .text._free_r  0x000038d0       0x90 C:/Work_related/e2_fsp_download_location/toolchains/gcc_arm/13.2.rel1/bin/../lib/gcc/arm-none-eabi/13.2.1/thumb/v8-m.base/nofp\libg_nano.a(libc_a-freer.o)
                0x000038d0                _free_r
 .text.malloc   0x00003960       0x14 C:/Work_related/e2_fsp_download_location/toolchains/gcc_arm/13.2.rel1/bin/../lib/gcc/arm-none-eabi/13.2.1/thumb/v8-m.base/nofp\libg_nano.a(libc_a-malloc.o)
                0x00003960                malloc
 .text.sbrk_aligned
                0x00003974       0x44 C:/Work_related/e2_fsp_download_location/toolchains/gcc_arm/13.2.rel1/bin/../lib/gcc/arm-none-eabi/13.2.1/thumb/v8-m.base/nofp\libg_nano.a(libc_a-mallocr.o)
 .text._malloc_r
                0x000039b8      0x100 C:/Work_related/e2_fsp_download_location/toolchains/gcc_arm/13.2.rel1/bin/../lib/gcc/arm-none-eabi/13.2.1/thumb/v8-m.base/nofp\libg_nano.a(libc_a-mallocr.o)
                0x000039b8                _malloc_r
 .text.__malloc_lock
                0x00003ab8       0x10 C:/Work_related/e2_fsp_download_location/toolchains/gcc_arm/13.2.rel1/bin/../lib/gcc/arm-none-eabi/13.2.1/thumb/v8-m.base/nofp\libg_nano.a(libc_a-mlock.o)
                0x00003ab8                __malloc_lock
 .text.__malloc_unlock
                0x00003ac8       0x10 C:/Work_related/e2_fsp_download_location/toolchains/gcc_arm/13.2.rel1/bin/../lib/gcc/arm-none-eabi/13.2.1/thumb/v8-m.base/nofp\libg_nano.a(libc_a-mlock.o)
                0x00003ac8                __malloc_unlock
 .text._Balloc  0x00003ad8       0x80 C:/Work_related/e2_fsp_download_location/toolchains/gcc_arm/13.2.rel1/bin/../lib/gcc/arm-none-eabi/13.2.1/thumb/v8-m.base/nofp\libg_nano.a(libc_a-mprec.o)
                0x00003ad8                _Balloc
 .text._Bfree   0x00003b58       0x44 C:/Work_related/e2_fsp_download_location/toolchains/gcc_arm/13.2.rel1/bin/../lib/gcc/arm-none-eabi/13.2.1/thumb/v8-m.base/nofp\libg_nano.a(libc_a-mprec.o)
                0x00003b58                _Bfree
 .text.__multadd
                0x00003b9c       0x84 C:/Work_related/e2_fsp_download_location/toolchains/gcc_arm/13.2.rel1/bin/../lib/gcc/arm-none-eabi/13.2.1/thumb/v8-m.base/nofp\libg_nano.a(libc_a-mprec.o)
                0x00003b9c                __multadd
 .text.__hi0bits
                0x00003c20       0x42 C:/Work_related/e2_fsp_download_location/toolchains/gcc_arm/13.2.rel1/bin/../lib/gcc/arm-none-eabi/13.2.1/thumb/v8-m.base/nofp\libg_nano.a(libc_a-mprec.o)
                0x00003c20                __hi0bits
 .text.__lo0bits
                0x00003c62       0x5a C:/Work_related/e2_fsp_download_location/toolchains/gcc_arm/13.2.rel1/bin/../lib/gcc/arm-none-eabi/13.2.1/thumb/v8-m.base/nofp\libg_nano.a(libc_a-mprec.o)
                0x00003c62                __lo0bits
 .text.__i2b    0x00003cbc       0x2c C:/Work_related/e2_fsp_download_location/toolchains/gcc_arm/13.2.rel1/bin/../lib/gcc/arm-none-eabi/13.2.1/thumb/v8-m.base/nofp\libg_nano.a(libc_a-mprec.o)
                0x00003cbc                __i2b
 .text.__multiply
                0x00003ce8      0x150 C:/Work_related/e2_fsp_download_location/toolchains/gcc_arm/13.2.rel1/bin/../lib/gcc/arm-none-eabi/13.2.1/thumb/v8-m.base/nofp\libg_nano.a(libc_a-mprec.o)
                0x00003ce8                __multiply
 .text.__pow5mult
                0x00003e38       0xb0 C:/Work_related/e2_fsp_download_location/toolchains/gcc_arm/13.2.rel1/bin/../lib/gcc/arm-none-eabi/13.2.1/thumb/v8-m.base/nofp\libg_nano.a(libc_a-mprec.o)
                0x00003e38                __pow5mult
 .text.__lshift
                0x00003ee8       0xd4 C:/Work_related/e2_fsp_download_location/toolchains/gcc_arm/13.2.rel1/bin/../lib/gcc/arm-none-eabi/13.2.1/thumb/v8-m.base/nofp\libg_nano.a(libc_a-mprec.o)
                0x00003ee8                __lshift
 .text.__mcmp   0x00003fbc       0x36 C:/Work_related/e2_fsp_download_location/toolchains/gcc_arm/13.2.rel1/bin/../lib/gcc/arm-none-eabi/13.2.1/thumb/v8-m.base/nofp\libg_nano.a(libc_a-mprec.o)
                0x00003fbc                __mcmp
 *fill*         0x00003ff2        0x2 ff
 .text.__mdiff  0x00003ff4      0x12c C:/Work_related/e2_fsp_download_location/toolchains/gcc_arm/13.2.rel1/bin/../lib/gcc/arm-none-eabi/13.2.1/thumb/v8-m.base/nofp\libg_nano.a(libc_a-mprec.o)
                0x00003ff4                __mdiff
 .text.__d2b    0x00004120       0xb8 C:/Work_related/e2_fsp_download_location/toolchains/gcc_arm/13.2.rel1/bin/../lib/gcc/arm-none-eabi/13.2.1/thumb/v8-m.base/nofp\libg_nano.a(libc_a-mprec.o)
                0x00004120                __d2b
 .text.__ssputs_r
                0x000041d8       0xc4 C:/Work_related/e2_fsp_download_location/toolchains/gcc_arm/13.2.rel1/bin/../lib/gcc/arm-none-eabi/13.2.1/thumb/v8-m.base/nofp\libg_nano.a(libc_a-nano-svfprintf.o)
                0x000041d8                __ssputs_r
 .text._svfprintf_r
                0x0000429c      0x1f8 C:/Work_related/e2_fsp_download_location/toolchains/gcc_arm/13.2.rel1/bin/../lib/gcc/arm-none-eabi/13.2.1/thumb/v8-m.base/nofp\libg_nano.a(libc_a-nano-svfprintf.o)
                0x0000429c                _svfiprintf_r
                0x0000429c                _svfprintf_r
 .text.__sflush_r
                0x00004494      0x104 C:/Work_related/e2_fsp_download_location/toolchains/gcc_arm/13.2.rel1/bin/../lib/gcc/arm-none-eabi/13.2.1/thumb/v8-m.base/nofp\libg_nano.a(libc_a-fflush.o)
                0x00004494                __sflush_r
 .text._fflush_r
                0x00004598       0x50 C:/Work_related/e2_fsp_download_location/toolchains/gcc_arm/13.2.rel1/bin/../lib/gcc/arm-none-eabi/13.2.1/thumb/v8-m.base/nofp\libg_nano.a(libc_a-fflush.o)
                0x00004598                _fflush_r
 .text.memmove  0x000045e8       0x24 C:/Work_related/e2_fsp_download_location/toolchains/gcc_arm/13.2.rel1/bin/../lib/gcc/arm-none-eabi/13.2.1/thumb/v8-m.base/nofp\libg_nano.a(libc_a-memmove.o)
                0x000045e8                memmove
 .text._sbrk_r  0x0000460c       0x20 C:/Work_related/e2_fsp_download_location/toolchains/gcc_arm/13.2.rel1/bin/../lib/gcc/arm-none-eabi/13.2.1/thumb/v8-m.base/nofp\libg_nano.a(libc_a-sbrkr.o)
                0x0000460c                _sbrk_r
 .text._calloc_r
                0x0000462c       0x54 C:/Work_related/e2_fsp_download_location/toolchains/gcc_arm/13.2.rel1/bin/../lib/gcc/arm-none-eabi/13.2.1/thumb/v8-m.base/nofp\libg_nano.a(libc_a-callocr.o)
                0x0000462c                _calloc_r
 .text.__ascii_mbtowc
                0x00004680       0x20 C:/Work_related/e2_fsp_download_location/toolchains/gcc_arm/13.2.rel1/bin/../lib/gcc/arm-none-eabi/13.2.1/thumb/v8-m.base/nofp\libg_nano.a(libc_a-mbtowc_r.o)
                0x00004680                __ascii_mbtowc
 .text._realloc_r
                0x000046a0       0x5a C:/Work_related/e2_fsp_download_location/toolchains/gcc_arm/13.2.rel1/bin/../lib/gcc/arm-none-eabi/13.2.1/thumb/v8-m.base/nofp\libg_nano.a(libc_a-reallocr.o)
                0x000046a0                _realloc_r
 .text.__ascii_wctomb
                0x000046fa       0x1a C:/Work_related/e2_fsp_download_location/toolchains/gcc_arm/13.2.rel1/bin/../lib/gcc/arm-none-eabi/13.2.1/thumb/v8-m.base/nofp\libg_nano.a(libc_a-wctomb_r.o)
                0x000046fa                __ascii_wctomb
 .text._malloc_usable_size_r
                0x00004714       0x10 C:/Work_related/e2_fsp_download_location/toolchains/gcc_arm/13.2.rel1/bin/../lib/gcc/arm-none-eabi/13.2.1/thumb/v8-m.base/nofp\libg_nano.a(libc_a-msizer.o)
                0x00004714                _malloc_usable_size_r
 .text          0x00004724       0x14 C:/Work_related/e2_fsp_download_location/toolchains/gcc_arm/13.2.rel1/bin/../lib/gcc/arm-none-eabi/13.2.1/thumb/v8-m.base/nofp\libgcc.a(_thumb1_case_uqi.o)
                0x00004724                __gnu_thumb1_case_uqi
 .text          0x00004738       0x14 C:/Work_related/e2_fsp_download_location/toolchains/gcc_arm/13.2.rel1/bin/../lib/gcc/arm-none-eabi/13.2.1/thumb/v8-m.base/nofp\libgcc.a(_thumb1_case_shi.o)
                0x00004738                __gnu_thumb1_case_shi
 .text          0x0000474c       0x7c C:/Work_related/e2_fsp_download_location/toolchains/gcc_arm/13.2.rel1/bin/../lib/gcc/arm-none-eabi/13.2.1/thumb/v8-m.base/nofp\libgcc.a(_arm_cmpdf2.o)
                0x0000474c                __aeabi_cdrcmple
                0x0000475c                __aeabi_cdcmple
                0x0000475c                __aeabi_cdcmpeq
                0x0000476c                __aeabi_dcmpeq
                0x00004778                __aeabi_dcmplt
                0x0000478c                __aeabi_dcmple
                0x000047a0                __aeabi_dcmpgt
                0x000047b4                __aeabi_dcmpge
 .text.__aeabi_dadd
                0x000047c8      0x704 C:/Work_related/e2_fsp_download_location/toolchains/gcc_arm/13.2.rel1/bin/../lib/gcc/arm-none-eabi/13.2.1/thumb/v8-m.base/nofp\libgcc.a(adddf3.o)
                0x000047c8                __aeabi_dadd
 .text.__aeabi_ddiv
                0x00004ecc      0x678 C:/Work_related/e2_fsp_download_location/toolchains/gcc_arm/13.2.rel1/bin/../lib/gcc/arm-none-eabi/13.2.1/thumb/v8-m.base/nofp\libgcc.a(divdf3.o)
                0x00004ecc                __aeabi_ddiv
 .text.__eqdf2  0x00005544       0x88 C:/Work_related/e2_fsp_download_location/toolchains/gcc_arm/13.2.rel1/bin/../lib/gcc/arm-none-eabi/13.2.1/thumb/v8-m.base/nofp\libgcc.a(eqdf2.o)
                0x00005544                __nedf2
                0x00005544                __eqdf2
 .text.__gedf2  0x000055cc       0xdc C:/Work_related/e2_fsp_download_location/toolchains/gcc_arm/13.2.rel1/bin/../lib/gcc/arm-none-eabi/13.2.1/thumb/v8-m.base/nofp\libgcc.a(gedf2.o)
                0x000055cc                __gedf2
                0x000055cc                __gtdf2
 .text.__ledf2  0x000056a8       0xdc C:/Work_related/e2_fsp_download_location/toolchains/gcc_arm/13.2.rel1/bin/../lib/gcc/arm-none-eabi/13.2.1/thumb/v8-m.base/nofp\libgcc.a(ledf2.o)
                0x000056a8                __ledf2
                0x000056a8                __ltdf2
 .text.__aeabi_dmul
                0x00005784      0x5b4 C:/Work_related/e2_fsp_download_location/toolchains/gcc_arm/13.2.rel1/bin/../lib/gcc/arm-none-eabi/13.2.1/thumb/v8-m.base/nofp\libgcc.a(muldf3.o)
                0x00005784                __aeabi_dmul
 .text.__aeabi_dsub
                0x00005d38      0x7a4 C:/Work_related/e2_fsp_download_location/toolchains/gcc_arm/13.2.rel1/bin/../lib/gcc/arm-none-eabi/13.2.1/thumb/v8-m.base/nofp\libgcc.a(subdf3.o)
                0x00005d38                __aeabi_dsub
 .text.__aeabi_dcmpun
                0x000064dc       0x38 C:/Work_related/e2_fsp_download_location/toolchains/gcc_arm/13.2.rel1/bin/../lib/gcc/arm-none-eabi/13.2.1/thumb/v8-m.base/nofp\libgcc.a(unorddf2.o)
                0x000064dc                __aeabi_dcmpun
 .text.__aeabi_d2iz
                0x00006514       0x70 C:/Work_related/e2_fsp_download_location/toolchains/gcc_arm/13.2.rel1/bin/../lib/gcc/arm-none-eabi/13.2.1/thumb/v8-m.base/nofp\libgcc.a(fixdfsi.o)
                0x00006514                __aeabi_d2iz
 .text.__aeabi_i2d
                0x00006584       0x58 C:/Work_related/e2_fsp_download_location/toolchains/gcc_arm/13.2.rel1/bin/../lib/gcc/arm-none-eabi/13.2.1/thumb/v8-m.base/nofp\libgcc.a(floatsidf.o)
                0x00006584                __aeabi_i2d
 .text.__aeabi_ui2d
                0x000065dc       0x48 C:/Work_related/e2_fsp_download_location/toolchains/gcc_arm/13.2.rel1/bin/../lib/gcc/arm-none-eabi/13.2.1/thumb/v8-m.base/nofp\libgcc.a(floatunsidf.o)
                0x000065dc                __aeabi_ui2d
 .text.findslot
                0x00006624       0x30 C:/Work_related/e2_fsp_download_location/toolchains/gcc_arm/13.2.rel1/bin/../lib/gcc/arm-none-eabi/13.2.1/thumb/v8-m.base/nofp\librdimon_nano.a(arm_librdimon_a-syscalls.o)
 .text.error    0x00006654       0x1c C:/Work_related/e2_fsp_download_location/toolchains/gcc_arm/13.2.rel1/bin/../lib/gcc/arm-none-eabi/13.2.1/thumb/v8-m.base/nofp\librdimon_nano.a(arm_librdimon_a-syscalls.o)
 .text.checkerror
                0x00006670        0xc C:/Work_related/e2_fsp_download_location/toolchains/gcc_arm/13.2.rel1/bin/../lib/gcc/arm-none-eabi/13.2.1/thumb/v8-m.base/nofp\librdimon_nano.a(arm_librdimon_a-syscalls.o)
 .text._swiread
                0x0000667c       0x20 C:/Work_related/e2_fsp_download_location/toolchains/gcc_arm/13.2.rel1/bin/../lib/gcc/arm-none-eabi/13.2.1/thumb/v8-m.base/nofp\librdimon_nano.a(arm_librdimon_a-syscalls.o)
                0x0000667c                _swiread
 .text._read    0x0000669c       0x34 C:/Work_related/e2_fsp_download_location/toolchains/gcc_arm/13.2.rel1/bin/../lib/gcc/arm-none-eabi/13.2.1/thumb/v8-m.base/nofp\librdimon_nano.a(arm_librdimon_a-syscalls.o)
                0x0000669c                _read
 .text._swilseek
                0x000066d0       0x76 C:/Work_related/e2_fsp_download_location/toolchains/gcc_arm/13.2.rel1/bin/../lib/gcc/arm-none-eabi/13.2.1/thumb/v8-m.base/nofp\librdimon_nano.a(arm_librdimon_a-syscalls.o)
                0x000066d0                _swilseek
 .text._lseek   0x00006746        0x8 C:/Work_related/e2_fsp_download_location/toolchains/gcc_arm/13.2.rel1/bin/../lib/gcc/arm-none-eabi/13.2.1/thumb/v8-m.base/nofp\librdimon_nano.a(arm_librdimon_a-syscalls.o)
                0x00006746                _lseek
 .text._swiwrite
                0x0000674e       0x20 C:/Work_related/e2_fsp_download_location/toolchains/gcc_arm/13.2.rel1/bin/../lib/gcc/arm-none-eabi/13.2.1/thumb/v8-m.base/nofp\librdimon_nano.a(arm_librdimon_a-syscalls.o)
                0x0000674e                _swiwrite
 .text._write   0x0000676e       0x3e C:/Work_related/e2_fsp_download_location/toolchains/gcc_arm/13.2.rel1/bin/../lib/gcc/arm-none-eabi/13.2.1/thumb/v8-m.base/nofp\librdimon_nano.a(arm_librdimon_a-syscalls.o)
                0x0000676e                _write
 .text._swiclose
                0x000067ac       0x18 C:/Work_related/e2_fsp_download_location/toolchains/gcc_arm/13.2.rel1/bin/../lib/gcc/arm-none-eabi/13.2.1/thumb/v8-m.base/nofp\librdimon_nano.a(arm_librdimon_a-syscalls.o)
                0x000067ac                _swiclose
 .text._close   0x000067c4       0x4c C:/Work_related/e2_fsp_download_location/toolchains/gcc_arm/13.2.rel1/bin/../lib/gcc/arm-none-eabi/13.2.1/thumb/v8-m.base/nofp\librdimon_nano.a(arm_librdimon_a-syscalls.o)
                0x000067c4                _close
 .text._swistat
                0x00006810       0x44 C:/Work_related/e2_fsp_download_location/toolchains/gcc_arm/13.2.rel1/bin/../lib/gcc/arm-none-eabi/13.2.1/thumb/v8-m.base/nofp\librdimon_nano.a(arm_librdimon_a-syscalls.o)
                0x00006810                _swistat
 .text._stat    0x00006854       0x3c C:/Work_related/e2_fsp_download_location/toolchains/gcc_arm/13.2.rel1/bin/../lib/gcc/arm-none-eabi/13.2.1/thumb/v8-m.base/nofp\librdimon_nano.a(arm_librdimon_a-syscalls.o)
                0x00006854                _stat
 .text._swiopen
                0x00006890       0xb4 C:/Work_related/e2_fsp_download_location/toolchains/gcc_arm/13.2.rel1/bin/../lib/gcc/arm-none-eabi/13.2.1/thumb/v8-m.base/nofp\librdimon_nano.a(arm_librdimon_a-syscalls.o)
                0x00006890                _swiopen
 .text._get_semihosting_exts
                0x00006944       0xa8 C:/Work_related/e2_fsp_download_location/toolchains/gcc_arm/13.2.rel1/bin/../lib/gcc/arm-none-eabi/13.2.1/thumb/v8-m.base/nofp\librdimon_nano.a(arm_librdimon_a-syscalls.o)
                0x00006944                _get_semihosting_exts
 .text.initialise_semihosting_exts
                0x000069ec       0x34 C:/Work_related/e2_fsp_download_location/toolchains/gcc_arm/13.2.rel1/bin/../lib/gcc/arm-none-eabi/13.2.1/thumb/v8-m.base/nofp\librdimon_nano.a(arm_librdimon_a-syscalls.o)
 .text._has_ext_stdout_stderr
                0x00006a20       0x18 C:/Work_related/e2_fsp_download_location/toolchains/gcc_arm/13.2.rel1/bin/../lib/gcc/arm-none-eabi/13.2.1/thumb/v8-m.base/nofp\librdimon_nano.a(arm_librdimon_a-syscalls.o)
                0x00006a20                _has_ext_stdout_stderr
 .text.initialise_monitor_handles
                0x00006a38       0xb0 C:/Work_related/e2_fsp_download_location/toolchains/gcc_arm/13.2.rel1/bin/../lib/gcc/arm-none-eabi/13.2.1/thumb/v8-m.base/nofp\librdimon_nano.a(arm_librdimon_a-syscalls.o)
                0x00006a38                initialise_monitor_handles
 *(.version)
 .version       0x00006ae8       0x50 ./ra/fsp/src/bsp/mcu/all/bsp_common.o
 *(.init)
 .init          0x00006b38        0x4 C:/Work_related/e2_fsp_download_location/toolchains/gcc_arm/13.2.rel1/bin/../lib/gcc/arm-none-eabi/13.2.1/thumb/v8-m.base/nofp/crti.o
                0x00006b38                _init
 .init          0x00006b3c        0x8 C:/Work_related/e2_fsp_download_location/toolchains/gcc_arm/13.2.rel1/bin/../lib/gcc/arm-none-eabi/13.2.1/thumb/v8-m.base/nofp/crtn.o
 *(.fini)
 .fini          0x00006b44        0x4 C:/Work_related/e2_fsp_download_location/toolchains/gcc_arm/13.2.rel1/bin/../lib/gcc/arm-none-eabi/13.2.1/thumb/v8-m.base/nofp/crti.o
                0x00006b44                _fini
 .fini          0x00006b48        0x8 C:/Work_related/e2_fsp_download_location/toolchains/gcc_arm/13.2.rel1/bin/../lib/gcc/arm-none-eabi/13.2.1/thumb/v8-m.base/nofp/crtn.o
 *crtbegin.o(.ctors)
 *crtbegin?.o(.ctors)
 *(EXCLUDE_FILE(*crtend.o *crtend?.o) .ctors)
 *(SORT_BY_NAME(.ctors.*))
 *(.ctors)
 *crtbegin.o(.dtors)
 *crtbegin?.o(.dtors)
 *(EXCLUDE_FILE(*crtend.o *crtend?.o) .dtors)
 *(SORT_BY_NAME(.dtors.*))
 *(.dtors)
 *(.rodata*)
 .rodata._DoInit.str1.4
                0x00006b50       0x9c ./src/SEGGER_RTT/SEGGER_RTT.o
                                  0x9 (size before relaxing)
 .rodata._aInitStr.0
                0x00006bec       0x11 ./src/SEGGER_RTT/SEGGER_RTT.o
 .rodata.SEGGER_RTT_vprintf.str1.4
                0x00006bfd        0x7 ./src/SEGGER_RTT/SEGGER_RTT_printf.o
 *fill*         0x00006bfd        0x3 ff
 .rodata.SEGGER_RTT_vprintf
                0x00006c00       0x84 ./src/SEGGER_RTT/SEGGER_RTT_printf.o
 .rodata._aV2C.0
                0x00006c84       0x10 ./src/SEGGER_RTT/SEGGER_RTT_printf.o
 .rodata.adc_read_value.str1.4
                0x00006c94       0x2b ./src/adc_thread_entry.o
 .rodata.adc_start_calibration.str1.4
                0x00006c94       0x35 ./src/adc_thread_entry.o
 .rodata.adc_thread_entry.str1.4
                0x00006c94       0x24 ./src/adc_thread_entry.o
 .rodata.g_adc0
                0x00006c94       0x10 ./ra_gen/hal_data.o
                0x00006c94                g_adc0
 .rodata.g_adc0_channel_cfg
                0x00006ca4       0x14 ./ra_gen/hal_data.o
                0x00006ca4                g_adc0_channel_cfg
 .rodata.g_adc0_window_cfg
                0x00006cb8       0x14 ./ra_gen/hal_data.o
                0x00006cb8                g_adc0_window_cfg
 .rodata.g_adc0_cfg
                0x00006ccc       0x18 ./ra_gen/hal_data.o
                0x00006ccc                g_adc0_cfg
 .rodata.g_adc0_cfg_extend
                0x00006ce4        0xa ./ra_gen/hal_data.o
                0x00006ce4                g_adc0_cfg_extend
 *fill*         0x00006cee        0x2 ff
 .rodata.g_bsp_pin_cfg
                0x00006cf0        0xc ./ra_gen/pin_data.o
                0x00006cf0                g_bsp_pin_cfg
 .rodata.g_bsp_pin_cfg_data
                0x00006cfc       0x58 ./ra_gen/pin_data.o
                0x00006cfc                g_bsp_pin_cfg_data
 .rodata.g_interrupt_event_link_select
                0x00006d54       0x20 ./ra_gen/vector_data.o
                0x00006d54                g_interrupt_event_link_select
 .rodata.g_adc_on_adc
                0x00006d74       0x34 ./ra/fsp/src/r_adc/r_adc.o
                0x00006d74                g_adc_on_adc
 .rodata.adc_elc_trigger_lut
                0x00006da8        0xc ./ra/fsp/src/r_adc/r_adc.o
 .rodata.g_prcr_masks
                0x00006db4        0x8 ./ra/fsp/src/bsp/mcu/all/bsp_register_protection.o
 .rodata._printf_float.str1.1
                0x00006dbc      0x151 C:/Work_related/e2_fsp_download_location/toolchains/gcc_arm/13.2.rel1/bin/../lib/gcc/arm-none-eabi/13.2.1/thumb/v8-m.base/nofp\libg_nano.a(libc_a-nano-vfprintf_float.o)
                                 0x12 (size before relaxing)
 .rodata._printf_i.str1.1
                0x00006f0d       0x22 C:/Work_related/e2_fsp_download_location/toolchains/gcc_arm/13.2.rel1/bin/../lib/gcc/arm-none-eabi/13.2.1/thumb/v8-m.base/nofp\libg_nano.a(libc_a-nano-vfprintf_i.o)
 .rodata._dtoa_r.str1.1
                0x00006f0d       0x90 C:/Work_related/e2_fsp_download_location/toolchains/gcc_arm/13.2.rel1/bin/../lib/gcc/arm-none-eabi/13.2.1/thumb/v8-m.base/nofp\libg_nano.a(libc_a-dtoa.o)
 .rodata._Balloc.str1.1
                0x00006f0d       0x71 C:/Work_related/e2_fsp_download_location/toolchains/gcc_arm/13.2.rel1/bin/../lib/gcc/arm-none-eabi/13.2.1/thumb/v8-m.base/nofp\libg_nano.a(libc_a-mprec.o)
 .rodata.__multadd.str1.1
                0x00006f0d       0x11 C:/Work_related/e2_fsp_download_location/toolchains/gcc_arm/13.2.rel1/bin/../lib/gcc/arm-none-eabi/13.2.1/thumb/v8-m.base/nofp\libg_nano.a(libc_a-mprec.o)
 *fill*         0x00006f0d        0x3 ff
 .rodata.p05.0  0x00006f10        0xc C:/Work_related/e2_fsp_download_location/toolchains/gcc_arm/13.2.rel1/bin/../lib/gcc/arm-none-eabi/13.2.1/thumb/v8-m.base/nofp\libg_nano.a(libc_a-mprec.o)
 *fill*         0x00006f1c        0x4 ff
 .rodata.__mprec_bigtens
                0x00006f20       0x28 C:/Work_related/e2_fsp_download_location/toolchains/gcc_arm/13.2.rel1/bin/../lib/gcc/arm-none-eabi/13.2.1/thumb/v8-m.base/nofp\libg_nano.a(libc_a-mprec.o)
                0x00006f20                __mprec_bigtens
 .rodata.__mprec_tens
                0x00006f48       0xc8 C:/Work_related/e2_fsp_download_location/toolchains/gcc_arm/13.2.rel1/bin/../lib/gcc/arm-none-eabi/13.2.1/thumb/v8-m.base/nofp\libg_nano.a(libc_a-mprec.o)
                0x00006f48                __mprec_tens
 .rodata._svfprintf_r.str1.1
                0x00007010       0x11 C:/Work_related/e2_fsp_download_location/toolchains/gcc_arm/13.2.rel1/bin/../lib/gcc/arm-none-eabi/13.2.1/thumb/v8-m.base/nofp\libg_nano.a(libc_a-nano-svfprintf.o)
 .rodata._setlocale_r.str1.1
                0x00007010        0x9 C:/Work_related/e2_fsp_download_location/toolchains/gcc_arm/13.2.rel1/bin/../lib/gcc/arm-none-eabi/13.2.1/thumb/v8-m.base/nofp\libg_nano.a(libc_a-locale.o)
 .rodata.str1.1
                0x00007010        0x2 C:/Work_related/e2_fsp_download_location/toolchains/gcc_arm/13.2.rel1/bin/../lib/gcc/arm-none-eabi/13.2.1/thumb/v8-m.base/nofp\libg_nano.a(libc_a-locale.o)
 .rodata._ctype_
                0x00007010      0x101 C:/Work_related/e2_fsp_download_location/toolchains/gcc_arm/13.2.rel1/bin/../lib/gcc/arm-none-eabi/13.2.1/thumb/v8-m.base/nofp\libg_nano.a(libc_a-ctype_.o)
                0x00007010                _ctype_
 *fill*         0x00007111        0x3 ff
 .rodata.__aeabi_ddiv
                0x00007114       0x40 C:/Work_related/e2_fsp_download_location/toolchains/gcc_arm/13.2.rel1/bin/../lib/gcc/arm-none-eabi/13.2.1/thumb/v8-m.base/nofp\libgcc.a(divdf3.o)
 .rodata._get_semihosting_exts.str1.1
                0x00007154       0x16 C:/Work_related/e2_fsp_download_location/toolchains/gcc_arm/13.2.rel1/bin/../lib/gcc/arm-none-eabi/13.2.1/thumb/v8-m.base/nofp\librdimon_nano.a(arm_librdimon_a-syscalls.o)
 .rodata.initialise_monitor_handles.str1.1
                0x00007154        0x4 C:/Work_related/e2_fsp_download_location/toolchains/gcc_arm/13.2.rel1/bin/../lib/gcc/arm-none-eabi/13.2.1/thumb/v8-m.base/nofp\librdimon_nano.a(arm_librdimon_a-syscalls.o)
                0x00007154                        __usb_dev_descriptor_start_fs = .
 *(.usb_device_desc_fs*)
                0x00007154                        __usb_cfg_descriptor_start_fs = .
 *(.usb_config_desc_fs*)
                0x00007154                        __usb_interface_descriptor_start_fs = .
 *(.usb_interface_desc_fs*)
                0x00007154                        __usb_descriptor_end_fs = .
                0x00007154                        __usb_dev_descriptor_start_hs = .
 *(.usb_device_desc_hs*)
                0x00007154                        __usb_cfg_descriptor_start_hs = .
 *(.usb_config_desc_hs*)
                0x00007154                        __usb_interface_descriptor_start_hs = .
 *(.usb_interface_desc_hs*)
                0x00007154                        __usb_descriptor_end_hs = .
 *(.eh_frame*)
 .eh_frame      0x00007154        0x0 C:/Work_related/e2_fsp_download_location/toolchains/gcc_arm/13.2.rel1/bin/../lib/gcc/arm-none-eabi/13.2.1/thumb/v8-m.base/nofp/crtbegin.o
 .eh_frame      0x00007154        0x4 C:/Work_related/e2_fsp_download_location/toolchains/gcc_arm/13.2.rel1/bin/../lib/gcc/arm-none-eabi/13.2.1/thumb/v8-m.base/nofp/crtend.o
                0x00007158                        __ROM_End = .
                0x000000c0                        __Vectors_Size = (__Vectors_End - __Vectors)

.glue_7         0x00007158        0x0
 .glue_7        0x00007158        0x0 linker stubs

.glue_7t        0x00007158        0x0
 .glue_7t       0x00007158        0x0 linker stubs

.vfp11_veneer   0x00007158        0x0
 .vfp11_veneer  0x00007158        0x0 linker stubs

.v4_bx          0x00007158        0x0
 .v4_bx         0x00007158        0x0 linker stubs

.iplt           0x00007158        0x0
 .iplt          0x00007158        0x0 C:/Work_related/e2_fsp_download_location/toolchains/gcc_arm/13.2.rel1/bin/../lib/gcc/arm-none-eabi/13.2.1/thumb/v8-m.base/nofp/crtbegin.o
                0x00007158                        . = .
                0x00007158                        __itcm_data_pre_location = .

.itcm_data      0x00000000        0x0 load address 0x00007160
                0x00000000                        __tz_ITCM_S = ABSOLUTE (ITCM_START)
                0x00000000                        __itcm_data_start = .
 *(.itcm_data*)
                0x00000000                        . = ALIGN (0x8)
                0x00000000                        __itcm_data_end = .
                0x00000000                        __tz_ITCM_N = DEFINED (ITCM_NS_START)?ABSOLUTE (ITCM_NS_START):ALIGN (__itcm_data_end, 0x2000)
                0x00007160                        __itcm_data_init_start = LOADADDR (.itcm_data)
                0x00007160                        __itcm_data_init_end = (LOADADDR (.itcm_data) + SIZEOF (.itcm_data))
                0x00000001                        ASSERT (((ORIGIN (ITCM) % 0x8) == 0x0), ITCM memory region origin must be aligned to 8 bytes.)
                0x00000001                        ASSERT (((LENGTH (ITCM) % 0x8) == 0x0), ITCM memory region length must be a multiple of 8 bytes.)
                0x00000001                        ASSERT (((LOADADDR (.itcm_data) % 0x10) == 0x0), .itcm_data section must be aligned to 16 bytes.)
                0x00000001                        ASSERT (((SIZEOF (.itcm_data) % 0x8) == 0x0), .itcm_data section size must be a multiple of 8 bytes.)
                0x00007158                        . = (SIZEOF (.itcm_data) > 0x0)?__itcm_data_init_end:__itcm_data_pre_location
                0x00007158                        __exidx_start = .

/DISCARD/
 *(.ARM.extab* .gnu.linkonce.armextab.*)
 *(.ARM.exidx* .gnu.linkonce.armexidx.*)
                0x00007158                        __exidx_end = .
                0x00007158                        __etext = .
                0x20000000                        __tz_RAM_S = ORIGIN (RAM)

.fsp_dtc_vector_table
                0x20000000        0x0
                0x20000000                        . = ORIGIN (RAM)
 *(.fsp_dtc_vector_table)

.data           0x20000000      0x1dc load address 0x00007158
                0x20000000                        __data_start__ = .
                0x20000000                        . = ALIGN (0x4)
                0x20000000                        __Code_In_RAM_Start = .
 *(.code_in_ram*)
                0x20000000                        __Code_In_RAM_End = .
 *(vtable)
 *(.data.*)
 .data.raw_adc_digital_data
                0x20000000        0x2 ./src/adc_thread_entry.o
                0x20000000                raw_adc_digital_data
 *fill*         0x20000002        0x2 
 .data.__sglue  0x20000004        0xc C:/Work_related/e2_fsp_download_location/toolchains/gcc_arm/13.2.rel1/bin/../lib/gcc/arm-none-eabi/13.2.1/thumb/v8-m.base/nofp\libg_nano.a(libc_a-findfp.o)
                0x20000004                __sglue
 .data._impure_ptr
                0x20000010        0x4 C:/Work_related/e2_fsp_download_location/toolchains/gcc_arm/13.2.rel1/bin/../lib/gcc/arm-none-eabi/13.2.1/thumb/v8-m.base/nofp\libg_nano.a(libc_a-impure.o)
                0x20000010                _impure_ptr
 .data._impure_data
                0x20000014       0x4c C:/Work_related/e2_fsp_download_location/toolchains/gcc_arm/13.2.rel1/bin/../lib/gcc/arm-none-eabi/13.2.1/thumb/v8-m.base/nofp\libg_nano.a(libc_a-impure.o)
                0x20000014                _impure_data
 .data.__global_locale
                0x20000060      0x16c C:/Work_related/e2_fsp_download_location/toolchains/gcc_arm/13.2.rel1/bin/../lib/gcc/arm-none-eabi/13.2.1/thumb/v8-m.base/nofp\libg_nano.a(libc_a-locale.o)
                0x20000060                __global_locale
 .data.supports_ext_stdout_stderr
                0x200001cc        0x4 C:/Work_related/e2_fsp_download_location/toolchains/gcc_arm/13.2.rel1/bin/../lib/gcc/arm-none-eabi/13.2.1/thumb/v8-m.base/nofp\librdimon_nano.a(arm_librdimon_a-syscalls.o)
 .data.supports_ext_exit_extended
                0x200001d0        0x4 C:/Work_related/e2_fsp_download_location/toolchains/gcc_arm/13.2.rel1/bin/../lib/gcc/arm-none-eabi/13.2.1/thumb/v8-m.base/nofp\librdimon_nano.a(arm_librdimon_a-syscalls.o)
 *(.data)
                0x200001d4                        . = ALIGN (0x4)
                0x200001d4                        PROVIDE (__preinit_array_start = .)
 *(.preinit_array)
                0x200001d4                        PROVIDE (__preinit_array_end = .)
                0x200001d4                        . = ALIGN (0x4)
                0x200001d4                        PROVIDE (__init_array_start = .)
 *(SORT_BY_NAME(.init_array.*))
 *(.init_array)
 .init_array    0x200001d4        0x4 C:/Work_related/e2_fsp_download_location/toolchains/gcc_arm/13.2.rel1/bin/../lib/gcc/arm-none-eabi/13.2.1/thumb/v8-m.base/nofp/crtbegin.o
                0x200001d8                        PROVIDE (__init_array_end = .)
                0x200001d8                        . = ALIGN (0x4)
                [!provide]                        PROVIDE (__fini_array_start = .)
 *(SORT_BY_NAME(.fini_array.*))
 *(.fini_array)
 .fini_array    0x200001d8        0x4 C:/Work_related/e2_fsp_download_location/toolchains/gcc_arm/13.2.rel1/bin/../lib/gcc/arm-none-eabi/13.2.1/thumb/v8-m.base/nofp/crtbegin.o
                [!provide]                        PROVIDE (__fini_array_end = .)
 *(.jcr*)
                0x200001dc                        . = ALIGN (0x4)
                0x200001dc                        __data_end__ = .

.tm_clone_table
                0x200001dc        0x0 load address 0x00007334
 .tm_clone_table
                0x200001dc        0x0 C:/Work_related/e2_fsp_download_location/toolchains/gcc_arm/13.2.rel1/bin/../lib/gcc/arm-none-eabi/13.2.1/thumb/v8-m.base/nofp/crtbegin.o
 .tm_clone_table
                0x200001dc        0x0 C:/Work_related/e2_fsp_download_location/toolchains/gcc_arm/13.2.rel1/bin/../lib/gcc/arm-none-eabi/13.2.1/thumb/v8-m.base/nofp/crtend.o

.igot.plt       0x200001dc        0x0 load address 0x00007334
 .igot.plt      0x200001dc        0x0 C:/Work_related/e2_fsp_download_location/toolchains/gcc_arm/13.2.rel1/bin/../lib/gcc/arm-none-eabi/13.2.1/thumb/v8-m.base/nofp/crtbegin.o
                0x200001dc                        . = .
                0x00007334                        __dtcm_data_pre_location = (LOADADDR (.data) + SIZEOF (.data))

.dtcm_data      0x00000000        0x0 load address 0x00007340
                0x00000000                        __tz_DTCM_S = ABSOLUTE (DTCM_START)
                0x00000000                        __dtcm_data_start = .
 *(.dtcm_data*)
                0x00000000                        . = ALIGN (0x8)
                0x00000000                        __dtcm_data_end = .
                0x00000000                        . = __dtcm_data_end

.dtcm_bss       0x00000000        0x0
                0x00000000                        __dtcm_bss_start = .
 *(.dtcm_bss*)
                0x00000000                        . = ALIGN (0x8)
                0x00000000                        __dtcm_bss_end = .
                0x00000000                        __tz_DTCM_N = DEFINED (DTCM_NS_START)?ABSOLUTE (DTCM_NS_START):ALIGN (__dtcm_bss_end, 0x2000)
                0x00007340                        __dtcm_data_init_start = LOADADDR (.dtcm_data)
                0x00007340                        __dtcm_data_init_end = (LOADADDR (.dtcm_data) + SIZEOF (.dtcm_data))
                0x00000001                        ASSERT (((ORIGIN (DTCM) % 0x8) == 0x0), DTCM memory region origin must be aligned to 8 bytes.)
                0x00000001                        ASSERT (((LENGTH (DTCM) % 0x8) == 0x0), DTCM memory region length must be a multiple of 8 bytes.)
                0x00000001                        ASSERT ((LOADADDR (.dtcm_bss) == ADDR (.dtcm_bss)), .dtcm_bss has (VMA != LMA) but should be NOLOAD (VMA == LMA).)
                0x00000001                        ASSERT (((LOADADDR (.dtcm_data) % 0x10) == 0x0), .dtcm_data section must be aligned to 16 bytes.)
                0x00000001                        ASSERT (((SIZEOF (.dtcm_data) % 0x8) == 0x0), .dtcm_data section size must be a multiple of 8 bytes.)
                0x00000001                        ASSERT (((LOADADDR (.dtcm_bss) % 0x8) == 0x0), .dtcm_bss section must be aligned to 8 bytes.)
                0x00000001                        ASSERT (((SIZEOF (.dtcm_bss) % 0x8) == 0x0), .dtcm_bss section size must be a multiple of 8 bytes.)
                0x00000001                        ASSERT ((__dtcm_bss_start == __dtcm_data_end), .dtcm_bss section is not adjacent to .dtcm_data section.)
                0x00007334                        . = (SIZEOF (.dtcm_data) > 0x0)?__dtcm_data_init_end:__dtcm_data_pre_location
                0x00007334                        sgstubs_pre_location = .
                0x00007400                        SGSTUBS_LOC = (DEFINED (PROJECT_SECURE) && DEFINED (FLASH_NSC_START))?ABSOLUTE (FLASH_NSC_START):ALIGN (0x400)

.gnu.sgstubs    0x00007400        0x0
                0x00007400                        __tz_FLASH_C = DEFINED (FLASH_NSC_START)?ABSOLUTE (FLASH_NSC_START):__RESERVE_NS_RAM?ABSOLUTE ((FLASH_START + FLASH_LENGTH)):ALIGN (0x400)
                0x00007400                        _start_sg = .
 *(.gnu.sgstubs*)
                0x00007400                        . = ALIGN (0x20)
                0x00007400                        _end_sg = .
                0x00008000                        __tz_FLASH_N = DEFINED (FLASH_NS_START)?ABSOLUTE (FLASH_NS_START):__RESERVE_NS_RAM?ABSOLUTE ((FLASH_START + FLASH_LENGTH)):(FLASH_LENGTH < 0x8000)?FLASH_LENGTH:ALIGN (0x8000)
                0x00008000                        FLASH_NS_IMAGE_START = DEFINED (FLASH_NS_IMAGE_START)?FLASH_NS_IMAGE_START:__tz_FLASH_N
                0x60000000                        __tz_QSPI_FLASH_S = ORIGIN (QSPI_FLASH)

.qspi_flash     0x60000000        0x0
                0x60000000                        __qspi_flash_start__ = .
 *(.qspi_flash*)
 *(.code_in_qspi*)
                0x60000000                        __qspi_flash_end__ = .
                0x00000000                        __qspi_flash_code_size__ = (__qspi_flash_end__ - __qspi_flash_start__)
                0x00007334                        __qspi_flash_code_addr__ = sgstubs_pre_location

.qspi_non_retentive
                0x60000000        0x0 load address 0x00007334
                0x60000000                        __qspi_non_retentive_start__ = .
 *(.qspi_non_retentive*)
                0x60000000                        __qspi_non_retentive_end__ = .
                0x00000000                        __qspi_non_retentive_size__ = (__qspi_non_retentive_end__ - __qspi_non_retentive_start__)
                0x04000000                        __qspi_region_max_size__ = 0x4000000
                0x60000000                        __qspi_region_start_address__ = __qspi_flash_start__
                0x64000000                        __qspi_region_end_address__ = (__qspi_flash_start__ + __qspi_region_max_size__)
                0x60000000                        __tz_QSPI_FLASH_N = __qspi_non_retentive_end__

.OSPI_DEVICE_0_NO_LOAD
                0x80020000        0x0
                0x80020000                        . = ALIGN (0x4)
                0x80020000                        __ospi_device_0_start__ = .
 *(.ospi_device_0_no_load*)
                0x80020000                        . = ALIGN (0x4)
                0x80020000                        __ospi_device_0_end__ = .

.OSPI_DEVICE_1_NO_LOAD
                0x80030000        0x0
                0x80030000                        . = ALIGN (0x4)
                0x80030000                        __ospi_device_1_start__ = .
 *(.ospi_device_1_no_load*)
                0x80030000                        . = ALIGN (0x4)
                0x80030000                        __ospi_device_1_end__ = .
                0x80020000                        __tz_OSPI_DEVICE_0_S = ORIGIN (OSPI_DEVICE_0)

.OSPI_DEVICE_0  0x80020000        0x0
                0x80020000                        __ospi_device_0_start__ = .
 *(.ospi_device_0*)
 *(.code_in_ospi_device_0*)
                0x80020000                        __ospi_device_0_end__ = .
                0x00000000                        __ospi_device_0_code_size__ = (__ospi_device_0_end__ - __ospi_device_0_start__)
                0x00007334                        __ospi_device_0_code_addr__ = (sgstubs_pre_location + SIZEOF (.qspi_non_retentive))

.ospi_device_0_non_retentive
                0x80020000        0x0 load address 0x00007334
                0x80020000                        __ospi_device_0_non_retentive_start__ = .
 *(.ospi_device_0_non_retentive*)
                0x80020000                        __ospi_device_0_non_retentive_end__ = .
                0x00000000                        __ospi_device_0_non_retentive_size__ = (__ospi_device_0_non_retentive_end__ - __ospi_device_0_non_retentive_start__)
                0x08000000                        __ospi_device_0_region_max_size__ = 0x8000000
                0x80020000                        __ospi_device_0_region_start_address__ = __ospi_device_0_start__
                0x88020000                        __ospi_device_0_region_end_address__ = (__ospi_device_0_start__ + __ospi_device_0_region_max_size__)
                0x80020000                        __tz_OSPI_DEVICE_0_N = __ospi_device_0_non_retentive_end__
                0x80030000                        __tz_OSPI_DEVICE_1_S = ORIGIN (OSPI_DEVICE_1)

.OSPI_DEVICE_1  0x80030000        0x0
                0x80030000                        __ospi_device_1_start__ = .
 *(.ospi_device_1*)
 *(.code_in_ospi_device_1*)
                0x80030000                        __ospi_device_1_end__ = .
                0x00000000                        __ospi_device_1_code_size__ = (__ospi_device_1_end__ - __ospi_device_1_start__)
                0x00007334                        __ospi_device_1_code_addr__ = (sgstubs_pre_location + (SIZEOF (.qspi_non_retentive) + SIZEOF (.ospi_device_0_non_retentive)))

.ospi_device_1_non_retentive
                0x80030000        0x0 load address 0x00007334
                0x80030000                        __ospi_device_1_non_retentive_start__ = .
 *(.ospi_device_1_non_retentive*)
                0x80030000                        __ospi_device_1_non_retentive_end__ = .
                0x00000000                        __ospi_device_1_non_retentive_size__ = (__ospi_device_1_non_retentive_end__ - __ospi_device_1_non_retentive_start__)
                0x10000000                        __ospi_device_1_region_max_size__ = 0x10000000
                0x80030000                        __ospi_device_1_region_start_address__ = __ospi_device_1_start__
                0x90030000                        __ospi_device_1_region_end_address__ = (__ospi_device_1_start__ + __ospi_device_1_region_max_size__)
                0x80030000                        __tz_OSPI_DEVICE_1_N = __ospi_device_1_non_retentive_end__

.noinit         0x200001dc       0x14
                0x200001dc                        . = ALIGN (0x4)
                0x200001dc                        __noinit_start = .
 *(.noinit*)
 .noinit        0x200001dc       0x14 ./ra/fsp/src/bsp/mcu/all/bsp_clocks.o
                0x200001f0                        . = ALIGN (0x8)
 *(.heap.*)
                0x200001f0                        __noinit_end = .

.bss            0x200001f0      0x854
                0x200001f0                        . = ALIGN (0x4)
                0x200001f0                        __bss_start__ = .
 *(.bss*)
 .bss.completed.1
                0x200001f0        0x1 C:/Work_related/e2_fsp_download_location/toolchains/gcc_arm/13.2.rel1/bin/../lib/gcc/arm-none-eabi/13.2.1/thumb/v8-m.base/nofp/crtbegin.o
 *fill*         0x200001f1        0x3 
 .bss.object.0  0x200001f4       0x18 C:/Work_related/e2_fsp_download_location/toolchains/gcc_arm/13.2.rel1/bin/../lib/gcc/arm-none-eabi/13.2.1/thumb/v8-m.base/nofp/crtbegin.o
 .bss._acDownBuffer
                0x2000020c       0x10 ./src/SEGGER_RTT/SEGGER_RTT.o
 .bss._acUpBuffer
                0x2000021c      0x400 ./src/SEGGER_RTT/SEGGER_RTT.o
 .bss._SEGGER_RTT
                0x2000061c       0xa8 ./src/SEGGER_RTT/SEGGER_RTT.o
                0x2000061c                _SEGGER_RTT
 .bss.buffer_is_full
                0x200006c4        0x1 ./src/adc_thread_entry.o
                0x200006c4                buffer_is_full
 *fill*         0x200006c5        0x3 
 .bss.adc0_status
                0x200006c8        0x1 ./src/adc_thread_entry.o
                0x200006c8                adc0_status
 *fill*         0x200006c9        0x3 
 .bss.adc_str   0x200006cc       0x80 ./src/adc_thread_entry.o
                0x200006cc                adc_str
 .bss.g_ioport_ctrl
                0x2000074c        0x8 ./ra_gen/common_data.o
                0x2000074c                g_ioport_ctrl
 .bss.g_adc0_ctrl
                0x20000754       0x24 ./ra_gen/hal_data.o
                0x20000754                g_adc0_ctrl
 .bss.g_bsp_group_irq_sources
                0x20000778       0x40 ./ra/fsp/src/bsp/mcu/all/bsp_group_irq.o
                0x20000778                g_bsp_group_irq_sources
 .bss.g_protect_pfswe_counter
                0x200007b8        0x4 ./ra/fsp/src/bsp/mcu/all/bsp_io.o
                0x200007b8                g_protect_pfswe_counter
 .bss.gp_renesas_isr_context
                0x200007bc       0x80 ./ra/fsp/src/bsp/mcu/all/bsp_irq.o
                0x200007bc                gp_renesas_isr_context
 .bss.g_protect_counters
                0x2000083c        0x8 ./ra/fsp/src/bsp/mcu/all/bsp_register_protection.o
                0x2000083c                g_protect_counters
 .bss.current_heap_end.0
                0x20000844        0x4 ./ra/fsp/src/bsp/mcu/all/bsp_sbrk.o
 .bss.SystemCoreClock
                0x20000848        0x4 ./ra/fsp/src/bsp/cmsis/Device/RENESAS/Source/system.o
                0x20000848                SystemCoreClock
 .bss.__sf      0x2000084c      0x138 C:/Work_related/e2_fsp_download_location/toolchains/gcc_arm/13.2.rel1/bin/../lib/gcc/arm-none-eabi/13.2.1/thumb/v8-m.base/nofp\libg_nano.a(libc_a-findfp.o)
                0x2000084c                __sf
 .bss.__stdio_exit_handler
                0x20000984        0x4 C:/Work_related/e2_fsp_download_location/toolchains/gcc_arm/13.2.rel1/bin/../lib/gcc/arm-none-eabi/13.2.1/thumb/v8-m.base/nofp\libg_nano.a(libc_a-findfp.o)
                0x20000984                __stdio_exit_handler
 .bss.errno     0x20000988        0x4 C:/Work_related/e2_fsp_download_location/toolchains/gcc_arm/13.2.rel1/bin/../lib/gcc/arm-none-eabi/13.2.1/thumb/v8-m.base/nofp\libg_nano.a(libc_a-reent.o)
                0x20000988                errno
 .bss.__lock___malloc_recursive_mutex
                0x2000098c        0x1 C:/Work_related/e2_fsp_download_location/toolchains/gcc_arm/13.2.rel1/bin/../lib/gcc/arm-none-eabi/13.2.1/thumb/v8-m.base/nofp\libg_nano.a(libc_a-lock.o)
                0x2000098c                __lock___malloc_recursive_mutex
 .bss.__lock___sfp_recursive_mutex
                0x2000098d        0x1 C:/Work_related/e2_fsp_download_location/toolchains/gcc_arm/13.2.rel1/bin/../lib/gcc/arm-none-eabi/13.2.1/thumb/v8-m.base/nofp\libg_nano.a(libc_a-lock.o)
                0x2000098d                __lock___sfp_recursive_mutex
 *fill*         0x2000098e        0x2 
 .bss.__malloc_sbrk_start
                0x20000990        0x4 C:/Work_related/e2_fsp_download_location/toolchains/gcc_arm/13.2.rel1/bin/../lib/gcc/arm-none-eabi/13.2.1/thumb/v8-m.base/nofp\libg_nano.a(libc_a-mallocr.o)
                0x20000990                __malloc_sbrk_start
 .bss.__malloc_free_list
                0x20000994        0x4 C:/Work_related/e2_fsp_download_location/toolchains/gcc_arm/13.2.rel1/bin/../lib/gcc/arm-none-eabi/13.2.1/thumb/v8-m.base/nofp\libg_nano.a(libc_a-mallocr.o)
                0x20000994                __malloc_free_list
 .bss.monitor_stderr
                0x20000998        0x4 C:/Work_related/e2_fsp_download_location/toolchains/gcc_arm/13.2.rel1/bin/../lib/gcc/arm-none-eabi/13.2.1/thumb/v8-m.base/nofp\librdimon_nano.a(arm_librdimon_a-syscalls.o)
 .bss.monitor_stdout
                0x2000099c        0x4 C:/Work_related/e2_fsp_download_location/toolchains/gcc_arm/13.2.rel1/bin/../lib/gcc/arm-none-eabi/13.2.1/thumb/v8-m.base/nofp\librdimon_nano.a(arm_librdimon_a-syscalls.o)
 .bss.monitor_stdin
                0x200009a0        0x4 C:/Work_related/e2_fsp_download_location/toolchains/gcc_arm/13.2.rel1/bin/../lib/gcc/arm-none-eabi/13.2.1/thumb/v8-m.base/nofp\librdimon_nano.a(arm_librdimon_a-syscalls.o)
 .bss.openfiles
                0x200009a4       0xa0 C:/Work_related/e2_fsp_download_location/toolchains/gcc_arm/13.2.rel1/bin/../lib/gcc/arm-none-eabi/13.2.1/thumb/v8-m.base/nofp\librdimon_nano.a(arm_librdimon_a-syscalls.o)
 *(COMMON)
                0x20000a44                        . = ALIGN (0x4)
                0x20000a44                        __bss_end__ = .

.heap           0x20000a48      0x400
                0x20000a48                        . = ALIGN (0x8)
                0x20000a48                        __HeapBase = .
 *(.heap)
 .heap          0x20000a48      0x400 ./ra/fsp/src/bsp/cmsis/Device/RENESAS/Source/startup.o
                0x20000e48                        __HeapLimit = .

.stack_dummy    0x20000e48      0x400
                0x20000e48                        . = ALIGN (0x8)
                0x20000e48                        __StackLimit = .
 *(.stack)
 .stack         0x20000e48      0x400 ./ra/fsp/src/bsp/cmsis/Device/RENESAS/Source/startup.o
                0x20001248                        __StackTop = .
 *(.stack*)
                0x20001248                        __StackTopAll = .
                0x20001248                        PROVIDE (__stack = __StackTopAll)
                0x20001248                        __RAM_segment_used_end__ = ALIGN (__StackTopAll, 0x4)
                0x20001400                        __tz_RAM_C = DEFINED (RAM_NSC_START)?ABSOLUTE ((RAM_NSC_START - RAM_NS_BUFFER_BLOCK_LENGTH)):__RESERVE_NS_RAM?ABSOLUTE (RAM_NS_BUFFER_BLOCK_START):ALIGN (__RAM_segment_used_end__, 0x400)
                0x20002000                        __tz_RAM_N = DEFINED (RAM_NS_START)?ABSOLUTE ((RAM_NS_START - RAM_NS_BUFFER_BLOCK_LENGTH)):__RESERVE_NS_RAM?ABSOLUTE (RAM_NS_BUFFER_BLOCK_START):ALIGN (__tz_RAM_C, 0x2000)

.ns_buffer      0x20001248        0x0
                0x20001248                        . = __RESERVE_NS_RAM?ABSOLUTE ((RAM_NS_BUFFER_START & 0xffffffe0)):.
 *(.ns_buffer*)

.data_flash     0x40100000        0x0
                0x40100000                        . = ORIGIN (DATA_FLASH)
                0x40100000                        __tz_DATA_FLASH_S = .
                0x40100000                        __Data_Flash_Start = .
 *(.data_flash*)
                0x40100000                        __Data_Flash_End = .
                0x40100000                        __tz_DATA_FLASH_N = DEFINED (DATA_FLASH_NS_START)?ABSOLUTE (DATA_FLASH_NS_START):__RESERVE_NS_RAM?ABSOLUTE ((DATA_FLASH_START + DATA_FLASH_LENGTH)):ALIGN (0x400)
                0x80010000                        __tz_SDRAM_S = ORIGIN (SDRAM)

.sdram          0x80010000        0x0
                0x80010000                        __SDRAM_Start = .
 *(.sdram*)
 *(.frame*)
                0x80010000                        __SDRAM_End = .
                0x80010000                        __tz_SDRAM_N = __SDRAM_End
                0x01010018                        __tz_ID_CODE_S = ORIGIN (ID_CODE)
                0x01010018                        __tz_ID_CODE_N = __tz_ID_CODE_S

.id_code        0x01010018       0x1c
                0x01010018                        __ID_Code_Start = .
 *(.id_code*)
 .id_code       0x01010018       0x1c ./ra/fsp/src/bsp/mcu/all/bsp_rom_registers.o
                0x01010034                        __ID_Code_End = .
                0x00000000                        __tz_OPTION_SETTING_S = ORIGIN (OPTION_SETTING_OFS)

.rel.dyn        0x01010034        0x0
 .rel.iplt      0x01010034        0x0 C:/Work_related/e2_fsp_download_location/toolchains/gcc_arm/13.2.rel1/bin/../lib/gcc/arm-none-eabi/13.2.1/thumb/v8-m.base/nofp/crtbegin.o

.option_setting_ofs
                0x00000000        0x0
                0x00000000                        __OPTION_SETTING_OFS_Start = .
 *(.option_setting_ofs0)
                0x00000000                        . = PROJECT_SECURE_OR_FLAT?(__OPTION_SETTING_OFS_Start + 0x4):__OPTION_SETTING_OFS_Start
 *(.option_setting_ofs2)
                0x00000000                        . = PROJECT_SECURE_OR_FLAT?(__OPTION_SETTING_OFS_Start + 0x10):__OPTION_SETTING_OFS_Start
 *(.option_setting_dualsel)
                0x00000000                        __OPTION_SETTING_OFS_End = .

.option_setting_sas
                0x00000034        0x0
                0x00000034                        __OPTION_SETTING_SAS_Start = .
 *(.option_setting_sas)
                0x00000034                        __OPTION_SETTING_SAS_End = .
                0x00000080                        __tz_OPTION_SETTING_N = ABSOLUTE (OPTION_SETTING_START_NS)

.option_setting_ns
                0x00000000        0x0
                0x00000000                        __OPTION_SETTING_NS_Start = .
 *(.option_setting_ofs1)
                0x00000000                        . = USE_OPTION_SETTING_NS?(__OPTION_SETTING_NS_Start + 0x4):__OPTION_SETTING_NS_Start
 *(.option_setting_ofs3)
                0x00000000                        . = USE_OPTION_SETTING_NS?(__OPTION_SETTING_NS_Start + 0x10):__OPTION_SETTING_NS_Start
 *(.option_setting_banksel)
                0x00000000                        . = USE_OPTION_SETTING_NS?(__OPTION_SETTING_NS_Start + 0x40):__OPTION_SETTING_NS_Start
 *(.option_setting_bps0)
                0x00000000                        . = USE_OPTION_SETTING_NS?(__OPTION_SETTING_NS_Start + 0x44):__OPTION_SETTING_NS_Start
 *(.option_setting_bps1)
                0x00000000                        . = USE_OPTION_SETTING_NS?(__OPTION_SETTING_NS_Start + 0x48):__OPTION_SETTING_NS_Start
 *(.option_setting_bps2)
                0x00000000                        . = USE_OPTION_SETTING_NS?(__OPTION_SETTING_NS_Start + 0x4c):__OPTION_SETTING_NS_Start
 *(.option_setting_bps3)
                0x00000000                        . = USE_OPTION_SETTING_NS?(__OPTION_SETTING_NS_Start + 0x60):__OPTION_SETTING_NS_Start
 *(.option_setting_pbps0)
                0x00000000                        . = USE_OPTION_SETTING_NS?(__OPTION_SETTING_NS_Start + 0x64):__OPTION_SETTING_NS_Start
 *(.option_setting_pbps1)
                0x00000000                        . = USE_OPTION_SETTING_NS?(__OPTION_SETTING_NS_Start + 0x68):__OPTION_SETTING_NS_Start
 *(.option_setting_pbps2)
                0x00000000                        . = USE_OPTION_SETTING_NS?(__OPTION_SETTING_NS_Start + 0x6c):__OPTION_SETTING_NS_Start
 *(.option_setting_pbps3)
                0x00000000                        __OPTION_SETTING_NS_End = .
                0x80000000                        __tz_OPTION_SETTING_S_S = ORIGIN (OPTION_SETTING_S)

.option_setting_s
                0x80000000        0x0
                0x80000000                        __OPTION_SETTING_S_Start = .
 *(.option_setting_ofs1_sec)
                0x80000000                        . = PROJECT_SECURE_OR_FLAT?(__OPTION_SETTING_S_Start + 0x4):__OPTION_SETTING_S_Start
 *(.option_setting_ofs3_sec)
                0x80000000                        . = PROJECT_SECURE_OR_FLAT?(__OPTION_SETTING_S_Start + 0x10):__OPTION_SETTING_S_Start
 *(.option_setting_banksel_sec)
                0x80000000                        . = PROJECT_SECURE_OR_FLAT?(__OPTION_SETTING_S_Start + 0x40):__OPTION_SETTING_S_Start
 *(.option_setting_bps_sec0)
                0x80000000                        . = PROJECT_SECURE_OR_FLAT?(__OPTION_SETTING_S_Start + 0x44):__OPTION_SETTING_S_Start
 *(.option_setting_bps_sec1)
                0x80000000                        . = PROJECT_SECURE_OR_FLAT?(__OPTION_SETTING_S_Start + 0x48):__OPTION_SETTING_S_Start
 *(.option_setting_bps_sec2)
                0x80000000                        . = PROJECT_SECURE_OR_FLAT?(__OPTION_SETTING_S_Start + 0x4c):__OPTION_SETTING_S_Start
 *(.option_setting_bps_sec3)
                0x80000000                        . = PROJECT_SECURE_OR_FLAT?(__OPTION_SETTING_S_Start + 0x60):__OPTION_SETTING_S_Start
 *(.option_setting_pbps_sec0)
                0x80000000                        . = PROJECT_SECURE_OR_FLAT?(__OPTION_SETTING_S_Start + 0x64):__OPTION_SETTING_S_Start
 *(.option_setting_pbps_sec1)
                0x80000000                        . = PROJECT_SECURE_OR_FLAT?(__OPTION_SETTING_S_Start + 0x68):__OPTION_SETTING_S_Start
 *(.option_setting_pbps_sec2)
                0x80000000                        . = PROJECT_SECURE_OR_FLAT?(__OPTION_SETTING_S_Start + 0x6c):__OPTION_SETTING_S_Start
 *(.option_setting_pbps_sec3)
                0x80000000                        . = PROJECT_SECURE_OR_FLAT?(__OPTION_SETTING_S_Start + 0x80):__OPTION_SETTING_S_Start
 *(.option_setting_ofs1_sel)
                0x80000000                        . = PROJECT_SECURE_OR_FLAT?(__OPTION_SETTING_S_Start + 0x84):__OPTION_SETTING_S_Start
 *(.option_setting_ofs3_sel)
                0x80000000                        . = PROJECT_SECURE_OR_FLAT?(__OPTION_SETTING_S_Start + 0x90):__OPTION_SETTING_S_Start
 *(.option_setting_banksel_sel)
                0x80000000                        . = PROJECT_SECURE_OR_FLAT?(__OPTION_SETTING_S_Start + 0xc0):__OPTION_SETTING_S_Start
 *(.option_setting_bps_sel0)
                0x80000000                        . = PROJECT_SECURE_OR_FLAT?(__OPTION_SETTING_S_Start + 0xc4):__OPTION_SETTING_S_Start
 *(.option_setting_bps_sel1)
                0x80000000                        . = PROJECT_SECURE_OR_FLAT?(__OPTION_SETTING_S_Start + 0xc8):__OPTION_SETTING_S_Start
 *(.option_setting_bps_sel2)
                0x80000000                        . = PROJECT_SECURE_OR_FLAT?(__OPTION_SETTING_S_Start + 0xcc):__OPTION_SETTING_S_Start
 *(.option_setting_bps_sel3)
                0x80000000                        __OPTION_SETTING_S_End = .
                0x80000000                        __tz_OPTION_SETTING_S_N = __OPTION_SETTING_S_End
OUTPUT(mmp.elf elf32-littlearm)
LOAD linker stubs

.ARM.attributes
                0x00000000       0x2c
 .ARM.attributes
                0x00000000       0x22 C:/Work_related/e2_fsp_download_location/toolchains/gcc_arm/13.2.rel1/bin/../lib/gcc/arm-none-eabi/13.2.1/thumb/v8-m.base/nofp/crti.o
 .ARM.attributes
                0x00000022       0x30 C:/Work_related/e2_fsp_download_location/toolchains/gcc_arm/13.2.rel1/bin/../lib/gcc/arm-none-eabi/13.2.1/thumb/v8-m.base/nofp/crtbegin.o
 .ARM.attributes
                0x00000052       0x30 ./src/SEGGER_RTT/SEGGER_RTT.o
 .ARM.attributes
                0x00000082       0x30 ./src/SEGGER_RTT/SEGGER_RTT_printf.o
 .ARM.attributes
                0x000000b2       0x30 ./src/adc_thread_entry.o
 .ARM.attributes
                0x000000e2       0x30 ./src/hal_entry.o
 .ARM.attributes
                0x00000112       0x30 ./ra_gen/common_data.o
 .ARM.attributes
                0x00000142       0x30 ./ra_gen/hal_data.o
 .ARM.attributes
                0x00000172       0x30 ./ra_gen/main.o
 .ARM.attributes
                0x000001a2       0x30 ./ra_gen/pin_data.o
 .ARM.attributes
                0x000001d2       0x30 ./ra_gen/vector_data.o
 .ARM.attributes
                0x00000202       0x30 ./ra/fsp/src/r_ioport/r_ioport.o
 .ARM.attributes
                0x00000232       0x30 ./ra/fsp/src/r_adc/r_adc.o
 .ARM.attributes
                0x00000262       0x30 ./ra/fsp/src/bsp/mcu/all/bsp_clocks.o
 .ARM.attributes
                0x00000292       0x30 ./ra/fsp/src/bsp/mcu/all/bsp_common.o
 .ARM.attributes
                0x000002c2       0x30 ./ra/fsp/src/bsp/mcu/all/bsp_delay.o
 .ARM.attributes
                0x000002f2       0x30 ./ra/fsp/src/bsp/mcu/all/bsp_group_irq.o
 .ARM.attributes
                0x00000322       0x30 ./ra/fsp/src/bsp/mcu/all/bsp_io.o
 .ARM.attributes
                0x00000352       0x30 ./ra/fsp/src/bsp/mcu/all/bsp_irq.o
 .ARM.attributes
                0x00000382       0x30 ./ra/fsp/src/bsp/mcu/all/bsp_register_protection.o
 .ARM.attributes
                0x000003b2       0x30 ./ra/fsp/src/bsp/mcu/all/bsp_rom_registers.o
 .ARM.attributes
                0x000003e2       0x30 ./ra/fsp/src/bsp/mcu/all/bsp_sbrk.o
 .ARM.attributes
                0x00000412       0x30 ./ra/fsp/src/bsp/cmsis/Device/RENESAS/Source/startup.o
 .ARM.attributes
                0x00000442       0x30 ./ra/fsp/src/bsp/cmsis/Device/RENESAS/Source/system.o
 .ARM.attributes
                0x00000472       0x30 ./ra/board/ra2a1_ek/board_init.o
 .ARM.attributes
                0x000004a2       0x22 C:/Work_related/e2_fsp_download_location/toolchains/gcc_arm/13.2.rel1/bin/../lib/gcc/arm-none-eabi/13.2.1/thumb/v8-m.base/nofp\libgcc.a(_clzsi2.o)
 .ARM.attributes
                0x000004c4       0x30 C:/Work_related/e2_fsp_download_location/toolchains/gcc_arm/13.2.rel1/bin/../lib/gcc/arm-none-eabi/13.2.1/thumb/v8-m.base/nofp\libgcc.a(_muldi3.o)
 .ARM.attributes
                0x000004f4       0x30 C:/Work_related/e2_fsp_download_location/toolchains/gcc_arm/13.2.rel1/bin/../lib/gcc/arm-none-eabi/13.2.1/thumb/v8-m.base/nofp\libgcc.a(floatunsisf.o)
 .ARM.attributes
                0x00000524       0x30 C:/Work_related/e2_fsp_download_location/toolchains/gcc_arm/13.2.rel1/bin/../lib/gcc/arm-none-eabi/13.2.1/thumb/v8-m.base/nofp\libgcc.a(extendsfdf2.o)
 .ARM.attributes
                0x00000554       0x30 C:/Work_related/e2_fsp_download_location/toolchains/gcc_arm/13.2.rel1/bin/../lib/gcc/arm-none-eabi/13.2.1/thumb/v8-m.base/nofp\libg_nano.a(libc_a-nano-vfprintf_float.o)
 .ARM.attributes
                0x00000584       0x30 C:/Work_related/e2_fsp_download_location/toolchains/gcc_arm/13.2.rel1/bin/../lib/gcc/arm-none-eabi/13.2.1/thumb/v8-m.base/nofp\libg_nano.a(libc_a-nano-vfprintf_i.o)
 .ARM.attributes
                0x000005b4       0x30 C:/Work_related/e2_fsp_download_location/toolchains/gcc_arm/13.2.rel1/bin/../lib/gcc/arm-none-eabi/13.2.1/thumb/v8-m.base/nofp\libg_nano.a(libc_a-findfp.o)
 .ARM.attributes
                0x000005e4       0x30 C:/Work_related/e2_fsp_download_location/toolchains/gcc_arm/13.2.rel1/bin/../lib/gcc/arm-none-eabi/13.2.1/thumb/v8-m.base/nofp\libg_nano.a(libc_a-fwalk.o)
 .ARM.attributes
                0x00000614       0x30 C:/Work_related/e2_fsp_download_location/toolchains/gcc_arm/13.2.rel1/bin/../lib/gcc/arm-none-eabi/13.2.1/thumb/v8-m.base/nofp\libg_nano.a(libc_a-snprintf.o)
 .ARM.attributes
                0x00000644       0x30 C:/Work_related/e2_fsp_download_location/toolchains/gcc_arm/13.2.rel1/bin/../lib/gcc/arm-none-eabi/13.2.1/thumb/v8-m.base/nofp\libg_nano.a(libc_a-stdio.o)
 .ARM.attributes
                0x00000674       0x30 C:/Work_related/e2_fsp_download_location/toolchains/gcc_arm/13.2.rel1/bin/../lib/gcc/arm-none-eabi/13.2.1/thumb/v8-m.base/nofp\libg_nano.a(libc_a-memset.o)
 .ARM.attributes
                0x000006a4       0x30 C:/Work_related/e2_fsp_download_location/toolchains/gcc_arm/13.2.rel1/bin/../lib/gcc/arm-none-eabi/13.2.1/thumb/v8-m.base/nofp\libg_nano.a(libc_a-localeconv.o)
 .ARM.attributes
                0x000006d4       0x30 C:/Work_related/e2_fsp_download_location/toolchains/gcc_arm/13.2.rel1/bin/../lib/gcc/arm-none-eabi/13.2.1/thumb/v8-m.base/nofp\libg_nano.a(libc_a-closer.o)
 .ARM.attributes
                0x00000704       0x30 C:/Work_related/e2_fsp_download_location/toolchains/gcc_arm/13.2.rel1/bin/../lib/gcc/arm-none-eabi/13.2.1/thumb/v8-m.base/nofp\libg_nano.a(libc_a-reent.o)
 .ARM.attributes
                0x00000734       0x30 C:/Work_related/e2_fsp_download_location/toolchains/gcc_arm/13.2.rel1/bin/../lib/gcc/arm-none-eabi/13.2.1/thumb/v8-m.base/nofp\libg_nano.a(libc_a-impure.o)
 .ARM.attributes
                0x00000764       0x30 C:/Work_related/e2_fsp_download_location/toolchains/gcc_arm/13.2.rel1/bin/../lib/gcc/arm-none-eabi/13.2.1/thumb/v8-m.base/nofp\libg_nano.a(libc_a-lseekr.o)
 .ARM.attributes
                0x00000794       0x30 C:/Work_related/e2_fsp_download_location/toolchains/gcc_arm/13.2.rel1/bin/../lib/gcc/arm-none-eabi/13.2.1/thumb/v8-m.base/nofp\libg_nano.a(libc_a-readr.o)
 .ARM.attributes
                0x000007c4       0x30 C:/Work_related/e2_fsp_download_location/toolchains/gcc_arm/13.2.rel1/bin/../lib/gcc/arm-none-eabi/13.2.1/thumb/v8-m.base/nofp\libg_nano.a(libc_a-writer.o)
 .ARM.attributes
                0x000007f4       0x30 C:/Work_related/e2_fsp_download_location/toolchains/gcc_arm/13.2.rel1/bin/../lib/gcc/arm-none-eabi/13.2.1/thumb/v8-m.base/nofp\libg_nano.a(libc_a-errno.o)
 .ARM.attributes
                0x00000824       0x30 C:/Work_related/e2_fsp_download_location/toolchains/gcc_arm/13.2.rel1/bin/../lib/gcc/arm-none-eabi/13.2.1/thumb/v8-m.base/nofp\libg_nano.a(libc_a-lock.o)
 .ARM.attributes